interactions:
- request:
    body: null
    headers:
      Accept:
      - application/json
      Accept-Encoding:
      - gzip, deflate
      CommandName:
      - postgres flexible-server create
      Connection:
      - keep-alive
      ParameterSetName:
      - -g -n --tier --location --version --public-access --yes
      User-Agent:
      - AZURECLI/2.82.0 azsdk-python-core/1.37.0 Python/3.13.10 (Windows-11-10.0.26200-SP0)
    method: HEAD
    uri: https://management.azure.com/subscriptions/00000000-0000-0000-0000-000000000000/resourcegroups/clitest.rg000001?api-version=2024-11-01
  response:
    body:
      string: ''
    headers:
      cache-control:
      - no-cache
      content-length:
      - '0'
      date:
      - Mon, 12 Jan 2026 18:25:53 GMT
      expires:
      - '-1'
      pragma:
      - no-cache
      strict-transport-security:
      - max-age=31536000; includeSubDomains
      x-cache:
      - CONFIG_NOCACHE
      x-content-type-options:
      - nosniff
      x-ms-ratelimit-remaining-subscription-global-reads:
      - '16499'
      x-msedge-ref:
      - 'Ref A: 4034B21298D14CE2A41EEC44D246F9CD Ref B: MNZ221060609051 Ref C: 2026-01-12T18:25:53Z'
    status:
      code: 204
      message: No Content
- request:
    body: null
    headers:
      Accept:
      - application/json
      Accept-Encoding:
      - gzip, deflate
      CommandName:
      - postgres flexible-server create
      Connection:
      - keep-alive
      ParameterSetName:
      - -g -n --tier --location --version --public-access --yes
      User-Agent:
      - AZURECLI/2.82.0 azsdk-python-core/1.37.0 Python/3.13.10 (Windows-11-10.0.26200-SP0)
    method: GET
    uri: https://management.azure.com/subscriptions/00000000-0000-0000-0000-000000000000/resourcegroups/clitest.rg000001?api-version=2024-11-01
  response:
    body:
      string: '{"id":"/subscriptions/00000000-0000-0000-0000-000000000000/resourceGroups/clitest.rg000001","name":"clitest.rg000001","type":"Microsoft.Resources/resourceGroups","location":"canadacentral","tags":{"product":"azurecli","cause":"automation","test":"test_postgres_flexible_server_upgrade_mgmt","date":"2026-01-12T18:25:52Z","module":"postgresql"},"properties":{"provisioningState":"Succeeded"}}'
    headers:
      cache-control:
      - no-cache
      content-length:
      - '391'
      content-type:
      - application/json; charset=utf-8
      date:
      - Mon, 12 Jan 2026 18:25:53 GMT
      expires:
      - '-1'
      pragma:
      - no-cache
      strict-transport-security:
      - max-age=31536000; includeSubDomains
      x-cache:
      - CONFIG_NOCACHE
      x-content-type-options:
      - nosniff
      x-ms-ratelimit-remaining-subscription-global-reads:
      - '16499'
      x-msedge-ref:
      - 'Ref A: A774E3B72AE544B980472166E0E53B34 Ref B: MNZ221060609047 Ref C: 2026-01-12T18:25:54Z'
    status:
      code: 200
      message: OK
- request:
    body: null
    headers:
      Accept:
      - application/json
      Accept-Encoding:
      - gzip, deflate
      CommandName:
      - postgres flexible-server create
      Connection:
      - keep-alive
      ParameterSetName:
      - -g -n --tier --location --version --public-access --yes
      User-Agent:
      - AZURECLI/2.82.0 azsdk-python-core/1.37.0 Python/3.13.10 (Windows-11-10.0.26200-SP0)
    method: GET
    uri: https://management.azure.com/subscriptions/00000000-0000-0000-0000-000000000000/providers/Microsoft.DBforPostgreSQL/locations/canadacentral/capabilities?api-version=2025-08-01
  response:
    body:
      string: '{"value":[{"name":"FlexibleServerCapabilities","supportedServerEditions":[{"supportedServerSkus":[{"supportedFeatures":[],"name":"Standard_B1ms","vCores":1,"supportedIops":640,"supportedMemoryPerVcoreMb":2048,"supportedZones":["1","2","3"],"supportedHaMode":["SameZone","ZoneRedundant"]},{"supportedFeatures":[],"name":"Standard_B2s","vCores":2,"supportedIops":1280,"supportedMemoryPerVcoreMb":2048,"supportedZones":["1","2","3"],"supportedHaMode":["SameZone","ZoneRedundant"]},{"supportedFeatures":[],"name":"Standard_B2ms","vCores":2,"supportedIops":1920,"supportedMemoryPerVcoreMb":4096,"supportedZones":["1","2","3"],"supportedHaMode":["SameZone","ZoneRedundant"]},{"supportedFeatures":[],"name":"Standard_B4ms","vCores":4,"supportedIops":2880,"supportedMemoryPerVcoreMb":4096,"supportedZones":["1","2","3"],"supportedHaMode":["SameZone","ZoneRedundant"]},{"supportedFeatures":[],"name":"Standard_B8ms","vCores":8,"supportedIops":4320,"supportedMemoryPerVcoreMb":4096,"supportedZones":["1","2","3"],"supportedHaMode":["SameZone","ZoneRedundant"]},{"supportedFeatures":[],"name":"Standard_B12ms","vCores":12,"supportedIops":4320,"supportedMemoryPerVcoreMb":4096,"supportedZones":["1","2","3"],"supportedHaMode":["SameZone","ZoneRedundant"]},{"supportedFeatures":[],"name":"Standard_B16ms","vCores":16,"supportedIops":4320,"supportedMemoryPerVcoreMb":4096,"supportedZones":["1","2","3"],"supportedHaMode":["SameZone","ZoneRedundant"]},{"supportedFeatures":[],"name":"Standard_B20ms","vCores":20,"supportedIops":4320,"supportedMemoryPerVcoreMb":4096,"supportedZones":["1","2","3"],"supportedHaMode":["SameZone","ZoneRedundant"]}],"name":"Burstable","defaultSkuName":"Standard_B2s","supportedStorageEditions":[{"name":"ManagedDisk","defaultStorageSizeMb":32768,"supportedStorageMb":[{"supportedIops":120,"storageSizeMb":32768,"defaultIopsTier":"P4","supportedIopsTiers":[{"name":"P4","iops":120},{"name":"P6","iops":240},{"name":"P10","iops":500},{"name":"P15","iops":1100},{"name":"P20","iops":2300},{"name":"P30","iops":5000},{"name":"P40","iops":7500},{"name":"P50","iops":7500}]},{"supportedIops":240,"storageSizeMb":65536,"defaultIopsTier":"P6","supportedIopsTiers":[{"name":"P6","iops":240},{"name":"P10","iops":500},{"name":"P15","iops":1100},{"name":"P20","iops":2300},{"name":"P30","iops":5000},{"name":"P40","iops":7500},{"name":"P50","iops":7500}]},{"supportedIops":500,"storageSizeMb":131072,"defaultIopsTier":"P10","supportedIopsTiers":[{"name":"P10","iops":500},{"name":"P15","iops":1100},{"name":"P20","iops":2300},{"name":"P30","iops":5000},{"name":"P40","iops":7500},{"name":"P50","iops":7500}]},{"supportedIops":1100,"storageSizeMb":262144,"defaultIopsTier":"P15","supportedIopsTiers":[{"name":"P15","iops":1100},{"name":"P20","iops":2300},{"name":"P30","iops":5000},{"name":"P40","iops":7500},{"name":"P50","iops":7500}]},{"supportedIops":2300,"storageSizeMb":524288,"defaultIopsTier":"P20","supportedIopsTiers":[{"name":"P20","iops":2300},{"name":"P30","iops":5000},{"name":"P40","iops":7500},{"name":"P50","iops":7500}]},{"supportedIops":5000,"storageSizeMb":1048576,"defaultIopsTier":"P30","supportedIopsTiers":[{"name":"P30","iops":5000},{"name":"P40","iops":7500},{"name":"P50","iops":7500}]},{"supportedIops":7500,"storageSizeMb":2097152,"defaultIopsTier":"P40","supportedIopsTiers":[{"name":"P40","iops":7500},{"name":"P50","iops":7500}]},{"supportedIops":7500,"storageSizeMb":4193280,"defaultIopsTier":"P50","supportedIopsTiers":[{"name":"P50","iops":7500}]},{"supportedIops":7500,"storageSizeMb":4194304,"defaultIopsTier":"P50","supportedIopsTiers":[{"name":"P50","iops":7500}]},{"supportedIops":16000,"storageSizeMb":8388608,"defaultIopsTier":"P60","supportedIopsTiers":[{"name":"P60","iops":16000},{"name":"P70","iops":18000},{"name":"P80","iops":20000}]},{"supportedIops":18000,"storageSizeMb":16777216,"defaultIopsTier":"P70","supportedIopsTiers":[{"name":"P70","iops":18000},{"name":"P80","iops":20000}]},{"supportedIops":20000,"storageSizeMb":33553408,"defaultIopsTier":"P80","supportedIopsTiers":[{"name":"P80","iops":20000}]}]},{"name":"ManagedDiskV2","defaultStorageSizeMb":32768,"supportedStorageMb":[{"supportedIops":3000,"supportedMaximumIops":80000,"storageSizeMb":32768,"maximumStorageSizeMb":67108864,"supportedThroughput":125,"supportedMaximumThroughput":1200,"defaultIopsTier":"None","supportedIopsTiers":[{"name":"None","iops":0}]}]}]},{"supportedServerSkus":[{"supportedFeatures":[],"name":"Standard_D2s_v3","vCores":2,"supportedIops":3200,"supportedMemoryPerVcoreMb":4096,"supportedZones":["1","2","3"],"supportedHaMode":["SameZone","ZoneRedundant"]},{"supportedFeatures":[],"name":"Standard_D4s_v3","vCores":4,"supportedIops":6400,"supportedMemoryPerVcoreMb":4096,"supportedZones":["1","2","3"],"supportedHaMode":["SameZone","ZoneRedundant"]},{"supportedFeatures":[],"name":"Standard_D8s_v3","vCores":8,"supportedIops":12800,"supportedMemoryPerVcoreMb":4096,"supportedZones":["1","2","3"],"supportedHaMode":["SameZone","ZoneRedundant"]},{"supportedFeatures":[],"name":"Standard_D16s_v3","vCores":16,"supportedIops":25600,"supportedMemoryPerVcoreMb":4096,"supportedZones":["1","2","3"],"supportedHaMode":["SameZone","ZoneRedundant"]},{"supportedFeatures":[],"name":"Standard_D32s_v3","vCores":32,"supportedIops":51200,"supportedMemoryPerVcoreMb":4096,"supportedZones":["1","2","3"],"supportedHaMode":["SameZone","ZoneRedundant"]},{"supportedFeatures":[],"name":"Standard_D48s_v3","vCores":48,"supportedIops":76800,"supportedMemoryPerVcoreMb":4096,"supportedZones":["1","2","3"],"supportedHaMode":["SameZone","ZoneRedundant"]},{"supportedFeatures":[],"name":"Standard_D64s_v3","vCores":64,"supportedIops":80000,"supportedMemoryPerVcoreMb":4096,"supportedZones":["1","2","3"],"supportedHaMode":["SameZone","ZoneRedundant"]},{"supportedFeatures":[],"name":"Standard_D2ds_v4","vCores":2,"supportedIops":3200,"supportedMemoryPerVcoreMb":4096,"supportedZones":["1","2","3"],"supportedHaMode":["SameZone","ZoneRedundant"]},{"supportedFeatures":[],"name":"Standard_D4ds_v4","vCores":4,"supportedIops":6400,"supportedMemoryPerVcoreMb":4096,"supportedZones":["1","2","3"],"supportedHaMode":["SameZone","ZoneRedundant"]},{"supportedFeatures":[],"name":"Standard_D8ds_v4","vCores":8,"supportedIops":12800,"supportedMemoryPerVcoreMb":4096,"supportedZones":["1","2","3"],"supportedHaMode":["SameZone","ZoneRedundant"]},{"supportedFeatures":[],"name":"Standard_D16ds_v4","vCores":16,"supportedIops":25600,"supportedMemoryPerVcoreMb":4096,"supportedZones":["1","2","3"],"supportedHaMode":["SameZone","ZoneRedundant"]},{"supportedFeatures":[],"name":"Standard_D32ds_v4","vCores":32,"supportedIops":51200,"supportedMemoryPerVcoreMb":4096,"supportedZones":["1","2","3"],"supportedHaMode":["SameZone","ZoneRedundant"]},{"supportedFeatures":[],"name":"Standard_D48ds_v4","vCores":48,"supportedIops":76800,"supportedMemoryPerVcoreMb":4096,"supportedZones":["1","2","3"],"supportedHaMode":["SameZone","ZoneRedundant"]},{"supportedFeatures":[],"name":"Standard_D64ds_v4","vCores":64,"supportedIops":80000,"supportedMemoryPerVcoreMb":4096,"supportedZones":["1","2","3"],"supportedHaMode":["SameZone","ZoneRedundant"]},{"supportedFeatures":[],"name":"Standard_D2ads_v5","vCores":2,"supportedIops":3200,"supportedMemoryPerVcoreMb":4096,"supportedZones":["1","2","3"],"supportedHaMode":["SameZone","ZoneRedundant"]},{"supportedFeatures":[],"name":"Standard_D4ads_v5","vCores":4,"supportedIops":6400,"supportedMemoryPerVcoreMb":4096,"supportedZones":["1","2","3"],"supportedHaMode":["SameZone","ZoneRedundant"]},{"supportedFeatures":[],"name":"Standard_D8ads_v5","vCores":8,"supportedIops":12800,"supportedMemoryPerVcoreMb":4096,"supportedZones":["1","2","3"],"supportedHaMode":["SameZone","ZoneRedundant"]},{"supportedFeatures":[],"name":"Standard_D16ads_v5","vCores":16,"supportedIops":25600,"supportedMemoryPerVcoreMb":4096,"supportedZones":["1","2","3"],"supportedHaMode":["SameZone","ZoneRedundant"]},{"supportedFeatures":[],"name":"Standard_D32ads_v5","vCores":32,"supportedIops":51200,"supportedMemoryPerVcoreMb":4096,"supportedZones":["1","2","3"],"supportedHaMode":["SameZone","ZoneRedundant"]},{"supportedFeatures":[],"name":"Standard_D48ads_v5","vCores":48,"supportedIops":76800,"supportedMemoryPerVcoreMb":4096,"supportedZones":["1","2","3"],"supportedHaMode":["SameZone","ZoneRedundant"]},{"supportedFeatures":[],"name":"Standard_D64ads_v5","vCores":64,"supportedIops":80000,"supportedMemoryPerVcoreMb":4096,"supportedZones":["1","2","3"],"supportedHaMode":["SameZone","ZoneRedundant"]},{"supportedFeatures":[],"name":"Standard_D96ads_v5","vCores":96,"supportedIops":80000,"supportedMemoryPerVcoreMb":4096,"supportedZones":["1","2","3"],"supportedHaMode":["SameZone","ZoneRedundant"]},{"supportedFeatures":[],"name":"Standard_D2ds_v5","vCores":2,"supportedIops":3750,"supportedMemoryPerVcoreMb":4096,"supportedZones":["1","2","3"],"supportedHaMode":["SameZone","ZoneRedundant"]},{"supportedFeatures":[],"name":"Standard_D4ds_v5","vCores":4,"supportedIops":6400,"supportedMemoryPerVcoreMb":4096,"supportedZones":["1","2","3"],"supportedHaMode":["SameZone","ZoneRedundant"]},{"supportedFeatures":[],"name":"Standard_D8ds_v5","vCores":8,"supportedIops":12800,"supportedMemoryPerVcoreMb":4096,"supportedZones":["1","2","3"],"supportedHaMode":["SameZone","ZoneRedundant"]},{"supportedFeatures":[],"name":"Standard_D16ds_v5","vCores":16,"supportedIops":25600,"supportedMemoryPerVcoreMb":4096,"supportedZones":["1","2","3"],"supportedHaMode":["SameZone","ZoneRedundant"]},{"supportedFeatures":[],"name":"Standard_D32ds_v5","vCores":32,"supportedIops":51200,"supportedMemoryPerVcoreMb":4096,"supportedZones":["1","2","3"],"supportedHaMode":["SameZone","ZoneRedundant"]},{"supportedFeatures":[],"name":"Standard_D48ds_v5","vCores":48,"supportedIops":76800,"supportedMemoryPerVcoreMb":4096,"supportedZones":["1","2","3"],"supportedHaMode":["SameZone","ZoneRedundant"]},{"supportedFeatures":[],"name":"Standard_D64ds_v5","vCores":64,"supportedIops":80000,"supportedMemoryPerVcoreMb":4096,"supportedZones":["1","2","3"],"supportedHaMode":["SameZone","ZoneRedundant"]},{"supportedFeatures":[],"name":"Standard_D96ds_v5","vCores":96,"supportedIops":80000,"supportedMemoryPerVcoreMb":4096,"supportedZones":["1","2","3"],"supportedHaMode":["SameZone","ZoneRedundant"]}],"name":"GeneralPurpose","defaultSkuName":"Standard_D4ads_v5","supportedStorageEditions":[{"name":"ManagedDisk","defaultStorageSizeMb":65536,"supportedStorageMb":[{"supportedIops":120,"storageSizeMb":32768,"defaultIopsTier":"P4","supportedIopsTiers":[{"name":"P4","iops":120},{"name":"P6","iops":240},{"name":"P10","iops":500},{"name":"P15","iops":1100},{"name":"P20","iops":2300},{"name":"P30","iops":5000},{"name":"P40","iops":7500},{"name":"P50","iops":7500}]},{"supportedIops":240,"storageSizeMb":65536,"defaultIopsTier":"P6","supportedIopsTiers":[{"name":"P6","iops":240},{"name":"P10","iops":500},{"name":"P15","iops":1100},{"name":"P20","iops":2300},{"name":"P30","iops":5000},{"name":"P40","iops":7500},{"name":"P50","iops":7500}]},{"supportedIops":500,"storageSizeMb":131072,"defaultIopsTier":"P10","supportedIopsTiers":[{"name":"P10","iops":500},{"name":"P15","iops":1100},{"name":"P20","iops":2300},{"name":"P30","iops":5000},{"name":"P40","iops":7500},{"name":"P50","iops":7500}]},{"supportedIops":1100,"storageSizeMb":262144,"defaultIopsTier":"P15","supportedIopsTiers":[{"name":"P15","iops":1100},{"name":"P20","iops":2300},{"name":"P30","iops":5000},{"name":"P40","iops":7500},{"name":"P50","iops":7500}]},{"supportedIops":2300,"storageSizeMb":524288,"defaultIopsTier":"P20","supportedIopsTiers":[{"name":"P20","iops":2300},{"name":"P30","iops":5000},{"name":"P40","iops":7500},{"name":"P50","iops":7500}]},{"supportedIops":5000,"storageSizeMb":1048576,"defaultIopsTier":"P30","supportedIopsTiers":[{"name":"P30","iops":5000},{"name":"P40","iops":7500},{"name":"P50","iops":7500}]},{"supportedIops":7500,"storageSizeMb":2097152,"defaultIopsTier":"P40","supportedIopsTiers":[{"name":"P40","iops":7500},{"name":"P50","iops":7500}]},{"supportedIops":7500,"storageSizeMb":4193280,"defaultIopsTier":"P50","supportedIopsTiers":[{"name":"P50","iops":7500}]},{"supportedIops":7500,"storageSizeMb":4194304,"defaultIopsTier":"P50","supportedIopsTiers":[{"name":"P50","iops":7500}]},{"supportedIops":16000,"storageSizeMb":8388608,"defaultIopsTier":"P60","supportedIopsTiers":[{"name":"P60","iops":16000},{"name":"P70","iops":18000},{"name":"P80","iops":20000}]},{"supportedIops":18000,"storageSizeMb":16777216,"defaultIopsTier":"P70","supportedIopsTiers":[{"name":"P70","iops":18000},{"name":"P80","iops":20000}]},{"supportedIops":20000,"storageSizeMb":33553408,"defaultIopsTier":"P80","supportedIopsTiers":[{"name":"P80","iops":20000}]}]},{"name":"ManagedDiskV2","defaultStorageSizeMb":65536,"supportedStorageMb":[{"supportedIops":3000,"supportedMaximumIops":80000,"storageSizeMb":32768,"maximumStorageSizeMb":67108864,"supportedThroughput":125,"supportedMaximumThroughput":1200,"defaultIopsTier":"None","supportedIopsTiers":[{"name":"None","iops":0}]}]},{"name":"UltraDisk","defaultStorageSizeMb":65536,"supportedStorageMb":[],"reason":"Specified
        Storage Edition not supported in this region."}]},{"supportedServerSkus":[{"supportedFeatures":[],"name":"Standard_E2s_v3","vCores":2,"supportedIops":3200,"supportedMemoryPerVcoreMb":8192,"supportedZones":["1","2","3"],"supportedHaMode":["SameZone","ZoneRedundant"]},{"supportedFeatures":[],"name":"Standard_E4s_v3","vCores":4,"supportedIops":6400,"supportedMemoryPerVcoreMb":8192,"supportedZones":["1","2","3"],"supportedHaMode":["SameZone","ZoneRedundant"]},{"supportedFeatures":[],"name":"Standard_E8s_v3","vCores":8,"supportedIops":12800,"supportedMemoryPerVcoreMb":8192,"supportedZones":["1","2","3"],"supportedHaMode":["SameZone","ZoneRedundant"]},{"supportedFeatures":[],"name":"Standard_E16s_v3","vCores":16,"supportedIops":25600,"supportedMemoryPerVcoreMb":8192,"supportedZones":["1","2","3"],"supportedHaMode":["SameZone","ZoneRedundant"]},{"supportedFeatures":[],"name":"Standard_E32s_v3","vCores":32,"supportedIops":32000,"supportedMemoryPerVcoreMb":8192,"supportedZones":["1","2","3"],"supportedHaMode":["SameZone","ZoneRedundant"]},{"supportedFeatures":[],"name":"Standard_E48s_v3","vCores":48,"supportedIops":51200,"supportedMemoryPerVcoreMb":8192,"supportedZones":["1","2","3"],"supportedHaMode":["SameZone","ZoneRedundant"]},{"supportedFeatures":[],"name":"Standard_E64s_v3","vCores":64,"supportedIops":76800,"supportedMemoryPerVcoreMb":6912,"supportedZones":["1","2","3"],"supportedHaMode":["SameZone","ZoneRedundant"]},{"supportedFeatures":[],"name":"Standard_E2ds_v4","vCores":2,"supportedIops":3200,"supportedMemoryPerVcoreMb":8192,"supportedZones":["1","2","3"],"supportedHaMode":["SameZone","ZoneRedundant"]},{"supportedFeatures":[],"name":"Standard_E4ds_v4","vCores":4,"supportedIops":6400,"supportedMemoryPerVcoreMb":8192,"supportedZones":["1","2","3"],"supportedHaMode":["SameZone","ZoneRedundant"]},{"supportedFeatures":[],"name":"Standard_E8ds_v4","vCores":8,"supportedIops":12800,"supportedMemoryPerVcoreMb":8192,"supportedZones":["1","2","3"],"supportedHaMode":["SameZone","ZoneRedundant"]},{"supportedFeatures":[],"name":"Standard_E16ds_v4","vCores":16,"supportedIops":25600,"supportedMemoryPerVcoreMb":8192,"supportedZones":["1","2","3"],"supportedHaMode":["SameZone","ZoneRedundant"]},{"supportedFeatures":[],"name":"Standard_E20ds_v4","vCores":20,"supportedIops":32000,"supportedMemoryPerVcoreMb":8192,"supportedZones":["1","2","3"],"supportedHaMode":["SameZone","ZoneRedundant"]},{"supportedFeatures":[],"name":"Standard_E32ds_v4","vCores":32,"supportedIops":51200,"supportedMemoryPerVcoreMb":8192,"supportedZones":["1","2","3"],"supportedHaMode":["SameZone","ZoneRedundant"]},{"supportedFeatures":[],"name":"Standard_E48ds_v4","vCores":48,"supportedIops":76800,"supportedMemoryPerVcoreMb":8192,"supportedZones":["1","2","3"],"supportedHaMode":["SameZone","ZoneRedundant"]},{"supportedFeatures":[],"name":"Standard_E64ds_v4","vCores":64,"supportedIops":80000,"supportedMemoryPerVcoreMb":6912,"supportedZones":["1","2","3"],"supportedHaMode":["SameZone","ZoneRedundant"]},{"supportedFeatures":[],"name":"Standard_E2ads_v5","vCores":2,"supportedIops":3750,"supportedMemoryPerVcoreMb":8192,"supportedZones":["1","2","3"],"supportedHaMode":["SameZone","ZoneRedundant"]},{"supportedFeatures":[],"name":"Standard_E4ads_v5","vCores":4,"supportedIops":6400,"supportedMemoryPerVcoreMb":8192,"supportedZones":["1","2","3"],"supportedHaMode":["SameZone","ZoneRedundant"]},{"supportedFeatures":[],"name":"Standard_E8ads_v5","vCores":8,"supportedIops":12800,"supportedMemoryPerVcoreMb":8192,"supportedZones":["1","2","3"],"supportedHaMode":["SameZone","ZoneRedundant"]},{"supportedFeatures":[],"name":"Standard_E16ads_v5","vCores":16,"supportedIops":25600,"supportedMemoryPerVcoreMb":8192,"supportedZones":["1","2","3"],"supportedHaMode":["SameZone","ZoneRedundant"]},{"supportedFeatures":[],"name":"Standard_E20ads_v5","vCores":20,"supportedIops":32000,"supportedMemoryPerVcoreMb":8192,"supportedZones":["1","2","3"],"supportedHaMode":["SameZone","ZoneRedundant"]},{"supportedFeatures":[],"name":"Standard_E32ads_v5","vCores":32,"supportedIops":51200,"supportedMemoryPerVcoreMb":8192,"supportedZones":["1","2","3"],"supportedHaMode":["SameZone","ZoneRedundant"]},{"supportedFeatures":[],"name":"Standard_E48ads_v5","vCores":48,"supportedIops":76800,"supportedMemoryPerVcoreMb":8192,"supportedZones":["1","2","3"],"supportedHaMode":["SameZone","ZoneRedundant"]},{"supportedFeatures":[],"name":"Standard_E64ads_v5","vCores":64,"supportedIops":80000,"supportedMemoryPerVcoreMb":8192,"supportedZones":["1","2","3"],"supportedHaMode":["SameZone","ZoneRedundant"]},{"supportedFeatures":[],"name":"Standard_E96ads_v5","vCores":96,"supportedIops":80000,"supportedMemoryPerVcoreMb":7168,"supportedZones":["1","2","3"],"supportedHaMode":["SameZone","ZoneRedundant"]},{"supportedFeatures":[],"name":"Standard_E2ds_v5","vCores":2,"supportedIops":3750,"supportedMemoryPerVcoreMb":8192,"supportedZones":["1","2","3"],"supportedHaMode":["SameZone","ZoneRedundant"]},{"supportedFeatures":[],"name":"Standard_E4ds_v5","vCores":4,"supportedIops":6400,"supportedMemoryPerVcoreMb":8192,"supportedZones":["1","2","3"],"supportedHaMode":["SameZone","ZoneRedundant"]},{"supportedFeatures":[],"name":"Standard_E8ds_v5","vCores":8,"supportedIops":12800,"supportedMemoryPerVcoreMb":8192,"supportedZones":["1","2","3"],"supportedHaMode":["SameZone","ZoneRedundant"]},{"supportedFeatures":[],"name":"Standard_E16ds_v5","vCores":16,"supportedIops":25600,"supportedMemoryPerVcoreMb":8192,"supportedZones":["1","2","3"],"supportedHaMode":["SameZone","ZoneRedundant"]},{"supportedFeatures":[],"name":"Standard_E20ds_v5","vCores":20,"supportedIops":32000,"supportedMemoryPerVcoreMb":8192,"supportedZones":["1","2","3"],"supportedHaMode":["SameZone","ZoneRedundant"]},{"supportedFeatures":[],"name":"Standard_E32ds_v5","vCores":32,"supportedIops":51200,"supportedMemoryPerVcoreMb":8192,"supportedZones":["1","2","3"],"supportedHaMode":["SameZone","ZoneRedundant"]},{"supportedFeatures":[],"name":"Standard_E48ds_v5","vCores":48,"supportedIops":76800,"supportedMemoryPerVcoreMb":8192,"supportedZones":["1","2","3"],"supportedHaMode":["SameZone","ZoneRedundant"]},{"supportedFeatures":[],"name":"Standard_E64ds_v5","vCores":64,"supportedIops":80000,"supportedMemoryPerVcoreMb":8192,"supportedZones":["1","2","3"],"supportedHaMode":["SameZone","ZoneRedundant"]},{"supportedFeatures":[],"name":"Standard_E96ds_v5","vCores":96,"supportedIops":80000,"supportedMemoryPerVcoreMb":7168,"supportedZones":["1","2","3"],"supportedHaMode":["SameZone","ZoneRedundant"]}],"name":"MemoryOptimized","defaultSkuName":"Standard_E4ads_v5","supportedStorageEditions":[{"name":"ManagedDisk","defaultStorageSizeMb":131072,"supportedStorageMb":[{"supportedIops":120,"storageSizeMb":32768,"defaultIopsTier":"P4","supportedIopsTiers":[{"name":"P4","iops":120},{"name":"P6","iops":240},{"name":"P10","iops":500},{"name":"P15","iops":1100},{"name":"P20","iops":2300},{"name":"P30","iops":5000},{"name":"P40","iops":7500},{"name":"P50","iops":7500}]},{"supportedIops":240,"storageSizeMb":65536,"defaultIopsTier":"P6","supportedIopsTiers":[{"name":"P6","iops":240},{"name":"P10","iops":500},{"name":"P15","iops":1100},{"name":"P20","iops":2300},{"name":"P30","iops":5000},{"name":"P40","iops":7500},{"name":"P50","iops":7500}]},{"supportedIops":500,"storageSizeMb":131072,"defaultIopsTier":"P10","supportedIopsTiers":[{"name":"P10","iops":500},{"name":"P15","iops":1100},{"name":"P20","iops":2300},{"name":"P30","iops":5000},{"name":"P40","iops":7500},{"name":"P50","iops":7500}]},{"supportedIops":1100,"storageSizeMb":262144,"defaultIopsTier":"P15","supportedIopsTiers":[{"name":"P15","iops":1100},{"name":"P20","iops":2300},{"name":"P30","iops":5000},{"name":"P40","iops":7500},{"name":"P50","iops":7500}]},{"supportedIops":2300,"storageSizeMb":524288,"defaultIopsTier":"P20","supportedIopsTiers":[{"name":"P20","iops":2300},{"name":"P30","iops":5000},{"name":"P40","iops":7500},{"name":"P50","iops":7500}]},{"supportedIops":5000,"storageSizeMb":1048576,"defaultIopsTier":"P30","supportedIopsTiers":[{"name":"P30","iops":5000},{"name":"P40","iops":7500},{"name":"P50","iops":7500}]},{"supportedIops":7500,"storageSizeMb":2097152,"defaultIopsTier":"P40","supportedIopsTiers":[{"name":"P40","iops":7500},{"name":"P50","iops":7500}]},{"supportedIops":7500,"storageSizeMb":4193280,"defaultIopsTier":"P50","supportedIopsTiers":[{"name":"P50","iops":7500}]},{"supportedIops":7500,"storageSizeMb":4194304,"defaultIopsTier":"P50","supportedIopsTiers":[{"name":"P50","iops":7500}]},{"supportedIops":16000,"storageSizeMb":8388608,"defaultIopsTier":"P60","supportedIopsTiers":[{"name":"P60","iops":16000},{"name":"P70","iops":18000},{"name":"P80","iops":20000}]},{"supportedIops":18000,"storageSizeMb":16777216,"defaultIopsTier":"P70","supportedIopsTiers":[{"name":"P70","iops":18000},{"name":"P80","iops":20000}]},{"supportedIops":20000,"storageSizeMb":33553408,"defaultIopsTier":"P80","supportedIopsTiers":[{"name":"P80","iops":20000}]}]},{"name":"ManagedDiskV2","defaultStorageSizeMb":131072,"supportedStorageMb":[{"supportedIops":3000,"supportedMaximumIops":80000,"storageSizeMb":32768,"maximumStorageSizeMb":67108864,"supportedThroughput":125,"supportedMaximumThroughput":1200,"defaultIopsTier":"None","supportedIopsTiers":[{"name":"None","iops":0}]}]},{"name":"UltraDisk","defaultStorageSizeMb":131072,"supportedStorageMb":[],"reason":"Specified
        Storage Edition not supported in this region."}]}],"supportedServerVersions":[{"supportedFeatures":[],"name":"11","supportedVersionsToUpgrade":["12","13","14","15","16","17","18"]},{"supportedFeatures":[],"name":"12","supportedVersionsToUpgrade":["13","14","15","16","17","18"]},{"supportedFeatures":[],"name":"13","supportedVersionsToUpgrade":["14","15","16","17","18"]},{"supportedFeatures":[],"name":"14","supportedVersionsToUpgrade":["15","16","17","18"]},{"supportedFeatures":[],"name":"15","supportedVersionsToUpgrade":["16","17","18"]},{"supportedFeatures":[],"name":"16","supportedVersionsToUpgrade":["17","18"]},{"supportedFeatures":[],"name":"17","supportedVersionsToUpgrade":["18"]},{"supportedFeatures":[],"name":"18","supportedVersionsToUpgrade":[]}],"supportedFastProvisioningEditions":[],"supportedFeatures":[{"name":"FastProvisioning","status":"Disabled"},{"name":"ZoneRedundantHa","status":"Enabled"},{"name":"GeoBackup","status":"Enabled"},{"name":"ZoneRedundantHaAndGeoBackup","status":"Enabled"},{"name":"StorageAutoGrowth","status":"Enabled"},{"name":"OnlineResize","status":"Enabled"},{"name":"OfferRestricted","status":"Disabled"},{"name":"IndexTuning","status":"Enabled"},{"name":"Clusters","status":"Enabled"},{"name":"AdaptiveAutoVacuumAutoApply","status":"Disabled"},{"name":"ConfigTuning","status":"Disabled"}],"fastProvisioningSupported":"Disabled","geoBackupSupported":"Enabled","zoneRedundantHaSupported":"Enabled","zoneRedundantHaAndGeoBackupSupported":"Enabled","storageAutoGrowthSupported":"Enabled","onlineResizeSupported":"Enabled","indexTuningSupported":"Enabled"}]}'
    headers:
      cache-control:
      - no-cache
      content-length:
      - '24143'
      content-type:
      - application/json; charset=utf-8
      date:
      - Mon, 12 Jan 2026 18:25:55 GMT
      expires:
      - '-1'
      pragma:
      - no-cache
      strict-transport-security:
      - max-age=31536000; includeSubDomains
      x-cache:
      - CONFIG_NOCACHE
      x-content-type-options:
      - nosniff
      x-ms-operation-identifier:
      - tenantId=72f988bf-86f1-41af-91ab-2d7cd011db47,objectId=f57d2932-2a78-450f-958a-e65997c3253b/canadacentral/0320fe7e-b40f-476e-8101-cd243d505b10
      x-ms-ratelimit-remaining-subscription-global-reads:
      - '16499'
      x-msedge-ref:
      - 'Ref A: 0E7555A2EA934FBCA1AF721971C14EC1 Ref B: BL2AA2010205007 Ref C: 2026-01-12T18:25:54Z'
    status:
      code: 200
      message: OK
- request:
    body: '{"name": "azuredbclitest-000002", "type": "Microsoft.DBforPostgreSQL/flexibleServers"}'
    headers:
      Accept:
      - application/json
      Accept-Encoding:
      - gzip, deflate
      CommandName:
      - postgres flexible-server create
      Connection:
      - keep-alive
      Content-Length:
      - '86'
      Content-Type:
      - application/json
      ParameterSetName:
      - -g -n --tier --location --version --public-access --yes
      User-Agent:
      - AZURECLI/2.82.0 azsdk-python-core/1.37.0 Python/3.13.10 (Windows-11-10.0.26200-SP0)
    method: POST
    uri: https://management.azure.com/subscriptions/00000000-0000-0000-0000-000000000000/providers/Microsoft.DBforPostgreSQL/locations/canadacentral/checkNameAvailability?api-version=2025-08-01
  response:
    body:
      string: '{"name":"azuredbclitest-000002","type":"Microsoft.DBforPostgreSQL/flexibleServers","nameAvailable":true,"message":""}'
    headers:
      cache-control:
      - no-cache
      content-length:
      - '117'
      content-type:
      - application/json; charset=utf-8
      date:
      - Mon, 12 Jan 2026 18:25:55 GMT
      expires:
      - '-1'
      pragma:
      - no-cache
      strict-transport-security:
      - max-age=31536000; includeSubDomains
      x-cache:
      - CONFIG_NOCACHE
      x-content-type-options:
      - nosniff
      x-ms-operation-identifier:
      - tenantId=72f988bf-86f1-41af-91ab-2d7cd011db47,objectId=f57d2932-2a78-450f-958a-e65997c3253b/canadacentral/9dd5f848-6fbb-41bc-be3b-5396677795fc
      x-ms-ratelimit-remaining-subscription-global-writes:
      - '11999'
      x-ms-ratelimit-remaining-subscription-writes:
      - '799'
      x-msedge-ref:
      - 'Ref A: 6880E0874C84466487238EFABD28CA5F Ref B: MNZ221060609047 Ref C: 2026-01-12T18:25:55Z'
    status:
      code: 200
      message: OK
- request:
    body: null
    headers:
      Accept:
      - application/json
      Accept-Encoding:
      - gzip, deflate
      CommandName:
      - postgres flexible-server create
      Connection:
      - keep-alive
      ParameterSetName:
      - -g -n --tier --location --version --public-access --yes
      User-Agent:
      - AZURECLI/2.82.0 azsdk-python-core/1.37.0 Python/3.13.10 (Windows-11-10.0.26200-SP0)
    method: GET
    uri: https://management.azure.com/subscriptions/00000000-0000-0000-0000-000000000000/providers/Microsoft.DBforPostgreSQL/locations/canadacentral/capabilities?api-version=2025-08-01
  response:
    body:
      string: '{"value":[{"name":"FlexibleServerCapabilities","supportedServerEditions":[{"supportedServerSkus":[{"supportedFeatures":[],"name":"Standard_B1ms","vCores":1,"supportedIops":640,"supportedMemoryPerVcoreMb":2048,"supportedZones":["1","2","3"],"supportedHaMode":["SameZone","ZoneRedundant"]},{"supportedFeatures":[],"name":"Standard_B2s","vCores":2,"supportedIops":1280,"supportedMemoryPerVcoreMb":2048,"supportedZones":["1","2","3"],"supportedHaMode":["SameZone","ZoneRedundant"]},{"supportedFeatures":[],"name":"Standard_B2ms","vCores":2,"supportedIops":1920,"supportedMemoryPerVcoreMb":4096,"supportedZones":["1","2","3"],"supportedHaMode":["SameZone","ZoneRedundant"]},{"supportedFeatures":[],"name":"Standard_B4ms","vCores":4,"supportedIops":2880,"supportedMemoryPerVcoreMb":4096,"supportedZones":["1","2","3"],"supportedHaMode":["SameZone","ZoneRedundant"]},{"supportedFeatures":[],"name":"Standard_B8ms","vCores":8,"supportedIops":4320,"supportedMemoryPerVcoreMb":4096,"supportedZones":["1","2","3"],"supportedHaMode":["SameZone","ZoneRedundant"]},{"supportedFeatures":[],"name":"Standard_B12ms","vCores":12,"supportedIops":4320,"supportedMemoryPerVcoreMb":4096,"supportedZones":["1","2","3"],"supportedHaMode":["SameZone","ZoneRedundant"]},{"supportedFeatures":[],"name":"Standard_B16ms","vCores":16,"supportedIops":4320,"supportedMemoryPerVcoreMb":4096,"supportedZones":["1","2","3"],"supportedHaMode":["SameZone","ZoneRedundant"]},{"supportedFeatures":[],"name":"Standard_B20ms","vCores":20,"supportedIops":4320,"supportedMemoryPerVcoreMb":4096,"supportedZones":["1","2","3"],"supportedHaMode":["SameZone","ZoneRedundant"]}],"name":"Burstable","defaultSkuName":"Standard_B2s","supportedStorageEditions":[{"name":"ManagedDisk","defaultStorageSizeMb":32768,"supportedStorageMb":[{"supportedIops":120,"storageSizeMb":32768,"defaultIopsTier":"P4","supportedIopsTiers":[{"name":"P4","iops":120},{"name":"P6","iops":240},{"name":"P10","iops":500},{"name":"P15","iops":1100},{"name":"P20","iops":2300},{"name":"P30","iops":5000},{"name":"P40","iops":7500},{"name":"P50","iops":7500}]},{"supportedIops":240,"storageSizeMb":65536,"defaultIopsTier":"P6","supportedIopsTiers":[{"name":"P6","iops":240},{"name":"P10","iops":500},{"name":"P15","iops":1100},{"name":"P20","iops":2300},{"name":"P30","iops":5000},{"name":"P40","iops":7500},{"name":"P50","iops":7500}]},{"supportedIops":500,"storageSizeMb":131072,"defaultIopsTier":"P10","supportedIopsTiers":[{"name":"P10","iops":500},{"name":"P15","iops":1100},{"name":"P20","iops":2300},{"name":"P30","iops":5000},{"name":"P40","iops":7500},{"name":"P50","iops":7500}]},{"supportedIops":1100,"storageSizeMb":262144,"defaultIopsTier":"P15","supportedIopsTiers":[{"name":"P15","iops":1100},{"name":"P20","iops":2300},{"name":"P30","iops":5000},{"name":"P40","iops":7500},{"name":"P50","iops":7500}]},{"supportedIops":2300,"storageSizeMb":524288,"defaultIopsTier":"P20","supportedIopsTiers":[{"name":"P20","iops":2300},{"name":"P30","iops":5000},{"name":"P40","iops":7500},{"name":"P50","iops":7500}]},{"supportedIops":5000,"storageSizeMb":1048576,"defaultIopsTier":"P30","supportedIopsTiers":[{"name":"P30","iops":5000},{"name":"P40","iops":7500},{"name":"P50","iops":7500}]},{"supportedIops":7500,"storageSizeMb":2097152,"defaultIopsTier":"P40","supportedIopsTiers":[{"name":"P40","iops":7500},{"name":"P50","iops":7500}]},{"supportedIops":7500,"storageSizeMb":4193280,"defaultIopsTier":"P50","supportedIopsTiers":[{"name":"P50","iops":7500}]},{"supportedIops":7500,"storageSizeMb":4194304,"defaultIopsTier":"P50","supportedIopsTiers":[{"name":"P50","iops":7500}]},{"supportedIops":16000,"storageSizeMb":8388608,"defaultIopsTier":"P60","supportedIopsTiers":[{"name":"P60","iops":16000},{"name":"P70","iops":18000},{"name":"P80","iops":20000}]},{"supportedIops":18000,"storageSizeMb":16777216,"defaultIopsTier":"P70","supportedIopsTiers":[{"name":"P70","iops":18000},{"name":"P80","iops":20000}]},{"supportedIops":20000,"storageSizeMb":33553408,"defaultIopsTier":"P80","supportedIopsTiers":[{"name":"P80","iops":20000}]}]},{"name":"ManagedDiskV2","defaultStorageSizeMb":32768,"supportedStorageMb":[{"supportedIops":3000,"supportedMaximumIops":80000,"storageSizeMb":32768,"maximumStorageSizeMb":67108864,"supportedThroughput":125,"supportedMaximumThroughput":1200,"defaultIopsTier":"None","supportedIopsTiers":[{"name":"None","iops":0}]}]}]},{"supportedServerSkus":[{"supportedFeatures":[],"name":"Standard_D2s_v3","vCores":2,"supportedIops":3200,"supportedMemoryPerVcoreMb":4096,"supportedZones":["1","2","3"],"supportedHaMode":["SameZone","ZoneRedundant"]},{"supportedFeatures":[],"name":"Standard_D4s_v3","vCores":4,"supportedIops":6400,"supportedMemoryPerVcoreMb":4096,"supportedZones":["1","2","3"],"supportedHaMode":["SameZone","ZoneRedundant"]},{"supportedFeatures":[],"name":"Standard_D8s_v3","vCores":8,"supportedIops":12800,"supportedMemoryPerVcoreMb":4096,"supportedZones":["1","2","3"],"supportedHaMode":["SameZone","ZoneRedundant"]},{"supportedFeatures":[],"name":"Standard_D16s_v3","vCores":16,"supportedIops":25600,"supportedMemoryPerVcoreMb":4096,"supportedZones":["1","2","3"],"supportedHaMode":["SameZone","ZoneRedundant"]},{"supportedFeatures":[],"name":"Standard_D32s_v3","vCores":32,"supportedIops":51200,"supportedMemoryPerVcoreMb":4096,"supportedZones":["1","2","3"],"supportedHaMode":["SameZone","ZoneRedundant"]},{"supportedFeatures":[],"name":"Standard_D48s_v3","vCores":48,"supportedIops":76800,"supportedMemoryPerVcoreMb":4096,"supportedZones":["1","2","3"],"supportedHaMode":["SameZone","ZoneRedundant"]},{"supportedFeatures":[],"name":"Standard_D64s_v3","vCores":64,"supportedIops":80000,"supportedMemoryPerVcoreMb":4096,"supportedZones":["1","2","3"],"supportedHaMode":["SameZone","ZoneRedundant"]},{"supportedFeatures":[],"name":"Standard_D2ds_v4","vCores":2,"supportedIops":3200,"supportedMemoryPerVcoreMb":4096,"supportedZones":["1","2","3"],"supportedHaMode":["SameZone","ZoneRedundant"]},{"supportedFeatures":[],"name":"Standard_D4ds_v4","vCores":4,"supportedIops":6400,"supportedMemoryPerVcoreMb":4096,"supportedZones":["1","2","3"],"supportedHaMode":["SameZone","ZoneRedundant"]},{"supportedFeatures":[],"name":"Standard_D8ds_v4","vCores":8,"supportedIops":12800,"supportedMemoryPerVcoreMb":4096,"supportedZones":["1","2","3"],"supportedHaMode":["SameZone","ZoneRedundant"]},{"supportedFeatures":[],"name":"Standard_D16ds_v4","vCores":16,"supportedIops":25600,"supportedMemoryPerVcoreMb":4096,"supportedZones":["1","2","3"],"supportedHaMode":["SameZone","ZoneRedundant"]},{"supportedFeatures":[],"name":"Standard_D32ds_v4","vCores":32,"supportedIops":51200,"supportedMemoryPerVcoreMb":4096,"supportedZones":["1","2","3"],"supportedHaMode":["SameZone","ZoneRedundant"]},{"supportedFeatures":[],"name":"Standard_D48ds_v4","vCores":48,"supportedIops":76800,"supportedMemoryPerVcoreMb":4096,"supportedZones":["1","2","3"],"supportedHaMode":["SameZone","ZoneRedundant"]},{"supportedFeatures":[],"name":"Standard_D64ds_v4","vCores":64,"supportedIops":80000,"supportedMemoryPerVcoreMb":4096,"supportedZones":["1","2","3"],"supportedHaMode":["SameZone","ZoneRedundant"]},{"supportedFeatures":[],"name":"Standard_D2ads_v5","vCores":2,"supportedIops":3200,"supportedMemoryPerVcoreMb":4096,"supportedZones":["1","2","3"],"supportedHaMode":["SameZone","ZoneRedundant"]},{"supportedFeatures":[],"name":"Standard_D4ads_v5","vCores":4,"supportedIops":6400,"supportedMemoryPerVcoreMb":4096,"supportedZones":["1","2","3"],"supportedHaMode":["SameZone","ZoneRedundant"]},{"supportedFeatures":[],"name":"Standard_D8ads_v5","vCores":8,"supportedIops":12800,"supportedMemoryPerVcoreMb":4096,"supportedZones":["1","2","3"],"supportedHaMode":["SameZone","ZoneRedundant"]},{"supportedFeatures":[],"name":"Standard_D16ads_v5","vCores":16,"supportedIops":25600,"supportedMemoryPerVcoreMb":4096,"supportedZones":["1","2","3"],"supportedHaMode":["SameZone","ZoneRedundant"]},{"supportedFeatures":[],"name":"Standard_D32ads_v5","vCores":32,"supportedIops":51200,"supportedMemoryPerVcoreMb":4096,"supportedZones":["1","2","3"],"supportedHaMode":["SameZone","ZoneRedundant"]},{"supportedFeatures":[],"name":"Standard_D48ads_v5","vCores":48,"supportedIops":76800,"supportedMemoryPerVcoreMb":4096,"supportedZones":["1","2","3"],"supportedHaMode":["SameZone","ZoneRedundant"]},{"supportedFeatures":[],"name":"Standard_D64ads_v5","vCores":64,"supportedIops":80000,"supportedMemoryPerVcoreMb":4096,"supportedZones":["1","2","3"],"supportedHaMode":["SameZone","ZoneRedundant"]},{"supportedFeatures":[],"name":"Standard_D96ads_v5","vCores":96,"supportedIops":80000,"supportedMemoryPerVcoreMb":4096,"supportedZones":["1","2","3"],"supportedHaMode":["SameZone","ZoneRedundant"]},{"supportedFeatures":[],"name":"Standard_D2ds_v5","vCores":2,"supportedIops":3750,"supportedMemoryPerVcoreMb":4096,"supportedZones":["1","2","3"],"supportedHaMode":["SameZone","ZoneRedundant"]},{"supportedFeatures":[],"name":"Standard_D4ds_v5","vCores":4,"supportedIops":6400,"supportedMemoryPerVcoreMb":4096,"supportedZones":["1","2","3"],"supportedHaMode":["SameZone","ZoneRedundant"]},{"supportedFeatures":[],"name":"Standard_D8ds_v5","vCores":8,"supportedIops":12800,"supportedMemoryPerVcoreMb":4096,"supportedZones":["1","2","3"],"supportedHaMode":["SameZone","ZoneRedundant"]},{"supportedFeatures":[],"name":"Standard_D16ds_v5","vCores":16,"supportedIops":25600,"supportedMemoryPerVcoreMb":4096,"supportedZones":["1","2","3"],"supportedHaMode":["SameZone","ZoneRedundant"]},{"supportedFeatures":[],"name":"Standard_D32ds_v5","vCores":32,"supportedIops":51200,"supportedMemoryPerVcoreMb":4096,"supportedZones":["1","2","3"],"supportedHaMode":["SameZone","ZoneRedundant"]},{"supportedFeatures":[],"name":"Standard_D48ds_v5","vCores":48,"supportedIops":76800,"supportedMemoryPerVcoreMb":4096,"supportedZones":["1","2","3"],"supportedHaMode":["SameZone","ZoneRedundant"]},{"supportedFeatures":[],"name":"Standard_D64ds_v5","vCores":64,"supportedIops":80000,"supportedMemoryPerVcoreMb":4096,"supportedZones":["1","2","3"],"supportedHaMode":["SameZone","ZoneRedundant"]},{"supportedFeatures":[],"name":"Standard_D96ds_v5","vCores":96,"supportedIops":80000,"supportedMemoryPerVcoreMb":4096,"supportedZones":["1","2","3"],"supportedHaMode":["SameZone","ZoneRedundant"]}],"name":"GeneralPurpose","defaultSkuName":"Standard_D4ads_v5","supportedStorageEditions":[{"name":"ManagedDisk","defaultStorageSizeMb":65536,"supportedStorageMb":[{"supportedIops":120,"storageSizeMb":32768,"defaultIopsTier":"P4","supportedIopsTiers":[{"name":"P4","iops":120},{"name":"P6","iops":240},{"name":"P10","iops":500},{"name":"P15","iops":1100},{"name":"P20","iops":2300},{"name":"P30","iops":5000},{"name":"P40","iops":7500},{"name":"P50","iops":7500}]},{"supportedIops":240,"storageSizeMb":65536,"defaultIopsTier":"P6","supportedIopsTiers":[{"name":"P6","iops":240},{"name":"P10","iops":500},{"name":"P15","iops":1100},{"name":"P20","iops":2300},{"name":"P30","iops":5000},{"name":"P40","iops":7500},{"name":"P50","iops":7500}]},{"supportedIops":500,"storageSizeMb":131072,"defaultIopsTier":"P10","supportedIopsTiers":[{"name":"P10","iops":500},{"name":"P15","iops":1100},{"name":"P20","iops":2300},{"name":"P30","iops":5000},{"name":"P40","iops":7500},{"name":"P50","iops":7500}]},{"supportedIops":1100,"storageSizeMb":262144,"defaultIopsTier":"P15","supportedIopsTiers":[{"name":"P15","iops":1100},{"name":"P20","iops":2300},{"name":"P30","iops":5000},{"name":"P40","iops":7500},{"name":"P50","iops":7500}]},{"supportedIops":2300,"storageSizeMb":524288,"defaultIopsTier":"P20","supportedIopsTiers":[{"name":"P20","iops":2300},{"name":"P30","iops":5000},{"name":"P40","iops":7500},{"name":"P50","iops":7500}]},{"supportedIops":5000,"storageSizeMb":1048576,"defaultIopsTier":"P30","supportedIopsTiers":[{"name":"P30","iops":5000},{"name":"P40","iops":7500},{"name":"P50","iops":7500}]},{"supportedIops":7500,"storageSizeMb":2097152,"defaultIopsTier":"P40","supportedIopsTiers":[{"name":"P40","iops":7500},{"name":"P50","iops":7500}]},{"supportedIops":7500,"storageSizeMb":4193280,"defaultIopsTier":"P50","supportedIopsTiers":[{"name":"P50","iops":7500}]},{"supportedIops":7500,"storageSizeMb":4194304,"defaultIopsTier":"P50","supportedIopsTiers":[{"name":"P50","iops":7500}]},{"supportedIops":16000,"storageSizeMb":8388608,"defaultIopsTier":"P60","supportedIopsTiers":[{"name":"P60","iops":16000},{"name":"P70","iops":18000},{"name":"P80","iops":20000}]},{"supportedIops":18000,"storageSizeMb":16777216,"defaultIopsTier":"P70","supportedIopsTiers":[{"name":"P70","iops":18000},{"name":"P80","iops":20000}]},{"supportedIops":20000,"storageSizeMb":33553408,"defaultIopsTier":"P80","supportedIopsTiers":[{"name":"P80","iops":20000}]}]},{"name":"ManagedDiskV2","defaultStorageSizeMb":65536,"supportedStorageMb":[{"supportedIops":3000,"supportedMaximumIops":80000,"storageSizeMb":32768,"maximumStorageSizeMb":67108864,"supportedThroughput":125,"supportedMaximumThroughput":1200,"defaultIopsTier":"None","supportedIopsTiers":[{"name":"None","iops":0}]}]},{"name":"UltraDisk","defaultStorageSizeMb":65536,"supportedStorageMb":[],"reason":"Specified
        Storage Edition not supported in this region."}]},{"supportedServerSkus":[{"supportedFeatures":[],"name":"Standard_E2s_v3","vCores":2,"supportedIops":3200,"supportedMemoryPerVcoreMb":8192,"supportedZones":["1","2","3"],"supportedHaMode":["SameZone","ZoneRedundant"]},{"supportedFeatures":[],"name":"Standard_E4s_v3","vCores":4,"supportedIops":6400,"supportedMemoryPerVcoreMb":8192,"supportedZones":["1","2","3"],"supportedHaMode":["SameZone","ZoneRedundant"]},{"supportedFeatures":[],"name":"Standard_E8s_v3","vCores":8,"supportedIops":12800,"supportedMemoryPerVcoreMb":8192,"supportedZones":["1","2","3"],"supportedHaMode":["SameZone","ZoneRedundant"]},{"supportedFeatures":[],"name":"Standard_E16s_v3","vCores":16,"supportedIops":25600,"supportedMemoryPerVcoreMb":8192,"supportedZones":["1","2","3"],"supportedHaMode":["SameZone","ZoneRedundant"]},{"supportedFeatures":[],"name":"Standard_E32s_v3","vCores":32,"supportedIops":32000,"supportedMemoryPerVcoreMb":8192,"supportedZones":["1","2","3"],"supportedHaMode":["SameZone","ZoneRedundant"]},{"supportedFeatures":[],"name":"Standard_E48s_v3","vCores":48,"supportedIops":51200,"supportedMemoryPerVcoreMb":8192,"supportedZones":["1","2","3"],"supportedHaMode":["SameZone","ZoneRedundant"]},{"supportedFeatures":[],"name":"Standard_E64s_v3","vCores":64,"supportedIops":76800,"supportedMemoryPerVcoreMb":6912,"supportedZones":["1","2","3"],"supportedHaMode":["SameZone","ZoneRedundant"]},{"supportedFeatures":[],"name":"Standard_E2ds_v4","vCores":2,"supportedIops":3200,"supportedMemoryPerVcoreMb":8192,"supportedZones":["1","2","3"],"supportedHaMode":["SameZone","ZoneRedundant"]},{"supportedFeatures":[],"name":"Standard_E4ds_v4","vCores":4,"supportedIops":6400,"supportedMemoryPerVcoreMb":8192,"supportedZones":["1","2","3"],"supportedHaMode":["SameZone","ZoneRedundant"]},{"supportedFeatures":[],"name":"Standard_E8ds_v4","vCores":8,"supportedIops":12800,"supportedMemoryPerVcoreMb":8192,"supportedZones":["1","2","3"],"supportedHaMode":["SameZone","ZoneRedundant"]},{"supportedFeatures":[],"name":"Standard_E16ds_v4","vCores":16,"supportedIops":25600,"supportedMemoryPerVcoreMb":8192,"supportedZones":["1","2","3"],"supportedHaMode":["SameZone","ZoneRedundant"]},{"supportedFeatures":[],"name":"Standard_E20ds_v4","vCores":20,"supportedIops":32000,"supportedMemoryPerVcoreMb":8192,"supportedZones":["1","2","3"],"supportedHaMode":["SameZone","ZoneRedundant"]},{"supportedFeatures":[],"name":"Standard_E32ds_v4","vCores":32,"supportedIops":51200,"supportedMemoryPerVcoreMb":8192,"supportedZones":["1","2","3"],"supportedHaMode":["SameZone","ZoneRedundant"]},{"supportedFeatures":[],"name":"Standard_E48ds_v4","vCores":48,"supportedIops":76800,"supportedMemoryPerVcoreMb":8192,"supportedZones":["1","2","3"],"supportedHaMode":["SameZone","ZoneRedundant"]},{"supportedFeatures":[],"name":"Standard_E64ds_v4","vCores":64,"supportedIops":80000,"supportedMemoryPerVcoreMb":6912,"supportedZones":["1","2","3"],"supportedHaMode":["SameZone","ZoneRedundant"]},{"supportedFeatures":[],"name":"Standard_E2ads_v5","vCores":2,"supportedIops":3750,"supportedMemoryPerVcoreMb":8192,"supportedZones":["1","2","3"],"supportedHaMode":["SameZone","ZoneRedundant"]},{"supportedFeatures":[],"name":"Standard_E4ads_v5","vCores":4,"supportedIops":6400,"supportedMemoryPerVcoreMb":8192,"supportedZones":["1","2","3"],"supportedHaMode":["SameZone","ZoneRedundant"]},{"supportedFeatures":[],"name":"Standard_E8ads_v5","vCores":8,"supportedIops":12800,"supportedMemoryPerVcoreMb":8192,"supportedZones":["1","2","3"],"supportedHaMode":["SameZone","ZoneRedundant"]},{"supportedFeatures":[],"name":"Standard_E16ads_v5","vCores":16,"supportedIops":25600,"supportedMemoryPerVcoreMb":8192,"supportedZones":["1","2","3"],"supportedHaMode":["SameZone","ZoneRedundant"]},{"supportedFeatures":[],"name":"Standard_E20ads_v5","vCores":20,"supportedIops":32000,"supportedMemoryPerVcoreMb":8192,"supportedZones":["1","2","3"],"supportedHaMode":["SameZone","ZoneRedundant"]},{"supportedFeatures":[],"name":"Standard_E32ads_v5","vCores":32,"supportedIops":51200,"supportedMemoryPerVcoreMb":8192,"supportedZones":["1","2","3"],"supportedHaMode":["SameZone","ZoneRedundant"]},{"supportedFeatures":[],"name":"Standard_E48ads_v5","vCores":48,"supportedIops":76800,"supportedMemoryPerVcoreMb":8192,"supportedZones":["1","2","3"],"supportedHaMode":["SameZone","ZoneRedundant"]},{"supportedFeatures":[],"name":"Standard_E64ads_v5","vCores":64,"supportedIops":80000,"supportedMemoryPerVcoreMb":8192,"supportedZones":["1","2","3"],"supportedHaMode":["SameZone","ZoneRedundant"]},{"supportedFeatures":[],"name":"Standard_E96ads_v5","vCores":96,"supportedIops":80000,"supportedMemoryPerVcoreMb":7168,"supportedZones":["1","2","3"],"supportedHaMode":["SameZone","ZoneRedundant"]},{"supportedFeatures":[],"name":"Standard_E2ds_v5","vCores":2,"supportedIops":3750,"supportedMemoryPerVcoreMb":8192,"supportedZones":["1","2","3"],"supportedHaMode":["SameZone","ZoneRedundant"]},{"supportedFeatures":[],"name":"Standard_E4ds_v5","vCores":4,"supportedIops":6400,"supportedMemoryPerVcoreMb":8192,"supportedZones":["1","2","3"],"supportedHaMode":["SameZone","ZoneRedundant"]},{"supportedFeatures":[],"name":"Standard_E8ds_v5","vCores":8,"supportedIops":12800,"supportedMemoryPerVcoreMb":8192,"supportedZones":["1","2","3"],"supportedHaMode":["SameZone","ZoneRedundant"]},{"supportedFeatures":[],"name":"Standard_E16ds_v5","vCores":16,"supportedIops":25600,"supportedMemoryPerVcoreMb":8192,"supportedZones":["1","2","3"],"supportedHaMode":["SameZone","ZoneRedundant"]},{"supportedFeatures":[],"name":"Standard_E20ds_v5","vCores":20,"supportedIops":32000,"supportedMemoryPerVcoreMb":8192,"supportedZones":["1","2","3"],"supportedHaMode":["SameZone","ZoneRedundant"]},{"supportedFeatures":[],"name":"Standard_E32ds_v5","vCores":32,"supportedIops":51200,"supportedMemoryPerVcoreMb":8192,"supportedZones":["1","2","3"],"supportedHaMode":["SameZone","ZoneRedundant"]},{"supportedFeatures":[],"name":"Standard_E48ds_v5","vCores":48,"supportedIops":76800,"supportedMemoryPerVcoreMb":8192,"supportedZones":["1","2","3"],"supportedHaMode":["SameZone","ZoneRedundant"]},{"supportedFeatures":[],"name":"Standard_E64ds_v5","vCores":64,"supportedIops":80000,"supportedMemoryPerVcoreMb":8192,"supportedZones":["1","2","3"],"supportedHaMode":["SameZone","ZoneRedundant"]},{"supportedFeatures":[],"name":"Standard_E96ds_v5","vCores":96,"supportedIops":80000,"supportedMemoryPerVcoreMb":7168,"supportedZones":["1","2","3"],"supportedHaMode":["SameZone","ZoneRedundant"]}],"name":"MemoryOptimized","defaultSkuName":"Standard_E4ads_v5","supportedStorageEditions":[{"name":"ManagedDisk","defaultStorageSizeMb":131072,"supportedStorageMb":[{"supportedIops":120,"storageSizeMb":32768,"defaultIopsTier":"P4","supportedIopsTiers":[{"name":"P4","iops":120},{"name":"P6","iops":240},{"name":"P10","iops":500},{"name":"P15","iops":1100},{"name":"P20","iops":2300},{"name":"P30","iops":5000},{"name":"P40","iops":7500},{"name":"P50","iops":7500}]},{"supportedIops":240,"storageSizeMb":65536,"defaultIopsTier":"P6","supportedIopsTiers":[{"name":"P6","iops":240},{"name":"P10","iops":500},{"name":"P15","iops":1100},{"name":"P20","iops":2300},{"name":"P30","iops":5000},{"name":"P40","iops":7500},{"name":"P50","iops":7500}]},{"supportedIops":500,"storageSizeMb":131072,"defaultIopsTier":"P10","supportedIopsTiers":[{"name":"P10","iops":500},{"name":"P15","iops":1100},{"name":"P20","iops":2300},{"name":"P30","iops":5000},{"name":"P40","iops":7500},{"name":"P50","iops":7500}]},{"supportedIops":1100,"storageSizeMb":262144,"defaultIopsTier":"P15","supportedIopsTiers":[{"name":"P15","iops":1100},{"name":"P20","iops":2300},{"name":"P30","iops":5000},{"name":"P40","iops":7500},{"name":"P50","iops":7500}]},{"supportedIops":2300,"storageSizeMb":524288,"defaultIopsTier":"P20","supportedIopsTiers":[{"name":"P20","iops":2300},{"name":"P30","iops":5000},{"name":"P40","iops":7500},{"name":"P50","iops":7500}]},{"supportedIops":5000,"storageSizeMb":1048576,"defaultIopsTier":"P30","supportedIopsTiers":[{"name":"P30","iops":5000},{"name":"P40","iops":7500},{"name":"P50","iops":7500}]},{"supportedIops":7500,"storageSizeMb":2097152,"defaultIopsTier":"P40","supportedIopsTiers":[{"name":"P40","iops":7500},{"name":"P50","iops":7500}]},{"supportedIops":7500,"storageSizeMb":4193280,"defaultIopsTier":"P50","supportedIopsTiers":[{"name":"P50","iops":7500}]},{"supportedIops":7500,"storageSizeMb":4194304,"defaultIopsTier":"P50","supportedIopsTiers":[{"name":"P50","iops":7500}]},{"supportedIops":16000,"storageSizeMb":8388608,"defaultIopsTier":"P60","supportedIopsTiers":[{"name":"P60","iops":16000},{"name":"P70","iops":18000},{"name":"P80","iops":20000}]},{"supportedIops":18000,"storageSizeMb":16777216,"defaultIopsTier":"P70","supportedIopsTiers":[{"name":"P70","iops":18000},{"name":"P80","iops":20000}]},{"supportedIops":20000,"storageSizeMb":33553408,"defaultIopsTier":"P80","supportedIopsTiers":[{"name":"P80","iops":20000}]}]},{"name":"ManagedDiskV2","defaultStorageSizeMb":131072,"supportedStorageMb":[{"supportedIops":3000,"supportedMaximumIops":80000,"storageSizeMb":32768,"maximumStorageSizeMb":67108864,"supportedThroughput":125,"supportedMaximumThroughput":1200,"defaultIopsTier":"None","supportedIopsTiers":[{"name":"None","iops":0}]}]},{"name":"UltraDisk","defaultStorageSizeMb":131072,"supportedStorageMb":[],"reason":"Specified
        Storage Edition not supported in this region."}]}],"supportedServerVersions":[{"supportedFeatures":[],"name":"11","supportedVersionsToUpgrade":["12","13","14","15","16","17","18"]},{"supportedFeatures":[],"name":"12","supportedVersionsToUpgrade":["13","14","15","16","17","18"]},{"supportedFeatures":[],"name":"13","supportedVersionsToUpgrade":["14","15","16","17","18"]},{"supportedFeatures":[],"name":"14","supportedVersionsToUpgrade":["15","16","17","18"]},{"supportedFeatures":[],"name":"15","supportedVersionsToUpgrade":["16","17","18"]},{"supportedFeatures":[],"name":"16","supportedVersionsToUpgrade":["17","18"]},{"supportedFeatures":[],"name":"17","supportedVersionsToUpgrade":["18"]},{"supportedFeatures":[],"name":"18","supportedVersionsToUpgrade":[]}],"supportedFastProvisioningEditions":[],"supportedFeatures":[{"name":"FastProvisioning","status":"Disabled"},{"name":"ZoneRedundantHa","status":"Enabled"},{"name":"GeoBackup","status":"Enabled"},{"name":"ZoneRedundantHaAndGeoBackup","status":"Enabled"},{"name":"StorageAutoGrowth","status":"Enabled"},{"name":"OnlineResize","status":"Enabled"},{"name":"OfferRestricted","status":"Disabled"},{"name":"IndexTuning","status":"Enabled"},{"name":"Clusters","status":"Enabled"},{"name":"AdaptiveAutoVacuumAutoApply","status":"Disabled"},{"name":"ConfigTuning","status":"Disabled"}],"fastProvisioningSupported":"Disabled","geoBackupSupported":"Enabled","zoneRedundantHaSupported":"Enabled","zoneRedundantHaAndGeoBackupSupported":"Enabled","storageAutoGrowthSupported":"Enabled","onlineResizeSupported":"Enabled","indexTuningSupported":"Enabled"}]}'
    headers:
      cache-control:
      - no-cache
      content-length:
      - '24143'
      content-type:
      - application/json; charset=utf-8
      date:
      - Mon, 12 Jan 2026 18:25:57 GMT
      expires:
      - '-1'
      pragma:
      - no-cache
      strict-transport-security:
      - max-age=31536000; includeSubDomains
      x-cache:
      - CONFIG_NOCACHE
      x-content-type-options:
      - nosniff
      x-ms-operation-identifier:
      - tenantId=72f988bf-86f1-41af-91ab-2d7cd011db47,objectId=f57d2932-2a78-450f-958a-e65997c3253b/eastus/36c66db1-f60e-4b2f-94aa-e97ebc1665bf
      x-ms-ratelimit-remaining-subscription-global-reads:
      - '16499'
      x-msedge-ref:
      - 'Ref A: F82B7D237F064E53806DDC5003F17033 Ref B: BL2AA2030101011 Ref C: 2026-01-12T18:25:56Z'
    status:
      code: 200
      message: OK
- request:
    body: '{"location": "canadacentral", "sku": {"name": "Standard_D2ds_v5", "tier":
      "GeneralPurpose"}, "properties": {"administratorLogin": "bouncycod1", "administratorLoginPassword":
      "0dYKyo5K4zh7NIwgPXaCvQ", "version": "15", "storage": {"storageSizeGB": 128,
      "autoGrow": "Disabled"}, "authConfig": {"activeDirectoryAuth": "Disabled", "passwordAuth":
      "Enabled", "tenantId": ""}, "backup": {"backupRetentionDays": 7, "geoRedundantBackup":
      "Disabled"}, "network": {"publicNetworkAccess": "Disabled"}, "highAvailability":
      {"mode": "Disabled"}, "createMode": "Create"}}'
    headers:
      Accept:
      - application/json
      Accept-Encoding:
      - gzip, deflate
      CommandName:
      - postgres flexible-server create
      Connection:
      - keep-alive
      Content-Length:
      - '556'
      Content-Type:
      - application/json
      ParameterSetName:
      - -g -n --tier --location --version --public-access --yes
      User-Agent:
      - AZURECLI/2.82.0 azsdk-python-core/1.37.0 Python/3.13.10 (Windows-11-10.0.26200-SP0)
    method: PUT
    uri: https://management.azure.com/subscriptions/00000000-0000-0000-0000-000000000000/resourceGroups/clitest.rg000001/providers/Microsoft.DBforPostgreSQL/flexibleServers/azuredbclitest-000002?api-version=2025-08-01
  response:
    body:
      string: '{"operation":"UpsertServerManagementOperationV2","startTime":"2026-01-12T18:25:58.327Z"}'
    headers:
      azure-asyncoperation:
      - https://management.azure.com/subscriptions/00000000-0000-0000-0000-000000000000/providers/Microsoft.DBforPostgreSQL/locations/canadacentral/azureAsyncOperation/9a550c70-0557-47a9-8284-ca7f418412e2?api-version=2025-08-01&t=639038391583853001&c=MIIHhzCCBm-gAwIBAgITfAlY2NhYWz_rkiYT0gAACVjY2DANBgkqhkiG9w0BAQsFADBEMRMwEQYKCZImiZPyLGQBGRYDR0JMMRMwEQYKCZImiZPyLGQBGRYDQU1FMRgwFgYDVQQDEw9BTUUgSW5mcmEgQ0EgMDUwHhcNMjUxMDE5MDMwMTUzWhcNMjYwNDE3MDMwMTUzWjBAMT4wPAYDVQQDEzVhc3luY29wZXJhdGlvbnNpZ25pbmdjZXJ0aWZpY2F0ZS5tYW5hZ2VtZW50LmF6dXJlLmNvbTCCASIwDQYJKoZIhvcNAQEBBQADggEPADCCAQoCggEBALb7q8LgkqS_7Sa915WSEvu_LerzErVZMTTkw7KXLAdnIWMjvrOw1RefK_Xe_cFp1_e2xVZM1Zog0tE-_XlllqRwZapoZJTL14Kmh7C0GvefEv-5GdvOnMy695cBHvQJTv1mqxiuvsmhJdB5__zphMuTvy0lF2K1ceor52XBk_VLEQtBcMhz8UUKVZ2KboqO1b56fjCSzbjn-sv5cQ7zx0_GZYADJbddS7dvpIwmb3QZzHcEcbAec_ouQ-YyxmKTpGa17K6DB_CoquSZ2A0TRHJqBpgeGjL0b652ekPbj9oy-sOOusDnwfN95QPWCJFjmNz1aKdnUhXmx8FU134pOkUCAwEAAaOCBHQwggRwMCcGCSsGAQQBgjcVCgQaMBgwCgYIKwYBBQUHAwEwCgYIKwYBBQUHAwIwPQYJKwYBBAGCNxUHBDAwLgYmKwYBBAGCNxUIhpDjDYTVtHiE8Ys-hZvdFs6dEoFghfmRS4WsmTQCAWQCAQcwggHLBggrBgEFBQcBAQSCAb0wggG5MGMGCCsGAQUFBzAChldodHRwOi8vY3JsLm1pY3Jvc29mdC5jb20vcGtpaW5mcmEvQ2VydHMvQ08xUEtJSU5UQ0EwMS5BTUUuR0JMX0FNRSUyMEluZnJhJTIwQ0ElMjAwNS5jcnQwUwYIKwYBBQUHMAKGR2h0dHA6Ly9jcmwxLmFtZS5nYmwvYWlhL0NPMVBLSUlOVENBMDEuQU1FLkdCTF9BTUUlMjBJbmZyYSUyMENBJTIwMDUuY3J0MFMGCCsGAQUFBzAChkdodHRwOi8vY3JsMi5hbWUuZ2JsL2FpYS9DTzFQS0lJTlRDQTAxLkFNRS5HQkxfQU1FJTIwSW5mcmElMjBDQSUyMDA1LmNydDBTBggrBgEFBQcwAoZHaHR0cDovL2NybDMuYW1lLmdibC9haWEvQ08xUEtJSU5UQ0EwMS5BTUUuR0JMX0FNRSUyMEluZnJhJTIwQ0ElMjAwNS5jcnQwUwYIKwYBBQUHMAKGR2h0dHA6Ly9jcmw0LmFtZS5nYmwvYWlhL0NPMVBLSUlOVENBMDEuQU1FLkdCTF9BTUUlMjBJbmZyYSUyMENBJTIwMDUuY3J0MB0GA1UdDgQWBBSi0lU0HWkl1SHwyRBzQPtbjPmHfTAOBgNVHQ8BAf8EBAMCBaAwggEmBgNVHR8EggEdMIIBGTCCARWgggERoIIBDYY_aHR0cDovL2NybC5taWNyb3NvZnQuY29tL3BraWluZnJhL0NSTC9BTUUlMjBJbmZyYSUyMENBJTIwMDUuY3JshjFodHRwOi8vY3JsMS5hbWUuZ2JsL2NybC9BTUUlMjBJbmZyYSUyMENBJTIwMDUuY3JshjFodHRwOi8vY3JsMi5hbWUuZ2JsL2NybC9BTUUlMjBJbmZyYSUyMENBJTIwMDUuY3JshjFodHRwOi8vY3JsMy5hbWUuZ2JsL2NybC9BTUUlMjBJbmZyYSUyMENBJTIwMDUuY3JshjFodHRwOi8vY3JsNC5hbWUuZ2JsL2NybC9BTUUlMjBJbmZyYSUyMENBJTIwMDUuY3JsMIGdBgNVHSAEgZUwgZIwDAYKKwYBBAGCN3sBATBmBgorBgEEAYI3ewICMFgwVgYIKwYBBQUHAgIwSh5IADMAMwBlADAAMQA5ADIAMQAtADQAZAA2ADQALQA0AGYAOABjAC0AYQAwADUANQAtADUAYgBkAGEAZgBmAGQANQBlADMAMwBkMAwGCisGAQQBgjd7AwIwDAYKKwYBBAGCN3sEAjAfBgNVHSMEGDAWgBR61hmFKHlscXYeYPjzS--iBUIWHTAdBgNVHSUEFjAUBggrBgEFBQcDAQYIKwYBBQUHAwIwDQYJKoZIhvcNAQELBQADggEBACdnVC4tNlyw3EyuiJTFX5692Q_SgsQB7SjH2__G8q1XVJ0GiNSI4NKXoC8rVoxrLDL28sgifuyaEjoA9IYoahBs9l6DzxOxA0fDaBOTteaFuniOzVtW6WubmshP_yDd1pFPJydCOEtgKApCNY8y5eo8GzdatHpMEID7E2ZDrxTnq7PtzLXpoeF0A5W6qhqGypYabh7ugJ5-R8hb1iOlFYy2yvCrBaAW9wwnUPpO3DQRyoxnbzomyTIbrxEJuuaalADYKnu7GVtfL43Srrrx_HEfhy1rsf0ZK9CmJ64NOTHXIRG0kYIl5LhwZVZSEDqBPTAAy9oAm1i5D1jbVw2FPF8&s=tsaBDlrjtMdaagHyHYQaL6UbnCaSx8xDQfx7jJVWvPVlwpKUJh4rClNZ2bjdUHV2EgggPEXU8eRqSpeLt1uZ-yDZFQFR8GhQGugksiE53P-QeOAzox3LhjG22OgW-745dTyaanKxJ0gr6EPyllpVHhYSxE1FCn_RTLmCYc7wUL0dNpPVqNS08tkuIkMZ69UU7HJ5l2KdAbEGSlX74p2Odd5_pEei3GG_7khwBKVcgdf347p1dv7gjAFaZ5jz9n4l8K4XmaLqv2zGQkJwJQzUXlT8GnxlJ3_FEK5-pp7Mc8gQ31CBIgTYuC1qNkNwX8Kd8wL7AtWqTYS4zAwYQIe1Zg&h=0iWfeySMuD4cpYRb6Mf253wQbhhlMAi51nGVg-nLJhY
      cache-control:
      - no-cache
      content-length:
      - '88'
      content-type:
      - application/json; charset=utf-8
      date:
      - Mon, 12 Jan 2026 18:25:57 GMT
      expires:
      - '-1'
      location:
      - https://management.azure.com/subscriptions/00000000-0000-0000-0000-000000000000/providers/Microsoft.DBforPostgreSQL/locations/canadacentral/operationResults/9a550c70-0557-47a9-8284-ca7f418412e2?api-version=2025-08-01&t=639038391583853001&c=MIIHhzCCBm-gAwIBAgITfAlY2NhYWz_rkiYT0gAACVjY2DANBgkqhkiG9w0BAQsFADBEMRMwEQYKCZImiZPyLGQBGRYDR0JMMRMwEQYKCZImiZPyLGQBGRYDQU1FMRgwFgYDVQQDEw9BTUUgSW5mcmEgQ0EgMDUwHhcNMjUxMDE5MDMwMTUzWhcNMjYwNDE3MDMwMTUzWjBAMT4wPAYDVQQDEzVhc3luY29wZXJhdGlvbnNpZ25pbmdjZXJ0aWZpY2F0ZS5tYW5hZ2VtZW50LmF6dXJlLmNvbTCCASIwDQYJKoZIhvcNAQEBBQADggEPADCCAQoCggEBALb7q8LgkqS_7Sa915WSEvu_LerzErVZMTTkw7KXLAdnIWMjvrOw1RefK_Xe_cFp1_e2xVZM1Zog0tE-_XlllqRwZapoZJTL14Kmh7C0GvefEv-5GdvOnMy695cBHvQJTv1mqxiuvsmhJdB5__zphMuTvy0lF2K1ceor52XBk_VLEQtBcMhz8UUKVZ2KboqO1b56fjCSzbjn-sv5cQ7zx0_GZYADJbddS7dvpIwmb3QZzHcEcbAec_ouQ-YyxmKTpGa17K6DB_CoquSZ2A0TRHJqBpgeGjL0b652ekPbj9oy-sOOusDnwfN95QPWCJFjmNz1aKdnUhXmx8FU134pOkUCAwEAAaOCBHQwggRwMCcGCSsGAQQBgjcVCgQaMBgwCgYIKwYBBQUHAwEwCgYIKwYBBQUHAwIwPQYJKwYBBAGCNxUHBDAwLgYmKwYBBAGCNxUIhpDjDYTVtHiE8Ys-hZvdFs6dEoFghfmRS4WsmTQCAWQCAQcwggHLBggrBgEFBQcBAQSCAb0wggG5MGMGCCsGAQUFBzAChldodHRwOi8vY3JsLm1pY3Jvc29mdC5jb20vcGtpaW5mcmEvQ2VydHMvQ08xUEtJSU5UQ0EwMS5BTUUuR0JMX0FNRSUyMEluZnJhJTIwQ0ElMjAwNS5jcnQwUwYIKwYBBQUHMAKGR2h0dHA6Ly9jcmwxLmFtZS5nYmwvYWlhL0NPMVBLSUlOVENBMDEuQU1FLkdCTF9BTUUlMjBJbmZyYSUyMENBJTIwMDUuY3J0MFMGCCsGAQUFBzAChkdodHRwOi8vY3JsMi5hbWUuZ2JsL2FpYS9DTzFQS0lJTlRDQTAxLkFNRS5HQkxfQU1FJTIwSW5mcmElMjBDQSUyMDA1LmNydDBTBggrBgEFBQcwAoZHaHR0cDovL2NybDMuYW1lLmdibC9haWEvQ08xUEtJSU5UQ0EwMS5BTUUuR0JMX0FNRSUyMEluZnJhJTIwQ0ElMjAwNS5jcnQwUwYIKwYBBQUHMAKGR2h0dHA6Ly9jcmw0LmFtZS5nYmwvYWlhL0NPMVBLSUlOVENBMDEuQU1FLkdCTF9BTUUlMjBJbmZyYSUyMENBJTIwMDUuY3J0MB0GA1UdDgQWBBSi0lU0HWkl1SHwyRBzQPtbjPmHfTAOBgNVHQ8BAf8EBAMCBaAwggEmBgNVHR8EggEdMIIBGTCCARWgggERoIIBDYY_aHR0cDovL2NybC5taWNyb3NvZnQuY29tL3BraWluZnJhL0NSTC9BTUUlMjBJbmZyYSUyMENBJTIwMDUuY3JshjFodHRwOi8vY3JsMS5hbWUuZ2JsL2NybC9BTUUlMjBJbmZyYSUyMENBJTIwMDUuY3JshjFodHRwOi8vY3JsMi5hbWUuZ2JsL2NybC9BTUUlMjBJbmZyYSUyMENBJTIwMDUuY3JshjFodHRwOi8vY3JsMy5hbWUuZ2JsL2NybC9BTUUlMjBJbmZyYSUyMENBJTIwMDUuY3JshjFodHRwOi8vY3JsNC5hbWUuZ2JsL2NybC9BTUUlMjBJbmZyYSUyMENBJTIwMDUuY3JsMIGdBgNVHSAEgZUwgZIwDAYKKwYBBAGCN3sBATBmBgorBgEEAYI3ewICMFgwVgYIKwYBBQUHAgIwSh5IADMAMwBlADAAMQA5ADIAMQAtADQAZAA2ADQALQA0AGYAOABjAC0AYQAwADUANQAtADUAYgBkAGEAZgBmAGQANQBlADMAMwBkMAwGCisGAQQBgjd7AwIwDAYKKwYBBAGCN3sEAjAfBgNVHSMEGDAWgBR61hmFKHlscXYeYPjzS--iBUIWHTAdBgNVHSUEFjAUBggrBgEFBQcDAQYIKwYBBQUHAwIwDQYJKoZIhvcNAQELBQADggEBACdnVC4tNlyw3EyuiJTFX5692Q_SgsQB7SjH2__G8q1XVJ0GiNSI4NKXoC8rVoxrLDL28sgifuyaEjoA9IYoahBs9l6DzxOxA0fDaBOTteaFuniOzVtW6WubmshP_yDd1pFPJydCOEtgKApCNY8y5eo8GzdatHpMEID7E2ZDrxTnq7PtzLXpoeF0A5W6qhqGypYabh7ugJ5-R8hb1iOlFYy2yvCrBaAW9wwnUPpO3DQRyoxnbzomyTIbrxEJuuaalADYKnu7GVtfL43Srrrx_HEfhy1rsf0ZK9CmJ64NOTHXIRG0kYIl5LhwZVZSEDqBPTAAy9oAm1i5D1jbVw2FPF8&s=k-WgxxIDDg9jyJBsYmVg0rTu8yveMr-uoDNfQ0VcUTzUHpY9-e-NUEyTXf3XnAXPhr3ArseZDmVs5xK6FOx25s48DqwUcahd6k5X862rgKd_ZiTF_n0caAgV3khhS1qK3HPKKvwGT76-gOp9M48owy5JMNtsqAB2mHNa4umF1N2riZRbSNaz-LL65uxcyN6KXT36RduGA8nPfi1sPQDMPFmIBFNFY_MUfa4eGxokSbkxd6h82jFs0BAGzZYxiXIZZWi55h8KCOHjq-Ue1PUuW-zYLUodAzsH0Hhvbx4pSsGjKmEilfIcGdV3__RLV_O4DhMX6zGyEskxQ0yxiS1v0g&h=FkBNDOE34HKc11Iy4xttcDqVB7BQZ6-2wrgcYyrs9wo
      pragma:
      - no-cache
      strict-transport-security:
      - max-age=31536000; includeSubDomains
      x-cache:
      - CONFIG_NOCACHE
      x-content-type-options:
      - nosniff
      x-ms-operation-identifier:
      - tenantId=72f988bf-86f1-41af-91ab-2d7cd011db47,objectId=f57d2932-2a78-450f-958a-e65997c3253b/eastus/1d96c21a-6ec2-4f2d-9608-29c09b205d88
      x-ms-ratelimit-remaining-subscription-global-writes:
      - '11999'
      x-ms-ratelimit-remaining-subscription-writes:
      - '799'
      x-msedge-ref:
      - 'Ref A: 8B94581D89B74E75BADAD438CFBAFE1C Ref B: MNZ221060610017 Ref C: 2026-01-12T18:25:57Z'
    status:
      code: 202
      message: Accepted
- request:
    body: null
    headers:
      Accept:
      - '*/*'
      Accept-Encoding:
      - gzip, deflate
      CommandName:
      - postgres flexible-server create
      Connection:
      - keep-alive
      ParameterSetName:
      - -g -n --tier --location --version --public-access --yes
      User-Agent:
      - AZURECLI/2.82.0 azsdk-python-core/1.37.0 Python/3.13.10 (Windows-11-10.0.26200-SP0)
    method: GET
    uri: https://management.azure.com/subscriptions/00000000-0000-0000-0000-000000000000/providers/Microsoft.DBforPostgreSQL/locations/canadacentral/azureAsyncOperation/9a550c70-0557-47a9-8284-ca7f418412e2?api-version=2025-08-01&t=639038391583853001&c=MIIHhzCCBm-gAwIBAgITfAlY2NhYWz_rkiYT0gAACVjY2DANBgkqhkiG9w0BAQsFADBEMRMwEQYKCZImiZPyLGQBGRYDR0JMMRMwEQYKCZImiZPyLGQBGRYDQU1FMRgwFgYDVQQDEw9BTUUgSW5mcmEgQ0EgMDUwHhcNMjUxMDE5MDMwMTUzWhcNMjYwNDE3MDMwMTUzWjBAMT4wPAYDVQQDEzVhc3luY29wZXJhdGlvbnNpZ25pbmdjZXJ0aWZpY2F0ZS5tYW5hZ2VtZW50LmF6dXJlLmNvbTCCASIwDQYJKoZIhvcNAQEBBQADggEPADCCAQoCggEBALb7q8LgkqS_7Sa915WSEvu_LerzErVZMTTkw7KXLAdnIWMjvrOw1RefK_Xe_cFp1_e2xVZM1Zog0tE-_XlllqRwZapoZJTL14Kmh7C0GvefEv-5GdvOnMy695cBHvQJTv1mqxiuvsmhJdB5__zphMuTvy0lF2K1ceor52XBk_VLEQtBcMhz8UUKVZ2KboqO1b56fjCSzbjn-sv5cQ7zx0_GZYADJbddS7dvpIwmb3QZzHcEcbAec_ouQ-YyxmKTpGa17K6DB_CoquSZ2A0TRHJqBpgeGjL0b652ekPbj9oy-sOOusDnwfN95QPWCJFjmNz1aKdnUhXmx8FU134pOkUCAwEAAaOCBHQwggRwMCcGCSsGAQQBgjcVCgQaMBgwCgYIKwYBBQUHAwEwCgYIKwYBBQUHAwIwPQYJKwYBBAGCNxUHBDAwLgYmKwYBBAGCNxUIhpDjDYTVtHiE8Ys-hZvdFs6dEoFghfmRS4WsmTQCAWQCAQcwggHLBggrBgEFBQcBAQSCAb0wggG5MGMGCCsGAQUFBzAChldodHRwOi8vY3JsLm1pY3Jvc29mdC5jb20vcGtpaW5mcmEvQ2VydHMvQ08xUEtJSU5UQ0EwMS5BTUUuR0JMX0FNRSUyMEluZnJhJTIwQ0ElMjAwNS5jcnQwUwYIKwYBBQUHMAKGR2h0dHA6Ly9jcmwxLmFtZS5nYmwvYWlhL0NPMVBLSUlOVENBMDEuQU1FLkdCTF9BTUUlMjBJbmZyYSUyMENBJTIwMDUuY3J0MFMGCCsGAQUFBzAChkdodHRwOi8vY3JsMi5hbWUuZ2JsL2FpYS9DTzFQS0lJTlRDQTAxLkFNRS5HQkxfQU1FJTIwSW5mcmElMjBDQSUyMDA1LmNydDBTBggrBgEFBQcwAoZHaHR0cDovL2NybDMuYW1lLmdibC9haWEvQ08xUEtJSU5UQ0EwMS5BTUUuR0JMX0FNRSUyMEluZnJhJTIwQ0ElMjAwNS5jcnQwUwYIKwYBBQUHMAKGR2h0dHA6Ly9jcmw0LmFtZS5nYmwvYWlhL0NPMVBLSUlOVENBMDEuQU1FLkdCTF9BTUUlMjBJbmZyYSUyMENBJTIwMDUuY3J0MB0GA1UdDgQWBBSi0lU0HWkl1SHwyRBzQPtbjPmHfTAOBgNVHQ8BAf8EBAMCBaAwggEmBgNVHR8EggEdMIIBGTCCARWgggERoIIBDYY_aHR0cDovL2NybC5taWNyb3NvZnQuY29tL3BraWluZnJhL0NSTC9BTUUlMjBJbmZyYSUyMENBJTIwMDUuY3JshjFodHRwOi8vY3JsMS5hbWUuZ2JsL2NybC9BTUUlMjBJbmZyYSUyMENBJTIwMDUuY3JshjFodHRwOi8vY3JsMi5hbWUuZ2JsL2NybC9BTUUlMjBJbmZyYSUyMENBJTIwMDUuY3JshjFodHRwOi8vY3JsMy5hbWUuZ2JsL2NybC9BTUUlMjBJbmZyYSUyMENBJTIwMDUuY3JshjFodHRwOi8vY3JsNC5hbWUuZ2JsL2NybC9BTUUlMjBJbmZyYSUyMENBJTIwMDUuY3JsMIGdBgNVHSAEgZUwgZIwDAYKKwYBBAGCN3sBATBmBgorBgEEAYI3ewICMFgwVgYIKwYBBQUHAgIwSh5IADMAMwBlADAAMQA5ADIAMQAtADQAZAA2ADQALQA0AGYAOABjAC0AYQAwADUANQAtADUAYgBkAGEAZgBmAGQANQBlADMAMwBkMAwGCisGAQQBgjd7AwIwDAYKKwYBBAGCN3sEAjAfBgNVHSMEGDAWgBR61hmFKHlscXYeYPjzS--iBUIWHTAdBgNVHSUEFjAUBggrBgEFBQcDAQYIKwYBBQUHAwIwDQYJKoZIhvcNAQELBQADggEBACdnVC4tNlyw3EyuiJTFX5692Q_SgsQB7SjH2__G8q1XVJ0GiNSI4NKXoC8rVoxrLDL28sgifuyaEjoA9IYoahBs9l6DzxOxA0fDaBOTteaFuniOzVtW6WubmshP_yDd1pFPJydCOEtgKApCNY8y5eo8GzdatHpMEID7E2ZDrxTnq7PtzLXpoeF0A5W6qhqGypYabh7ugJ5-R8hb1iOlFYy2yvCrBaAW9wwnUPpO3DQRyoxnbzomyTIbrxEJuuaalADYKnu7GVtfL43Srrrx_HEfhy1rsf0ZK9CmJ64NOTHXIRG0kYIl5LhwZVZSEDqBPTAAy9oAm1i5D1jbVw2FPF8&s=tsaBDlrjtMdaagHyHYQaL6UbnCaSx8xDQfx7jJVWvPVlwpKUJh4rClNZ2bjdUHV2EgggPEXU8eRqSpeLt1uZ-yDZFQFR8GhQGugksiE53P-QeOAzox3LhjG22OgW-745dTyaanKxJ0gr6EPyllpVHhYSxE1FCn_RTLmCYc7wUL0dNpPVqNS08tkuIkMZ69UU7HJ5l2KdAbEGSlX74p2Odd5_pEei3GG_7khwBKVcgdf347p1dv7gjAFaZ5jz9n4l8K4XmaLqv2zGQkJwJQzUXlT8GnxlJ3_FEK5-pp7Mc8gQ31CBIgTYuC1qNkNwX8Kd8wL7AtWqTYS4zAwYQIe1Zg&h=0iWfeySMuD4cpYRb6Mf253wQbhhlMAi51nGVg-nLJhY
  response:
    body:
      string: '{"name":"9a550c70-0557-47a9-8284-ca7f418412e2","status":"InProgress","startTime":"2026-01-12T18:25:58.327Z"}'
    headers:
      cache-control:
      - no-cache
      content-length:
      - '108'
      content-type:
      - application/json; charset=utf-8
      date:
      - Mon, 12 Jan 2026 18:25:58 GMT
      expires:
      - '-1'
      pragma:
      - no-cache
      strict-transport-security:
      - max-age=31536000; includeSubDomains
      x-cache:
      - CONFIG_NOCACHE
      x-content-type-options:
      - nosniff
      x-ms-operation-identifier:
      - tenantId=72f988bf-86f1-41af-91ab-2d7cd011db47,objectId=f57d2932-2a78-450f-958a-e65997c3253b/eastus/01a3d1cf-e4c7-4eee-a876-38b0956faa12
      x-ms-ratelimit-remaining-subscription-global-reads:
      - '16499'
      x-msedge-ref:
      - 'Ref A: C18F57C901244BD6A58253FDBDBC1748 Ref B: BL2AA2010205033 Ref C: 2026-01-12T18:25:58Z'
    status:
      code: 200
      message: OK
- request:
    body: null
    headers:
      Accept:
      - '*/*'
      Accept-Encoding:
      - gzip, deflate
      CommandName:
      - postgres flexible-server create
      Connection:
      - keep-alive
      ParameterSetName:
      - -g -n --tier --location --version --public-access --yes
      User-Agent:
      - AZURECLI/2.82.0 azsdk-python-core/1.37.0 Python/3.13.10 (Windows-11-10.0.26200-SP0)
    method: GET
    uri: https://management.azure.com/subscriptions/00000000-0000-0000-0000-000000000000/providers/Microsoft.DBforPostgreSQL/locations/canadacentral/azureAsyncOperation/9a550c70-0557-47a9-8284-ca7f418412e2?api-version=2025-08-01&t=639038391583853001&c=MIIHhzCCBm-gAwIBAgITfAlY2NhYWz_rkiYT0gAACVjY2DANBgkqhkiG9w0BAQsFADBEMRMwEQYKCZImiZPyLGQBGRYDR0JMMRMwEQYKCZImiZPyLGQBGRYDQU1FMRgwFgYDVQQDEw9BTUUgSW5mcmEgQ0EgMDUwHhcNMjUxMDE5MDMwMTUzWhcNMjYwNDE3MDMwMTUzWjBAMT4wPAYDVQQDEzVhc3luY29wZXJhdGlvbnNpZ25pbmdjZXJ0aWZpY2F0ZS5tYW5hZ2VtZW50LmF6dXJlLmNvbTCCASIwDQYJKoZIhvcNAQEBBQADggEPADCCAQoCggEBALb7q8LgkqS_7Sa915WSEvu_LerzErVZMTTkw7KXLAdnIWMjvrOw1RefK_Xe_cFp1_e2xVZM1Zog0tE-_XlllqRwZapoZJTL14Kmh7C0GvefEv-5GdvOnMy695cBHvQJTv1mqxiuvsmhJdB5__zphMuTvy0lF2K1ceor52XBk_VLEQtBcMhz8UUKVZ2KboqO1b56fjCSzbjn-sv5cQ7zx0_GZYADJbddS7dvpIwmb3QZzHcEcbAec_ouQ-YyxmKTpGa17K6DB_CoquSZ2A0TRHJqBpgeGjL0b652ekPbj9oy-sOOusDnwfN95QPWCJFjmNz1aKdnUhXmx8FU134pOkUCAwEAAaOCBHQwggRwMCcGCSsGAQQBgjcVCgQaMBgwCgYIKwYBBQUHAwEwCgYIKwYBBQUHAwIwPQYJKwYBBAGCNxUHBDAwLgYmKwYBBAGCNxUIhpDjDYTVtHiE8Ys-hZvdFs6dEoFghfmRS4WsmTQCAWQCAQcwggHLBggrBgEFBQcBAQSCAb0wggG5MGMGCCsGAQUFBzAChldodHRwOi8vY3JsLm1pY3Jvc29mdC5jb20vcGtpaW5mcmEvQ2VydHMvQ08xUEtJSU5UQ0EwMS5BTUUuR0JMX0FNRSUyMEluZnJhJTIwQ0ElMjAwNS5jcnQwUwYIKwYBBQUHMAKGR2h0dHA6Ly9jcmwxLmFtZS5nYmwvYWlhL0NPMVBLSUlOVENBMDEuQU1FLkdCTF9BTUUlMjBJbmZyYSUyMENBJTIwMDUuY3J0MFMGCCsGAQUFBzAChkdodHRwOi8vY3JsMi5hbWUuZ2JsL2FpYS9DTzFQS0lJTlRDQTAxLkFNRS5HQkxfQU1FJTIwSW5mcmElMjBDQSUyMDA1LmNydDBTBggrBgEFBQcwAoZHaHR0cDovL2NybDMuYW1lLmdibC9haWEvQ08xUEtJSU5UQ0EwMS5BTUUuR0JMX0FNRSUyMEluZnJhJTIwQ0ElMjAwNS5jcnQwUwYIKwYBBQUHMAKGR2h0dHA6Ly9jcmw0LmFtZS5nYmwvYWlhL0NPMVBLSUlOVENBMDEuQU1FLkdCTF9BTUUlMjBJbmZyYSUyMENBJTIwMDUuY3J0MB0GA1UdDgQWBBSi0lU0HWkl1SHwyRBzQPtbjPmHfTAOBgNVHQ8BAf8EBAMCBaAwggEmBgNVHR8EggEdMIIBGTCCARWgggERoIIBDYY_aHR0cDovL2NybC5taWNyb3NvZnQuY29tL3BraWluZnJhL0NSTC9BTUUlMjBJbmZyYSUyMENBJTIwMDUuY3JshjFodHRwOi8vY3JsMS5hbWUuZ2JsL2NybC9BTUUlMjBJbmZyYSUyMENBJTIwMDUuY3JshjFodHRwOi8vY3JsMi5hbWUuZ2JsL2NybC9BTUUlMjBJbmZyYSUyMENBJTIwMDUuY3JshjFodHRwOi8vY3JsMy5hbWUuZ2JsL2NybC9BTUUlMjBJbmZyYSUyMENBJTIwMDUuY3JshjFodHRwOi8vY3JsNC5hbWUuZ2JsL2NybC9BTUUlMjBJbmZyYSUyMENBJTIwMDUuY3JsMIGdBgNVHSAEgZUwgZIwDAYKKwYBBAGCN3sBATBmBgorBgEEAYI3ewICMFgwVgYIKwYBBQUHAgIwSh5IADMAMwBlADAAMQA5ADIAMQAtADQAZAA2ADQALQA0AGYAOABjAC0AYQAwADUANQAtADUAYgBkAGEAZgBmAGQANQBlADMAMwBkMAwGCisGAQQBgjd7AwIwDAYKKwYBBAGCN3sEAjAfBgNVHSMEGDAWgBR61hmFKHlscXYeYPjzS--iBUIWHTAdBgNVHSUEFjAUBggrBgEFBQcDAQYIKwYBBQUHAwIwDQYJKoZIhvcNAQELBQADggEBACdnVC4tNlyw3EyuiJTFX5692Q_SgsQB7SjH2__G8q1XVJ0GiNSI4NKXoC8rVoxrLDL28sgifuyaEjoA9IYoahBs9l6DzxOxA0fDaBOTteaFuniOzVtW6WubmshP_yDd1pFPJydCOEtgKApCNY8y5eo8GzdatHpMEID7E2ZDrxTnq7PtzLXpoeF0A5W6qhqGypYabh7ugJ5-R8hb1iOlFYy2yvCrBaAW9wwnUPpO3DQRyoxnbzomyTIbrxEJuuaalADYKnu7GVtfL43Srrrx_HEfhy1rsf0ZK9CmJ64NOTHXIRG0kYIl5LhwZVZSEDqBPTAAy9oAm1i5D1jbVw2FPF8&s=tsaBDlrjtMdaagHyHYQaL6UbnCaSx8xDQfx7jJVWvPVlwpKUJh4rClNZ2bjdUHV2EgggPEXU8eRqSpeLt1uZ-yDZFQFR8GhQGugksiE53P-QeOAzox3LhjG22OgW-745dTyaanKxJ0gr6EPyllpVHhYSxE1FCn_RTLmCYc7wUL0dNpPVqNS08tkuIkMZ69UU7HJ5l2KdAbEGSlX74p2Odd5_pEei3GG_7khwBKVcgdf347p1dv7gjAFaZ5jz9n4l8K4XmaLqv2zGQkJwJQzUXlT8GnxlJ3_FEK5-pp7Mc8gQ31CBIgTYuC1qNkNwX8Kd8wL7AtWqTYS4zAwYQIe1Zg&h=0iWfeySMuD4cpYRb6Mf253wQbhhlMAi51nGVg-nLJhY
  response:
    body:
      string: '{"name":"9a550c70-0557-47a9-8284-ca7f418412e2","status":"InProgress","startTime":"2026-01-12T18:25:58.327Z"}'
    headers:
      cache-control:
      - no-cache
      content-length:
      - '108'
      content-type:
      - application/json; charset=utf-8
      date:
      - Mon, 12 Jan 2026 18:26:58 GMT
      expires:
      - '-1'
      pragma:
      - no-cache
      strict-transport-security:
      - max-age=31536000; includeSubDomains
      x-cache:
      - CONFIG_NOCACHE
      x-content-type-options:
      - nosniff
      x-ms-operation-identifier:
      - tenantId=72f988bf-86f1-41af-91ab-2d7cd011db47,objectId=f57d2932-2a78-450f-958a-e65997c3253b/canadacentral/0cc9288a-bc84-4273-b167-9069042bd698
      x-ms-ratelimit-remaining-subscription-global-reads:
      - '16499'
      x-msedge-ref:
      - 'Ref A: 1293299C67024DACA91FE2BD6771D38B Ref B: MNZ221060610029 Ref C: 2026-01-12T18:26:59Z'
    status:
      code: 200
      message: OK
- request:
    body: null
    headers:
      Accept:
      - '*/*'
      Accept-Encoding:
      - gzip, deflate
      CommandName:
      - postgres flexible-server create
      Connection:
      - keep-alive
      ParameterSetName:
      - -g -n --tier --location --version --public-access --yes
      User-Agent:
      - AZURECLI/2.82.0 azsdk-python-core/1.37.0 Python/3.13.10 (Windows-11-10.0.26200-SP0)
    method: GET
    uri: https://management.azure.com/subscriptions/00000000-0000-0000-0000-000000000000/providers/Microsoft.DBforPostgreSQL/locations/canadacentral/azureAsyncOperation/9a550c70-0557-47a9-8284-ca7f418412e2?api-version=2025-08-01&t=639038391583853001&c=MIIHhzCCBm-gAwIBAgITfAlY2NhYWz_rkiYT0gAACVjY2DANBgkqhkiG9w0BAQsFADBEMRMwEQYKCZImiZPyLGQBGRYDR0JMMRMwEQYKCZImiZPyLGQBGRYDQU1FMRgwFgYDVQQDEw9BTUUgSW5mcmEgQ0EgMDUwHhcNMjUxMDE5MDMwMTUzWhcNMjYwNDE3MDMwMTUzWjBAMT4wPAYDVQQDEzVhc3luY29wZXJhdGlvbnNpZ25pbmdjZXJ0aWZpY2F0ZS5tYW5hZ2VtZW50LmF6dXJlLmNvbTCCASIwDQYJKoZIhvcNAQEBBQADggEPADCCAQoCggEBALb7q8LgkqS_7Sa915WSEvu_LerzErVZMTTkw7KXLAdnIWMjvrOw1RefK_Xe_cFp1_e2xVZM1Zog0tE-_XlllqRwZapoZJTL14Kmh7C0GvefEv-5GdvOnMy695cBHvQJTv1mqxiuvsmhJdB5__zphMuTvy0lF2K1ceor52XBk_VLEQtBcMhz8UUKVZ2KboqO1b56fjCSzbjn-sv5cQ7zx0_GZYADJbddS7dvpIwmb3QZzHcEcbAec_ouQ-YyxmKTpGa17K6DB_CoquSZ2A0TRHJqBpgeGjL0b652ekPbj9oy-sOOusDnwfN95QPWCJFjmNz1aKdnUhXmx8FU134pOkUCAwEAAaOCBHQwggRwMCcGCSsGAQQBgjcVCgQaMBgwCgYIKwYBBQUHAwEwCgYIKwYBBQUHAwIwPQYJKwYBBAGCNxUHBDAwLgYmKwYBBAGCNxUIhpDjDYTVtHiE8Ys-hZvdFs6dEoFghfmRS4WsmTQCAWQCAQcwggHLBggrBgEFBQcBAQSCAb0wggG5MGMGCCsGAQUFBzAChldodHRwOi8vY3JsLm1pY3Jvc29mdC5jb20vcGtpaW5mcmEvQ2VydHMvQ08xUEtJSU5UQ0EwMS5BTUUuR0JMX0FNRSUyMEluZnJhJTIwQ0ElMjAwNS5jcnQwUwYIKwYBBQUHMAKGR2h0dHA6Ly9jcmwxLmFtZS5nYmwvYWlhL0NPMVBLSUlOVENBMDEuQU1FLkdCTF9BTUUlMjBJbmZyYSUyMENBJTIwMDUuY3J0MFMGCCsGAQUFBzAChkdodHRwOi8vY3JsMi5hbWUuZ2JsL2FpYS9DTzFQS0lJTlRDQTAxLkFNRS5HQkxfQU1FJTIwSW5mcmElMjBDQSUyMDA1LmNydDBTBggrBgEFBQcwAoZHaHR0cDovL2NybDMuYW1lLmdibC9haWEvQ08xUEtJSU5UQ0EwMS5BTUUuR0JMX0FNRSUyMEluZnJhJTIwQ0ElMjAwNS5jcnQwUwYIKwYBBQUHMAKGR2h0dHA6Ly9jcmw0LmFtZS5nYmwvYWlhL0NPMVBLSUlOVENBMDEuQU1FLkdCTF9BTUUlMjBJbmZyYSUyMENBJTIwMDUuY3J0MB0GA1UdDgQWBBSi0lU0HWkl1SHwyRBzQPtbjPmHfTAOBgNVHQ8BAf8EBAMCBaAwggEmBgNVHR8EggEdMIIBGTCCARWgggERoIIBDYY_aHR0cDovL2NybC5taWNyb3NvZnQuY29tL3BraWluZnJhL0NSTC9BTUUlMjBJbmZyYSUyMENBJTIwMDUuY3JshjFodHRwOi8vY3JsMS5hbWUuZ2JsL2NybC9BTUUlMjBJbmZyYSUyMENBJTIwMDUuY3JshjFodHRwOi8vY3JsMi5hbWUuZ2JsL2NybC9BTUUlMjBJbmZyYSUyMENBJTIwMDUuY3JshjFodHRwOi8vY3JsMy5hbWUuZ2JsL2NybC9BTUUlMjBJbmZyYSUyMENBJTIwMDUuY3JshjFodHRwOi8vY3JsNC5hbWUuZ2JsL2NybC9BTUUlMjBJbmZyYSUyMENBJTIwMDUuY3JsMIGdBgNVHSAEgZUwgZIwDAYKKwYBBAGCN3sBATBmBgorBgEEAYI3ewICMFgwVgYIKwYBBQUHAgIwSh5IADMAMwBlADAAMQA5ADIAMQAtADQAZAA2ADQALQA0AGYAOABjAC0AYQAwADUANQAtADUAYgBkAGEAZgBmAGQANQBlADMAMwBkMAwGCisGAQQBgjd7AwIwDAYKKwYBBAGCN3sEAjAfBgNVHSMEGDAWgBR61hmFKHlscXYeYPjzS--iBUIWHTAdBgNVHSUEFjAUBggrBgEFBQcDAQYIKwYBBQUHAwIwDQYJKoZIhvcNAQELBQADggEBACdnVC4tNlyw3EyuiJTFX5692Q_SgsQB7SjH2__G8q1XVJ0GiNSI4NKXoC8rVoxrLDL28sgifuyaEjoA9IYoahBs9l6DzxOxA0fDaBOTteaFuniOzVtW6WubmshP_yDd1pFPJydCOEtgKApCNY8y5eo8GzdatHpMEID7E2ZDrxTnq7PtzLXpoeF0A5W6qhqGypYabh7ugJ5-R8hb1iOlFYy2yvCrBaAW9wwnUPpO3DQRyoxnbzomyTIbrxEJuuaalADYKnu7GVtfL43Srrrx_HEfhy1rsf0ZK9CmJ64NOTHXIRG0kYIl5LhwZVZSEDqBPTAAy9oAm1i5D1jbVw2FPF8&s=tsaBDlrjtMdaagHyHYQaL6UbnCaSx8xDQfx7jJVWvPVlwpKUJh4rClNZ2bjdUHV2EgggPEXU8eRqSpeLt1uZ-yDZFQFR8GhQGugksiE53P-QeOAzox3LhjG22OgW-745dTyaanKxJ0gr6EPyllpVHhYSxE1FCn_RTLmCYc7wUL0dNpPVqNS08tkuIkMZ69UU7HJ5l2KdAbEGSlX74p2Odd5_pEei3GG_7khwBKVcgdf347p1dv7gjAFaZ5jz9n4l8K4XmaLqv2zGQkJwJQzUXlT8GnxlJ3_FEK5-pp7Mc8gQ31CBIgTYuC1qNkNwX8Kd8wL7AtWqTYS4zAwYQIe1Zg&h=0iWfeySMuD4cpYRb6Mf253wQbhhlMAi51nGVg-nLJhY
  response:
    body:
      string: '{"name":"9a550c70-0557-47a9-8284-ca7f418412e2","status":"InProgress","startTime":"2026-01-12T18:25:58.327Z"}'
    headers:
      cache-control:
      - no-cache
      content-length:
      - '108'
      content-type:
      - application/json; charset=utf-8
      date:
      - Mon, 12 Jan 2026 18:27:59 GMT
      expires:
      - '-1'
      pragma:
      - no-cache
      strict-transport-security:
      - max-age=31536000; includeSubDomains
      x-cache:
      - CONFIG_NOCACHE
      x-content-type-options:
      - nosniff
      x-ms-operation-identifier:
      - tenantId=72f988bf-86f1-41af-91ab-2d7cd011db47,objectId=f57d2932-2a78-450f-958a-e65997c3253b/eastus/6da024ae-2184-4241-b944-727b76aa81d8
      x-ms-ratelimit-remaining-subscription-global-reads:
      - '16499'
      x-msedge-ref:
      - 'Ref A: C89B3852E5624EA1B8498DC953F04E9F Ref B: MNZ221060610025 Ref C: 2026-01-12T18:27:59Z'
    status:
      code: 200
      message: OK
- request:
    body: null
    headers:
      Accept:
      - '*/*'
      Accept-Encoding:
      - gzip, deflate
      CommandName:
      - postgres flexible-server create
      Connection:
      - keep-alive
      ParameterSetName:
      - -g -n --tier --location --version --public-access --yes
      User-Agent:
      - AZURECLI/2.82.0 azsdk-python-core/1.37.0 Python/3.13.10 (Windows-11-10.0.26200-SP0)
    method: GET
    uri: https://management.azure.com/subscriptions/00000000-0000-0000-0000-000000000000/providers/Microsoft.DBforPostgreSQL/locations/canadacentral/azureAsyncOperation/9a550c70-0557-47a9-8284-ca7f418412e2?api-version=2025-08-01&t=639038391583853001&c=MIIHhzCCBm-gAwIBAgITfAlY2NhYWz_rkiYT0gAACVjY2DANBgkqhkiG9w0BAQsFADBEMRMwEQYKCZImiZPyLGQBGRYDR0JMMRMwEQYKCZImiZPyLGQBGRYDQU1FMRgwFgYDVQQDEw9BTUUgSW5mcmEgQ0EgMDUwHhcNMjUxMDE5MDMwMTUzWhcNMjYwNDE3MDMwMTUzWjBAMT4wPAYDVQQDEzVhc3luY29wZXJhdGlvbnNpZ25pbmdjZXJ0aWZpY2F0ZS5tYW5hZ2VtZW50LmF6dXJlLmNvbTCCASIwDQYJKoZIhvcNAQEBBQADggEPADCCAQoCggEBALb7q8LgkqS_7Sa915WSEvu_LerzErVZMTTkw7KXLAdnIWMjvrOw1RefK_Xe_cFp1_e2xVZM1Zog0tE-_XlllqRwZapoZJTL14Kmh7C0GvefEv-5GdvOnMy695cBHvQJTv1mqxiuvsmhJdB5__zphMuTvy0lF2K1ceor52XBk_VLEQtBcMhz8UUKVZ2KboqO1b56fjCSzbjn-sv5cQ7zx0_GZYADJbddS7dvpIwmb3QZzHcEcbAec_ouQ-YyxmKTpGa17K6DB_CoquSZ2A0TRHJqBpgeGjL0b652ekPbj9oy-sOOusDnwfN95QPWCJFjmNz1aKdnUhXmx8FU134pOkUCAwEAAaOCBHQwggRwMCcGCSsGAQQBgjcVCgQaMBgwCgYIKwYBBQUHAwEwCgYIKwYBBQUHAwIwPQYJKwYBBAGCNxUHBDAwLgYmKwYBBAGCNxUIhpDjDYTVtHiE8Ys-hZvdFs6dEoFghfmRS4WsmTQCAWQCAQcwggHLBggrBgEFBQcBAQSCAb0wggG5MGMGCCsGAQUFBzAChldodHRwOi8vY3JsLm1pY3Jvc29mdC5jb20vcGtpaW5mcmEvQ2VydHMvQ08xUEtJSU5UQ0EwMS5BTUUuR0JMX0FNRSUyMEluZnJhJTIwQ0ElMjAwNS5jcnQwUwYIKwYBBQUHMAKGR2h0dHA6Ly9jcmwxLmFtZS5nYmwvYWlhL0NPMVBLSUlOVENBMDEuQU1FLkdCTF9BTUUlMjBJbmZyYSUyMENBJTIwMDUuY3J0MFMGCCsGAQUFBzAChkdodHRwOi8vY3JsMi5hbWUuZ2JsL2FpYS9DTzFQS0lJTlRDQTAxLkFNRS5HQkxfQU1FJTIwSW5mcmElMjBDQSUyMDA1LmNydDBTBggrBgEFBQcwAoZHaHR0cDovL2NybDMuYW1lLmdibC9haWEvQ08xUEtJSU5UQ0EwMS5BTUUuR0JMX0FNRSUyMEluZnJhJTIwQ0ElMjAwNS5jcnQwUwYIKwYBBQUHMAKGR2h0dHA6Ly9jcmw0LmFtZS5nYmwvYWlhL0NPMVBLSUlOVENBMDEuQU1FLkdCTF9BTUUlMjBJbmZyYSUyMENBJTIwMDUuY3J0MB0GA1UdDgQWBBSi0lU0HWkl1SHwyRBzQPtbjPmHfTAOBgNVHQ8BAf8EBAMCBaAwggEmBgNVHR8EggEdMIIBGTCCARWgggERoIIBDYY_aHR0cDovL2NybC5taWNyb3NvZnQuY29tL3BraWluZnJhL0NSTC9BTUUlMjBJbmZyYSUyMENBJTIwMDUuY3JshjFodHRwOi8vY3JsMS5hbWUuZ2JsL2NybC9BTUUlMjBJbmZyYSUyMENBJTIwMDUuY3JshjFodHRwOi8vY3JsMi5hbWUuZ2JsL2NybC9BTUUlMjBJbmZyYSUyMENBJTIwMDUuY3JshjFodHRwOi8vY3JsMy5hbWUuZ2JsL2NybC9BTUUlMjBJbmZyYSUyMENBJTIwMDUuY3JshjFodHRwOi8vY3JsNC5hbWUuZ2JsL2NybC9BTUUlMjBJbmZyYSUyMENBJTIwMDUuY3JsMIGdBgNVHSAEgZUwgZIwDAYKKwYBBAGCN3sBATBmBgorBgEEAYI3ewICMFgwVgYIKwYBBQUHAgIwSh5IADMAMwBlADAAMQA5ADIAMQAtADQAZAA2ADQALQA0AGYAOABjAC0AYQAwADUANQAtADUAYgBkAGEAZgBmAGQANQBlADMAMwBkMAwGCisGAQQBgjd7AwIwDAYKKwYBBAGCN3sEAjAfBgNVHSMEGDAWgBR61hmFKHlscXYeYPjzS--iBUIWHTAdBgNVHSUEFjAUBggrBgEFBQcDAQYIKwYBBQUHAwIwDQYJKoZIhvcNAQELBQADggEBACdnVC4tNlyw3EyuiJTFX5692Q_SgsQB7SjH2__G8q1XVJ0GiNSI4NKXoC8rVoxrLDL28sgifuyaEjoA9IYoahBs9l6DzxOxA0fDaBOTteaFuniOzVtW6WubmshP_yDd1pFPJydCOEtgKApCNY8y5eo8GzdatHpMEID7E2ZDrxTnq7PtzLXpoeF0A5W6qhqGypYabh7ugJ5-R8hb1iOlFYy2yvCrBaAW9wwnUPpO3DQRyoxnbzomyTIbrxEJuuaalADYKnu7GVtfL43Srrrx_HEfhy1rsf0ZK9CmJ64NOTHXIRG0kYIl5LhwZVZSEDqBPTAAy9oAm1i5D1jbVw2FPF8&s=tsaBDlrjtMdaagHyHYQaL6UbnCaSx8xDQfx7jJVWvPVlwpKUJh4rClNZ2bjdUHV2EgggPEXU8eRqSpeLt1uZ-yDZFQFR8GhQGugksiE53P-QeOAzox3LhjG22OgW-745dTyaanKxJ0gr6EPyllpVHhYSxE1FCn_RTLmCYc7wUL0dNpPVqNS08tkuIkMZ69UU7HJ5l2KdAbEGSlX74p2Odd5_pEei3GG_7khwBKVcgdf347p1dv7gjAFaZ5jz9n4l8K4XmaLqv2zGQkJwJQzUXlT8GnxlJ3_FEK5-pp7Mc8gQ31CBIgTYuC1qNkNwX8Kd8wL7AtWqTYS4zAwYQIe1Zg&h=0iWfeySMuD4cpYRb6Mf253wQbhhlMAi51nGVg-nLJhY
  response:
    body:
      string: '{"name":"9a550c70-0557-47a9-8284-ca7f418412e2","status":"InProgress","startTime":"2026-01-12T18:25:58.327Z"}'
    headers:
      cache-control:
      - no-cache
      content-length:
      - '108'
      content-type:
      - application/json; charset=utf-8
      date:
      - Mon, 12 Jan 2026 18:28:59 GMT
      expires:
      - '-1'
      pragma:
      - no-cache
      strict-transport-security:
      - max-age=31536000; includeSubDomains
      x-cache:
      - CONFIG_NOCACHE
      x-content-type-options:
      - nosniff
      x-ms-operation-identifier:
      - tenantId=72f988bf-86f1-41af-91ab-2d7cd011db47,objectId=f57d2932-2a78-450f-958a-e65997c3253b/eastus/86452cb8-1e2c-455e-b462-1ce9a6ec9b07
      x-ms-ratelimit-remaining-subscription-global-reads:
      - '16499'
      x-msedge-ref:
      - 'Ref A: 6774BD4979594402B82AD2982445B9E3 Ref B: MNZ221060609019 Ref C: 2026-01-12T18:28:59Z'
    status:
      code: 200
      message: OK
- request:
    body: null
    headers:
      Accept:
      - '*/*'
      Accept-Encoding:
      - gzip, deflate
      CommandName:
      - postgres flexible-server create
      Connection:
      - keep-alive
      ParameterSetName:
      - -g -n --tier --location --version --public-access --yes
      User-Agent:
      - AZURECLI/2.82.0 azsdk-python-core/1.37.0 Python/3.13.10 (Windows-11-10.0.26200-SP0)
    method: GET
    uri: https://management.azure.com/subscriptions/00000000-0000-0000-0000-000000000000/providers/Microsoft.DBforPostgreSQL/locations/canadacentral/azureAsyncOperation/9a550c70-0557-47a9-8284-ca7f418412e2?api-version=2025-08-01&t=639038391583853001&c=MIIHhzCCBm-gAwIBAgITfAlY2NhYWz_rkiYT0gAACVjY2DANBgkqhkiG9w0BAQsFADBEMRMwEQYKCZImiZPyLGQBGRYDR0JMMRMwEQYKCZImiZPyLGQBGRYDQU1FMRgwFgYDVQQDEw9BTUUgSW5mcmEgQ0EgMDUwHhcNMjUxMDE5MDMwMTUzWhcNMjYwNDE3MDMwMTUzWjBAMT4wPAYDVQQDEzVhc3luY29wZXJhdGlvbnNpZ25pbmdjZXJ0aWZpY2F0ZS5tYW5hZ2VtZW50LmF6dXJlLmNvbTCCASIwDQYJKoZIhvcNAQEBBQADggEPADCCAQoCggEBALb7q8LgkqS_7Sa915WSEvu_LerzErVZMTTkw7KXLAdnIWMjvrOw1RefK_Xe_cFp1_e2xVZM1Zog0tE-_XlllqRwZapoZJTL14Kmh7C0GvefEv-5GdvOnMy695cBHvQJTv1mqxiuvsmhJdB5__zphMuTvy0lF2K1ceor52XBk_VLEQtBcMhz8UUKVZ2KboqO1b56fjCSzbjn-sv5cQ7zx0_GZYADJbddS7dvpIwmb3QZzHcEcbAec_ouQ-YyxmKTpGa17K6DB_CoquSZ2A0TRHJqBpgeGjL0b652ekPbj9oy-sOOusDnwfN95QPWCJFjmNz1aKdnUhXmx8FU134pOkUCAwEAAaOCBHQwggRwMCcGCSsGAQQBgjcVCgQaMBgwCgYIKwYBBQUHAwEwCgYIKwYBBQUHAwIwPQYJKwYBBAGCNxUHBDAwLgYmKwYBBAGCNxUIhpDjDYTVtHiE8Ys-hZvdFs6dEoFghfmRS4WsmTQCAWQCAQcwggHLBggrBgEFBQcBAQSCAb0wggG5MGMGCCsGAQUFBzAChldodHRwOi8vY3JsLm1pY3Jvc29mdC5jb20vcGtpaW5mcmEvQ2VydHMvQ08xUEtJSU5UQ0EwMS5BTUUuR0JMX0FNRSUyMEluZnJhJTIwQ0ElMjAwNS5jcnQwUwYIKwYBBQUHMAKGR2h0dHA6Ly9jcmwxLmFtZS5nYmwvYWlhL0NPMVBLSUlOVENBMDEuQU1FLkdCTF9BTUUlMjBJbmZyYSUyMENBJTIwMDUuY3J0MFMGCCsGAQUFBzAChkdodHRwOi8vY3JsMi5hbWUuZ2JsL2FpYS9DTzFQS0lJTlRDQTAxLkFNRS5HQkxfQU1FJTIwSW5mcmElMjBDQSUyMDA1LmNydDBTBggrBgEFBQcwAoZHaHR0cDovL2NybDMuYW1lLmdibC9haWEvQ08xUEtJSU5UQ0EwMS5BTUUuR0JMX0FNRSUyMEluZnJhJTIwQ0ElMjAwNS5jcnQwUwYIKwYBBQUHMAKGR2h0dHA6Ly9jcmw0LmFtZS5nYmwvYWlhL0NPMVBLSUlOVENBMDEuQU1FLkdCTF9BTUUlMjBJbmZyYSUyMENBJTIwMDUuY3J0MB0GA1UdDgQWBBSi0lU0HWkl1SHwyRBzQPtbjPmHfTAOBgNVHQ8BAf8EBAMCBaAwggEmBgNVHR8EggEdMIIBGTCCARWgggERoIIBDYY_aHR0cDovL2NybC5taWNyb3NvZnQuY29tL3BraWluZnJhL0NSTC9BTUUlMjBJbmZyYSUyMENBJTIwMDUuY3JshjFodHRwOi8vY3JsMS5hbWUuZ2JsL2NybC9BTUUlMjBJbmZyYSUyMENBJTIwMDUuY3JshjFodHRwOi8vY3JsMi5hbWUuZ2JsL2NybC9BTUUlMjBJbmZyYSUyMENBJTIwMDUuY3JshjFodHRwOi8vY3JsMy5hbWUuZ2JsL2NybC9BTUUlMjBJbmZyYSUyMENBJTIwMDUuY3JshjFodHRwOi8vY3JsNC5hbWUuZ2JsL2NybC9BTUUlMjBJbmZyYSUyMENBJTIwMDUuY3JsMIGdBgNVHSAEgZUwgZIwDAYKKwYBBAGCN3sBATBmBgorBgEEAYI3ewICMFgwVgYIKwYBBQUHAgIwSh5IADMAMwBlADAAMQA5ADIAMQAtADQAZAA2ADQALQA0AGYAOABjAC0AYQAwADUANQAtADUAYgBkAGEAZgBmAGQANQBlADMAMwBkMAwGCisGAQQBgjd7AwIwDAYKKwYBBAGCN3sEAjAfBgNVHSMEGDAWgBR61hmFKHlscXYeYPjzS--iBUIWHTAdBgNVHSUEFjAUBggrBgEFBQcDAQYIKwYBBQUHAwIwDQYJKoZIhvcNAQELBQADggEBACdnVC4tNlyw3EyuiJTFX5692Q_SgsQB7SjH2__G8q1XVJ0GiNSI4NKXoC8rVoxrLDL28sgifuyaEjoA9IYoahBs9l6DzxOxA0fDaBOTteaFuniOzVtW6WubmshP_yDd1pFPJydCOEtgKApCNY8y5eo8GzdatHpMEID7E2ZDrxTnq7PtzLXpoeF0A5W6qhqGypYabh7ugJ5-R8hb1iOlFYy2yvCrBaAW9wwnUPpO3DQRyoxnbzomyTIbrxEJuuaalADYKnu7GVtfL43Srrrx_HEfhy1rsf0ZK9CmJ64NOTHXIRG0kYIl5LhwZVZSEDqBPTAAy9oAm1i5D1jbVw2FPF8&s=tsaBDlrjtMdaagHyHYQaL6UbnCaSx8xDQfx7jJVWvPVlwpKUJh4rClNZ2bjdUHV2EgggPEXU8eRqSpeLt1uZ-yDZFQFR8GhQGugksiE53P-QeOAzox3LhjG22OgW-745dTyaanKxJ0gr6EPyllpVHhYSxE1FCn_RTLmCYc7wUL0dNpPVqNS08tkuIkMZ69UU7HJ5l2KdAbEGSlX74p2Odd5_pEei3GG_7khwBKVcgdf347p1dv7gjAFaZ5jz9n4l8K4XmaLqv2zGQkJwJQzUXlT8GnxlJ3_FEK5-pp7Mc8gQ31CBIgTYuC1qNkNwX8Kd8wL7AtWqTYS4zAwYQIe1Zg&h=0iWfeySMuD4cpYRb6Mf253wQbhhlMAi51nGVg-nLJhY
  response:
    body:
      string: '{"name":"9a550c70-0557-47a9-8284-ca7f418412e2","status":"InProgress","startTime":"2026-01-12T18:25:58.327Z"}'
    headers:
      cache-control:
      - no-cache
      content-length:
      - '108'
      content-type:
      - application/json; charset=utf-8
      date:
      - Mon, 12 Jan 2026 18:30:00 GMT
      expires:
      - '-1'
      pragma:
      - no-cache
      strict-transport-security:
      - max-age=31536000; includeSubDomains
      x-cache:
      - CONFIG_NOCACHE
      x-content-type-options:
      - nosniff
      x-ms-operation-identifier:
      - tenantId=72f988bf-86f1-41af-91ab-2d7cd011db47,objectId=f57d2932-2a78-450f-958a-e65997c3253b/eastus/a95b3ff0-f698-468a-9e95-35a4b4b7205e
      x-ms-ratelimit-remaining-subscription-global-reads:
      - '16499'
      x-msedge-ref:
      - 'Ref A: DD62C334E8A949AB89C154079C812C3C Ref B: MNZ221060618027 Ref C: 2026-01-12T18:30:00Z'
    status:
      code: 200
      message: OK
- request:
    body: null
    headers:
      Accept:
      - '*/*'
      Accept-Encoding:
      - gzip, deflate
      CommandName:
      - postgres flexible-server create
      Connection:
      - keep-alive
      ParameterSetName:
      - -g -n --tier --location --version --public-access --yes
      User-Agent:
      - AZURECLI/2.82.0 azsdk-python-core/1.37.0 Python/3.13.10 (Windows-11-10.0.26200-SP0)
    method: GET
    uri: https://management.azure.com/subscriptions/00000000-0000-0000-0000-000000000000/providers/Microsoft.DBforPostgreSQL/locations/canadacentral/azureAsyncOperation/9a550c70-0557-47a9-8284-ca7f418412e2?api-version=2025-08-01&t=639038391583853001&c=MIIHhzCCBm-gAwIBAgITfAlY2NhYWz_rkiYT0gAACVjY2DANBgkqhkiG9w0BAQsFADBEMRMwEQYKCZImiZPyLGQBGRYDR0JMMRMwEQYKCZImiZPyLGQBGRYDQU1FMRgwFgYDVQQDEw9BTUUgSW5mcmEgQ0EgMDUwHhcNMjUxMDE5MDMwMTUzWhcNMjYwNDE3MDMwMTUzWjBAMT4wPAYDVQQDEzVhc3luY29wZXJhdGlvbnNpZ25pbmdjZXJ0aWZpY2F0ZS5tYW5hZ2VtZW50LmF6dXJlLmNvbTCCASIwDQYJKoZIhvcNAQEBBQADggEPADCCAQoCggEBALb7q8LgkqS_7Sa915WSEvu_LerzErVZMTTkw7KXLAdnIWMjvrOw1RefK_Xe_cFp1_e2xVZM1Zog0tE-_XlllqRwZapoZJTL14Kmh7C0GvefEv-5GdvOnMy695cBHvQJTv1mqxiuvsmhJdB5__zphMuTvy0lF2K1ceor52XBk_VLEQtBcMhz8UUKVZ2KboqO1b56fjCSzbjn-sv5cQ7zx0_GZYADJbddS7dvpIwmb3QZzHcEcbAec_ouQ-YyxmKTpGa17K6DB_CoquSZ2A0TRHJqBpgeGjL0b652ekPbj9oy-sOOusDnwfN95QPWCJFjmNz1aKdnUhXmx8FU134pOkUCAwEAAaOCBHQwggRwMCcGCSsGAQQBgjcVCgQaMBgwCgYIKwYBBQUHAwEwCgYIKwYBBQUHAwIwPQYJKwYBBAGCNxUHBDAwLgYmKwYBBAGCNxUIhpDjDYTVtHiE8Ys-hZvdFs6dEoFghfmRS4WsmTQCAWQCAQcwggHLBggrBgEFBQcBAQSCAb0wggG5MGMGCCsGAQUFBzAChldodHRwOi8vY3JsLm1pY3Jvc29mdC5jb20vcGtpaW5mcmEvQ2VydHMvQ08xUEtJSU5UQ0EwMS5BTUUuR0JMX0FNRSUyMEluZnJhJTIwQ0ElMjAwNS5jcnQwUwYIKwYBBQUHMAKGR2h0dHA6Ly9jcmwxLmFtZS5nYmwvYWlhL0NPMVBLSUlOVENBMDEuQU1FLkdCTF9BTUUlMjBJbmZyYSUyMENBJTIwMDUuY3J0MFMGCCsGAQUFBzAChkdodHRwOi8vY3JsMi5hbWUuZ2JsL2FpYS9DTzFQS0lJTlRDQTAxLkFNRS5HQkxfQU1FJTIwSW5mcmElMjBDQSUyMDA1LmNydDBTBggrBgEFBQcwAoZHaHR0cDovL2NybDMuYW1lLmdibC9haWEvQ08xUEtJSU5UQ0EwMS5BTUUuR0JMX0FNRSUyMEluZnJhJTIwQ0ElMjAwNS5jcnQwUwYIKwYBBQUHMAKGR2h0dHA6Ly9jcmw0LmFtZS5nYmwvYWlhL0NPMVBLSUlOVENBMDEuQU1FLkdCTF9BTUUlMjBJbmZyYSUyMENBJTIwMDUuY3J0MB0GA1UdDgQWBBSi0lU0HWkl1SHwyRBzQPtbjPmHfTAOBgNVHQ8BAf8EBAMCBaAwggEmBgNVHR8EggEdMIIBGTCCARWgggERoIIBDYY_aHR0cDovL2NybC5taWNyb3NvZnQuY29tL3BraWluZnJhL0NSTC9BTUUlMjBJbmZyYSUyMENBJTIwMDUuY3JshjFodHRwOi8vY3JsMS5hbWUuZ2JsL2NybC9BTUUlMjBJbmZyYSUyMENBJTIwMDUuY3JshjFodHRwOi8vY3JsMi5hbWUuZ2JsL2NybC9BTUUlMjBJbmZyYSUyMENBJTIwMDUuY3JshjFodHRwOi8vY3JsMy5hbWUuZ2JsL2NybC9BTUUlMjBJbmZyYSUyMENBJTIwMDUuY3JshjFodHRwOi8vY3JsNC5hbWUuZ2JsL2NybC9BTUUlMjBJbmZyYSUyMENBJTIwMDUuY3JsMIGdBgNVHSAEgZUwgZIwDAYKKwYBBAGCN3sBATBmBgorBgEEAYI3ewICMFgwVgYIKwYBBQUHAgIwSh5IADMAMwBlADAAMQA5ADIAMQAtADQAZAA2ADQALQA0AGYAOABjAC0AYQAwADUANQAtADUAYgBkAGEAZgBmAGQANQBlADMAMwBkMAwGCisGAQQBgjd7AwIwDAYKKwYBBAGCN3sEAjAfBgNVHSMEGDAWgBR61hmFKHlscXYeYPjzS--iBUIWHTAdBgNVHSUEFjAUBggrBgEFBQcDAQYIKwYBBQUHAwIwDQYJKoZIhvcNAQELBQADggEBACdnVC4tNlyw3EyuiJTFX5692Q_SgsQB7SjH2__G8q1XVJ0GiNSI4NKXoC8rVoxrLDL28sgifuyaEjoA9IYoahBs9l6DzxOxA0fDaBOTteaFuniOzVtW6WubmshP_yDd1pFPJydCOEtgKApCNY8y5eo8GzdatHpMEID7E2ZDrxTnq7PtzLXpoeF0A5W6qhqGypYabh7ugJ5-R8hb1iOlFYy2yvCrBaAW9wwnUPpO3DQRyoxnbzomyTIbrxEJuuaalADYKnu7GVtfL43Srrrx_HEfhy1rsf0ZK9CmJ64NOTHXIRG0kYIl5LhwZVZSEDqBPTAAy9oAm1i5D1jbVw2FPF8&s=tsaBDlrjtMdaagHyHYQaL6UbnCaSx8xDQfx7jJVWvPVlwpKUJh4rClNZ2bjdUHV2EgggPEXU8eRqSpeLt1uZ-yDZFQFR8GhQGugksiE53P-QeOAzox3LhjG22OgW-745dTyaanKxJ0gr6EPyllpVHhYSxE1FCn_RTLmCYc7wUL0dNpPVqNS08tkuIkMZ69UU7HJ5l2KdAbEGSlX74p2Odd5_pEei3GG_7khwBKVcgdf347p1dv7gjAFaZ5jz9n4l8K4XmaLqv2zGQkJwJQzUXlT8GnxlJ3_FEK5-pp7Mc8gQ31CBIgTYuC1qNkNwX8Kd8wL7AtWqTYS4zAwYQIe1Zg&h=0iWfeySMuD4cpYRb6Mf253wQbhhlMAi51nGVg-nLJhY
  response:
    body:
      string: '{"name":"9a550c70-0557-47a9-8284-ca7f418412e2","status":"Succeeded","startTime":"2026-01-12T18:25:58.327Z"}'
    headers:
      cache-control:
      - no-cache
      content-length:
      - '107'
      content-type:
      - application/json; charset=utf-8
      date:
      - Mon, 12 Jan 2026 18:31:02 GMT
      expires:
      - '-1'
      pragma:
      - no-cache
      strict-transport-security:
      - max-age=31536000; includeSubDomains
      x-cache:
      - CONFIG_NOCACHE
      x-content-type-options:
      - nosniff
      x-ms-operation-identifier:
      - tenantId=72f988bf-86f1-41af-91ab-2d7cd011db47,objectId=f57d2932-2a78-450f-958a-e65997c3253b/eastus/38326022-9a7a-4628-94cd-b2a3eb279047
      x-ms-ratelimit-remaining-subscription-global-reads:
      - '16499'
      x-msedge-ref:
      - 'Ref A: BD26ECD8E86243929E84DBCA93FFD380 Ref B: MNZ221060608039 Ref C: 2026-01-12T18:31:02Z'
    status:
      code: 200
      message: OK
- request:
    body: null
    headers:
      Accept:
      - '*/*'
      Accept-Encoding:
      - gzip, deflate
      CommandName:
      - postgres flexible-server create
      Connection:
      - keep-alive
      ParameterSetName:
      - -g -n --tier --location --version --public-access --yes
      User-Agent:
      - AZURECLI/2.82.0 azsdk-python-core/1.37.0 Python/3.13.10 (Windows-11-10.0.26200-SP0)
    method: GET
    uri: https://management.azure.com/subscriptions/00000000-0000-0000-0000-000000000000/resourceGroups/clitest.rg000001/providers/Microsoft.DBforPostgreSQL/flexibleServers/azuredbclitest-000002?api-version=2025-08-01
  response:
    body:
      string: '{"sku":{"name":"Standard_D2ds_v5","tier":"GeneralPurpose"},"systemData":{"createdAt":"2026-01-12T18:26:12.2195960Z"},"properties":{"replica":{"role":"Primary","capacity":5},"storage":{"type":"","iops":500,"tier":"P10","storageSizeGB":128,"autoGrow":"Disabled"},"network":{"publicNetworkAccess":"Disabled"},"privateEndpointConnections":[],"dataEncryption":{"type":"SystemManaged"},"authConfig":{"activeDirectoryAuth":"Disabled","passwordAuth":"Enabled"},"fullyQualifiedDomainName":"azuredbclitest-000002.postgres.database.azure.com","version":"15","minorVersion":"15","administratorLogin":"bouncycod1","state":"Ready","availabilityZone":"2","backup":{"backupRetentionDays":7,"geoRedundantBackup":"Disabled"},"highAvailability":{"mode":"Disabled","state":"NotEnabled"},"maintenanceWindow":{"customWindow":"Disabled","dayOfWeek":0,"startHour":0,"startMinute":0},"replicationRole":"Primary","replicaCapacity":5},"location":"Canada
        Central","id":"/subscriptions/00000000-0000-0000-0000-000000000000/resourceGroups/clitest.rg000001/providers/Microsoft.DBforPostgreSQL/flexibleServers/azuredbclitest-000002","name":"azuredbclitest-000002","type":"Microsoft.DBforPostgreSQL/flexibleServers"}'
    headers:
      cache-control:
      - no-cache
      content-length:
      - '1183'
      content-type:
      - application/json; charset=utf-8
      date:
      - Mon, 12 Jan 2026 18:31:04 GMT
      expires:
      - '-1'
      pragma:
      - no-cache
      strict-transport-security:
      - max-age=31536000; includeSubDomains
      x-cache:
      - CONFIG_NOCACHE
      x-content-type-options:
      - nosniff
      x-ms-ratelimit-remaining-subscription-global-reads:
      - '16499'
      x-msedge-ref:
      - 'Ref A: 5B8C6C439F3C4008A64E74557718DE5C Ref B: BL2AA2011004034 Ref C: 2026-01-12T18:31:04Z'
    status:
      code: 200
      message: OK
- request:
    body: null
    headers:
      Accept:
      - application/json
      Accept-Encoding:
      - gzip, deflate
      CommandName:
      - postgres flexible-server show
      Connection:
      - keep-alive
      ParameterSetName:
      - -g -n
      User-Agent:
      - AZURECLI/2.82.0 azsdk-python-core/1.37.0 Python/3.13.10 (Windows-11-10.0.26200-SP0)
    method: GET
    uri: https://management.azure.com/subscriptions/00000000-0000-0000-0000-000000000000/resourceGroups/clitest.rg000001/providers/Microsoft.DBforPostgreSQL/flexibleServers/azuredbclitest-000002?api-version=2025-08-01
  response:
    body:
      string: '{"sku":{"name":"Standard_D2ds_v5","tier":"GeneralPurpose"},"systemData":{"createdAt":"2026-01-12T18:26:12.2195960Z"},"properties":{"replica":{"role":"Primary","capacity":5},"storage":{"type":"","iops":500,"tier":"P10","storageSizeGB":128,"autoGrow":"Disabled"},"network":{"publicNetworkAccess":"Disabled"},"privateEndpointConnections":[],"dataEncryption":{"type":"SystemManaged"},"authConfig":{"activeDirectoryAuth":"Disabled","passwordAuth":"Enabled"},"fullyQualifiedDomainName":"azuredbclitest-000002.postgres.database.azure.com","version":"15","minorVersion":"15","administratorLogin":"bouncycod1","state":"Ready","availabilityZone":"2","backup":{"backupRetentionDays":7,"geoRedundantBackup":"Disabled"},"highAvailability":{"mode":"Disabled","state":"NotEnabled"},"maintenanceWindow":{"customWindow":"Disabled","dayOfWeek":0,"startHour":0,"startMinute":0},"replicationRole":"Primary","replicaCapacity":5},"location":"Canada
        Central","id":"/subscriptions/00000000-0000-0000-0000-000000000000/resourceGroups/clitest.rg000001/providers/Microsoft.DBforPostgreSQL/flexibleServers/azuredbclitest-000002","name":"azuredbclitest-000002","type":"Microsoft.DBforPostgreSQL/flexibleServers"}'
    headers:
      cache-control:
      - no-cache
      content-length:
      - '1183'
      content-type:
      - application/json; charset=utf-8
      date:
      - Mon, 12 Jan 2026 18:31:05 GMT
      expires:
      - '-1'
      pragma:
      - no-cache
      strict-transport-security:
      - max-age=31536000; includeSubDomains
      x-cache:
      - CONFIG_NOCACHE
      x-content-type-options:
      - nosniff
      x-ms-ratelimit-remaining-subscription-global-reads:
      - '16499'
      x-msedge-ref:
      - 'Ref A: 6DA168247A2846568E0C7C4D76D82830 Ref B: MNZ221060619019 Ref C: 2026-01-12T18:31:05Z'
    status:
      code: 200
      message: OK
- request:
    body: null
    headers:
      Accept:
      - application/json
      Accept-Encoding:
      - gzip, deflate
      CommandName:
      - postgres flexible-server upgrade
      Connection:
      - keep-alive
      ParameterSetName:
      - -g -n --version --yes
      User-Agent:
      - AZURECLI/2.82.0 azsdk-python-core/1.37.0 Python/3.13.10 (Windows-11-10.0.26200-SP0)
    method: GET
    uri: https://management.azure.com/subscriptions/00000000-0000-0000-0000-000000000000/resourceGroups/clitest.rg000001/providers/Microsoft.DBforPostgreSQL/flexibleServers/azuredbclitest-000002?api-version=2025-08-01
  response:
    body:
      string: '{"sku":{"name":"Standard_D2ds_v5","tier":"GeneralPurpose"},"systemData":{"createdAt":"2026-01-12T18:26:12.2195960Z"},"properties":{"replica":{"role":"Primary","capacity":5},"storage":{"type":"","iops":500,"tier":"P10","storageSizeGB":128,"autoGrow":"Disabled"},"network":{"publicNetworkAccess":"Disabled"},"privateEndpointConnections":[],"dataEncryption":{"type":"SystemManaged"},"authConfig":{"activeDirectoryAuth":"Disabled","passwordAuth":"Enabled"},"fullyQualifiedDomainName":"azuredbclitest-000002.postgres.database.azure.com","version":"15","minorVersion":"15","administratorLogin":"bouncycod1","state":"Ready","availabilityZone":"2","backup":{"backupRetentionDays":7,"geoRedundantBackup":"Disabled"},"highAvailability":{"mode":"Disabled","state":"NotEnabled"},"maintenanceWindow":{"customWindow":"Disabled","dayOfWeek":0,"startHour":0,"startMinute":0},"replicationRole":"Primary","replicaCapacity":5},"location":"Canada
        Central","id":"/subscriptions/00000000-0000-0000-0000-000000000000/resourceGroups/clitest.rg000001/providers/Microsoft.DBforPostgreSQL/flexibleServers/azuredbclitest-000002","name":"azuredbclitest-000002","type":"Microsoft.DBforPostgreSQL/flexibleServers"}'
    headers:
      cache-control:
      - no-cache
      content-length:
      - '1183'
      content-type:
      - application/json; charset=utf-8
      date:
      - Mon, 12 Jan 2026 18:31:04 GMT
      expires:
      - '-1'
      pragma:
      - no-cache
      strict-transport-security:
      - max-age=31536000; includeSubDomains
      x-cache:
      - CONFIG_NOCACHE
      x-content-type-options:
      - nosniff
      x-ms-ratelimit-remaining-subscription-global-reads:
      - '16499'
      x-msedge-ref:
      - 'Ref A: F91B9EE5027B4949B269EA4153FC4884 Ref B: MNZ221060618009 Ref C: 2026-01-12T18:31:05Z'
    status:
      code: 200
      message: OK
- request:
    body: null
    headers:
      Accept:
      - application/json
      Accept-Encoding:
      - gzip, deflate
      CommandName:
      - postgres flexible-server upgrade
      Connection:
      - keep-alive
      ParameterSetName:
      - -g -n --version --yes
      User-Agent:
      - AZURECLI/2.82.0 azsdk-python-core/1.37.0 Python/3.13.10 (Windows-11-10.0.26200-SP0)
    method: GET
    uri: https://management.azure.com/subscriptions/00000000-0000-0000-0000-000000000000/resourceGroups/clitest.rg000001/providers/Microsoft.DBforPostgreSQL/flexibleServers/azuredbclitest-000002?api-version=2025-08-01
  response:
    body:
      string: '{"sku":{"name":"Standard_D2ds_v5","tier":"GeneralPurpose"},"systemData":{"createdAt":"2026-01-12T18:26:12.2195960Z"},"properties":{"replica":{"role":"Primary","capacity":5},"storage":{"type":"","iops":500,"tier":"P10","storageSizeGB":128,"autoGrow":"Disabled"},"network":{"publicNetworkAccess":"Disabled"},"privateEndpointConnections":[],"dataEncryption":{"type":"SystemManaged"},"authConfig":{"activeDirectoryAuth":"Disabled","passwordAuth":"Enabled"},"fullyQualifiedDomainName":"azuredbclitest-000002.postgres.database.azure.com","version":"15","minorVersion":"15","administratorLogin":"bouncycod1","state":"Ready","availabilityZone":"2","backup":{"backupRetentionDays":7,"geoRedundantBackup":"Disabled"},"highAvailability":{"mode":"Disabled","state":"NotEnabled"},"maintenanceWindow":{"customWindow":"Disabled","dayOfWeek":0,"startHour":0,"startMinute":0},"replicationRole":"Primary","replicaCapacity":5},"location":"Canada
        Central","id":"/subscriptions/00000000-0000-0000-0000-000000000000/resourceGroups/clitest.rg000001/providers/Microsoft.DBforPostgreSQL/flexibleServers/azuredbclitest-000002","name":"azuredbclitest-000002","type":"Microsoft.DBforPostgreSQL/flexibleServers"}'
    headers:
      cache-control:
      - no-cache
      content-length:
      - '1183'
      content-type:
      - application/json; charset=utf-8
      date:
      - Mon, 12 Jan 2026 18:31:05 GMT
      expires:
      - '-1'
      pragma:
      - no-cache
      strict-transport-security:
      - max-age=31536000; includeSubDomains
      x-cache:
      - CONFIG_NOCACHE
      x-content-type-options:
      - nosniff
      x-ms-ratelimit-remaining-subscription-global-reads:
      - '16499'
      x-msedge-ref:
      - 'Ref A: 3917E223E0584172B18DC997839CA84B Ref B: BL2AA2011003052 Ref C: 2026-01-12T18:31:05Z'
    status:
      code: 200
      message: OK
- request:
    body: null
    headers:
      Accept:
      - application/json
      Accept-Encoding:
      - gzip, deflate
      CommandName:
      - postgres flexible-server upgrade
      Connection:
      - keep-alive
      ParameterSetName:
      - -g -n --version --yes
      User-Agent:
      - AZURECLI/2.82.0 azsdk-python-core/1.37.0 Python/3.13.10 (Windows-11-10.0.26200-SP0)
    method: GET
    uri: https://management.azure.com/subscriptions/00000000-0000-0000-0000-000000000000/resourceGroups/clitest.rg000001/providers/Microsoft.DBforPostgreSQL/flexibleServers/azuredbclitest-000002/capabilities?api-version=2025-08-01
  response:
    body:
      string: '{"value":[{"name":"FlexibleServerCapabilities","supportedServerEditions":[{"supportedServerSkus":[{"supportedFeatures":[],"name":"Standard_B1ms","vCores":1,"supportedIops":640,"supportedMemoryPerVcoreMb":2048,"supportedZones":["1","2","3"],"supportedHaMode":["SameZone","ZoneRedundant"]},{"supportedFeatures":[],"name":"Standard_B2s","vCores":2,"supportedIops":1280,"supportedMemoryPerVcoreMb":2048,"supportedZones":["1","2","3"],"supportedHaMode":["SameZone","ZoneRedundant"]},{"supportedFeatures":[],"name":"Standard_B2ms","vCores":2,"supportedIops":1920,"supportedMemoryPerVcoreMb":4096,"supportedZones":["1","2","3"],"supportedHaMode":["SameZone","ZoneRedundant"]},{"supportedFeatures":[],"name":"Standard_B4ms","vCores":4,"supportedIops":2880,"supportedMemoryPerVcoreMb":4096,"supportedZones":["1","2","3"],"supportedHaMode":["SameZone","ZoneRedundant"]},{"supportedFeatures":[],"name":"Standard_B8ms","vCores":8,"supportedIops":4320,"supportedMemoryPerVcoreMb":4096,"supportedZones":["1","2","3"],"supportedHaMode":["SameZone","ZoneRedundant"]},{"supportedFeatures":[],"name":"Standard_B12ms","vCores":12,"supportedIops":4320,"supportedMemoryPerVcoreMb":4096,"supportedZones":["1","2","3"],"supportedHaMode":["SameZone","ZoneRedundant"]},{"supportedFeatures":[],"name":"Standard_B16ms","vCores":16,"supportedIops":4320,"supportedMemoryPerVcoreMb":4096,"supportedZones":["1","2","3"],"supportedHaMode":["SameZone","ZoneRedundant"]},{"supportedFeatures":[],"name":"Standard_B20ms","vCores":20,"supportedIops":4320,"supportedMemoryPerVcoreMb":4096,"supportedZones":["1","2","3"],"supportedHaMode":["SameZone","ZoneRedundant"]}],"name":"Burstable","defaultSkuName":"Standard_B2s","supportedStorageEditions":[{"name":"ManagedDisk","defaultStorageSizeMb":32768,"supportedStorageMb":[{"supportedIops":120,"storageSizeMb":32768,"defaultIopsTier":"P4","supportedIopsTiers":[{"name":"P4","iops":120},{"name":"P6","iops":240},{"name":"P10","iops":500},{"name":"P15","iops":1100},{"name":"P20","iops":2300},{"name":"P30","iops":5000},{"name":"P40","iops":7500},{"name":"P50","iops":7500}]},{"supportedIops":240,"storageSizeMb":65536,"defaultIopsTier":"P6","supportedIopsTiers":[{"name":"P6","iops":240},{"name":"P10","iops":500},{"name":"P15","iops":1100},{"name":"P20","iops":2300},{"name":"P30","iops":5000},{"name":"P40","iops":7500},{"name":"P50","iops":7500}]},{"supportedIops":500,"storageSizeMb":131072,"defaultIopsTier":"P10","supportedIopsTiers":[{"name":"P10","iops":500},{"name":"P15","iops":1100},{"name":"P20","iops":2300},{"name":"P30","iops":5000},{"name":"P40","iops":7500},{"name":"P50","iops":7500}]},{"supportedIops":1100,"storageSizeMb":262144,"defaultIopsTier":"P15","supportedIopsTiers":[{"name":"P15","iops":1100},{"name":"P20","iops":2300},{"name":"P30","iops":5000},{"name":"P40","iops":7500},{"name":"P50","iops":7500}]},{"supportedIops":2300,"storageSizeMb":524288,"defaultIopsTier":"P20","supportedIopsTiers":[{"name":"P20","iops":2300},{"name":"P30","iops":5000},{"name":"P40","iops":7500},{"name":"P50","iops":7500}]},{"supportedIops":5000,"storageSizeMb":1048576,"defaultIopsTier":"P30","supportedIopsTiers":[{"name":"P30","iops":5000},{"name":"P40","iops":7500},{"name":"P50","iops":7500}]},{"supportedIops":7500,"storageSizeMb":2097152,"defaultIopsTier":"P40","supportedIopsTiers":[{"name":"P40","iops":7500},{"name":"P50","iops":7500}]},{"supportedIops":7500,"storageSizeMb":4193280,"defaultIopsTier":"P50","supportedIopsTiers":[{"name":"P50","iops":7500}]},{"supportedIops":7500,"storageSizeMb":4194304,"defaultIopsTier":"P50","supportedIopsTiers":[{"name":"P50","iops":7500}]},{"supportedIops":16000,"storageSizeMb":8388608,"defaultIopsTier":"P60","supportedIopsTiers":[{"name":"P60","iops":16000},{"name":"P70","iops":18000},{"name":"P80","iops":20000}]},{"supportedIops":18000,"storageSizeMb":16777216,"defaultIopsTier":"P70","supportedIopsTiers":[{"name":"P70","iops":18000},{"name":"P80","iops":20000}]},{"supportedIops":20000,"storageSizeMb":33553408,"defaultIopsTier":"P80","supportedIopsTiers":[{"name":"P80","iops":20000}]}]},{"name":"ManagedDiskV2","defaultStorageSizeMb":32768,"supportedStorageMb":[{"supportedIops":3000,"supportedMaximumIops":80000,"storageSizeMb":32768,"maximumStorageSizeMb":67108864,"supportedThroughput":125,"supportedMaximumThroughput":1200,"defaultIopsTier":"None","supportedIopsTiers":[{"name":"None","iops":0}]}]}]},{"supportedServerSkus":[{"supportedFeatures":[],"name":"Standard_D2s_v3","vCores":2,"supportedIops":3200,"supportedMemoryPerVcoreMb":4096,"supportedZones":["1","2","3"],"supportedHaMode":["SameZone","ZoneRedundant"]},{"supportedFeatures":[],"name":"Standard_D4s_v3","vCores":4,"supportedIops":6400,"supportedMemoryPerVcoreMb":4096,"supportedZones":["1","2","3"],"supportedHaMode":["SameZone","ZoneRedundant"]},{"supportedFeatures":[],"name":"Standard_D8s_v3","vCores":8,"supportedIops":12800,"supportedMemoryPerVcoreMb":4096,"supportedZones":["1","2","3"],"supportedHaMode":["SameZone","ZoneRedundant"]},{"supportedFeatures":[],"name":"Standard_D16s_v3","vCores":16,"supportedIops":25600,"supportedMemoryPerVcoreMb":4096,"supportedZones":["1","2","3"],"supportedHaMode":["SameZone","ZoneRedundant"]},{"supportedFeatures":[],"name":"Standard_D32s_v3","vCores":32,"supportedIops":51200,"supportedMemoryPerVcoreMb":4096,"supportedZones":["1","2","3"],"supportedHaMode":["SameZone","ZoneRedundant"]},{"supportedFeatures":[],"name":"Standard_D48s_v3","vCores":48,"supportedIops":76800,"supportedMemoryPerVcoreMb":4096,"supportedZones":["1","2","3"],"supportedHaMode":["SameZone","ZoneRedundant"]},{"supportedFeatures":[],"name":"Standard_D64s_v3","vCores":64,"supportedIops":80000,"supportedMemoryPerVcoreMb":4096,"supportedZones":["1","2","3"],"supportedHaMode":["SameZone","ZoneRedundant"]},{"supportedFeatures":[],"name":"Standard_D2ds_v4","vCores":2,"supportedIops":3200,"supportedMemoryPerVcoreMb":4096,"supportedZones":["1","2","3"],"supportedHaMode":["SameZone","ZoneRedundant"]},{"supportedFeatures":[],"name":"Standard_D4ds_v4","vCores":4,"supportedIops":6400,"supportedMemoryPerVcoreMb":4096,"supportedZones":["1","2","3"],"supportedHaMode":["SameZone","ZoneRedundant"]},{"supportedFeatures":[],"name":"Standard_D8ds_v4","vCores":8,"supportedIops":12800,"supportedMemoryPerVcoreMb":4096,"supportedZones":["1","2","3"],"supportedHaMode":["SameZone","ZoneRedundant"]},{"supportedFeatures":[],"name":"Standard_D16ds_v4","vCores":16,"supportedIops":25600,"supportedMemoryPerVcoreMb":4096,"supportedZones":["1","2","3"],"supportedHaMode":["SameZone","ZoneRedundant"]},{"supportedFeatures":[],"name":"Standard_D32ds_v4","vCores":32,"supportedIops":51200,"supportedMemoryPerVcoreMb":4096,"supportedZones":["1","2","3"],"supportedHaMode":["SameZone","ZoneRedundant"]},{"supportedFeatures":[],"name":"Standard_D48ds_v4","vCores":48,"supportedIops":76800,"supportedMemoryPerVcoreMb":4096,"supportedZones":["1","2","3"],"supportedHaMode":["SameZone","ZoneRedundant"]},{"supportedFeatures":[],"name":"Standard_D64ds_v4","vCores":64,"supportedIops":80000,"supportedMemoryPerVcoreMb":4096,"supportedZones":["1","2","3"],"supportedHaMode":["SameZone","ZoneRedundant"]},{"supportedFeatures":[],"name":"Standard_D2ads_v5","vCores":2,"supportedIops":3200,"supportedMemoryPerVcoreMb":4096,"supportedZones":["1","2","3"],"supportedHaMode":["SameZone","ZoneRedundant"]},{"supportedFeatures":[],"name":"Standard_D4ads_v5","vCores":4,"supportedIops":6400,"supportedMemoryPerVcoreMb":4096,"supportedZones":["1","2","3"],"supportedHaMode":["SameZone","ZoneRedundant"]},{"supportedFeatures":[],"name":"Standard_D8ads_v5","vCores":8,"supportedIops":12800,"supportedMemoryPerVcoreMb":4096,"supportedZones":["1","2","3"],"supportedHaMode":["SameZone","ZoneRedundant"]},{"supportedFeatures":[],"name":"Standard_D16ads_v5","vCores":16,"supportedIops":25600,"supportedMemoryPerVcoreMb":4096,"supportedZones":["1","2","3"],"supportedHaMode":["SameZone","ZoneRedundant"]},{"supportedFeatures":[],"name":"Standard_D32ads_v5","vCores":32,"supportedIops":51200,"supportedMemoryPerVcoreMb":4096,"supportedZones":["1","2","3"],"supportedHaMode":["SameZone","ZoneRedundant"]},{"supportedFeatures":[],"name":"Standard_D48ads_v5","vCores":48,"supportedIops":76800,"supportedMemoryPerVcoreMb":4096,"supportedZones":["1","2","3"],"supportedHaMode":["SameZone","ZoneRedundant"]},{"supportedFeatures":[],"name":"Standard_D64ads_v5","vCores":64,"supportedIops":80000,"supportedMemoryPerVcoreMb":4096,"supportedZones":["1","2","3"],"supportedHaMode":["SameZone","ZoneRedundant"]},{"supportedFeatures":[],"name":"Standard_D96ads_v5","vCores":96,"supportedIops":80000,"supportedMemoryPerVcoreMb":4096,"supportedZones":["1","2","3"],"supportedHaMode":["SameZone","ZoneRedundant"]},{"supportedFeatures":[],"name":"Standard_D2ds_v5","vCores":2,"supportedIops":3750,"supportedMemoryPerVcoreMb":4096,"supportedZones":["1","2","3"],"supportedHaMode":["SameZone","ZoneRedundant"]},{"supportedFeatures":[],"name":"Standard_D4ds_v5","vCores":4,"supportedIops":6400,"supportedMemoryPerVcoreMb":4096,"supportedZones":["1","2","3"],"supportedHaMode":["SameZone","ZoneRedundant"]},{"supportedFeatures":[],"name":"Standard_D8ds_v5","vCores":8,"supportedIops":12800,"supportedMemoryPerVcoreMb":4096,"supportedZones":["1","2","3"],"supportedHaMode":["SameZone","ZoneRedundant"]},{"supportedFeatures":[],"name":"Standard_D16ds_v5","vCores":16,"supportedIops":25600,"supportedMemoryPerVcoreMb":4096,"supportedZones":["1","2","3"],"supportedHaMode":["SameZone","ZoneRedundant"]},{"supportedFeatures":[],"name":"Standard_D32ds_v5","vCores":32,"supportedIops":51200,"supportedMemoryPerVcoreMb":4096,"supportedZones":["1","2","3"],"supportedHaMode":["SameZone","ZoneRedundant"]},{"supportedFeatures":[],"name":"Standard_D48ds_v5","vCores":48,"supportedIops":76800,"supportedMemoryPerVcoreMb":4096,"supportedZones":["1","2","3"],"supportedHaMode":["SameZone","ZoneRedundant"]},{"supportedFeatures":[],"name":"Standard_D64ds_v5","vCores":64,"supportedIops":80000,"supportedMemoryPerVcoreMb":4096,"supportedZones":["1","2","3"],"supportedHaMode":["SameZone","ZoneRedundant"]},{"supportedFeatures":[],"name":"Standard_D96ds_v5","vCores":96,"supportedIops":80000,"supportedMemoryPerVcoreMb":4096,"supportedZones":["1","2","3"],"supportedHaMode":["SameZone","ZoneRedundant"]}],"name":"GeneralPurpose","defaultSkuName":"Standard_D4ads_v5","supportedStorageEditions":[{"name":"ManagedDisk","defaultStorageSizeMb":65536,"supportedStorageMb":[{"supportedIops":120,"storageSizeMb":32768,"defaultIopsTier":"P4","supportedIopsTiers":[{"name":"P4","iops":120},{"name":"P6","iops":240},{"name":"P10","iops":500},{"name":"P15","iops":1100},{"name":"P20","iops":2300},{"name":"P30","iops":5000},{"name":"P40","iops":7500},{"name":"P50","iops":7500}]},{"supportedIops":240,"storageSizeMb":65536,"defaultIopsTier":"P6","supportedIopsTiers":[{"name":"P6","iops":240},{"name":"P10","iops":500},{"name":"P15","iops":1100},{"name":"P20","iops":2300},{"name":"P30","iops":5000},{"name":"P40","iops":7500},{"name":"P50","iops":7500}]},{"supportedIops":500,"storageSizeMb":131072,"defaultIopsTier":"P10","supportedIopsTiers":[{"name":"P10","iops":500},{"name":"P15","iops":1100},{"name":"P20","iops":2300},{"name":"P30","iops":5000},{"name":"P40","iops":7500},{"name":"P50","iops":7500}]},{"supportedIops":1100,"storageSizeMb":262144,"defaultIopsTier":"P15","supportedIopsTiers":[{"name":"P15","iops":1100},{"name":"P20","iops":2300},{"name":"P30","iops":5000},{"name":"P40","iops":7500},{"name":"P50","iops":7500}]},{"supportedIops":2300,"storageSizeMb":524288,"defaultIopsTier":"P20","supportedIopsTiers":[{"name":"P20","iops":2300},{"name":"P30","iops":5000},{"name":"P40","iops":7500},{"name":"P50","iops":7500}]},{"supportedIops":5000,"storageSizeMb":1048576,"defaultIopsTier":"P30","supportedIopsTiers":[{"name":"P30","iops":5000},{"name":"P40","iops":7500},{"name":"P50","iops":7500}]},{"supportedIops":7500,"storageSizeMb":2097152,"defaultIopsTier":"P40","supportedIopsTiers":[{"name":"P40","iops":7500},{"name":"P50","iops":7500}]},{"supportedIops":7500,"storageSizeMb":4193280,"defaultIopsTier":"P50","supportedIopsTiers":[{"name":"P50","iops":7500}]},{"supportedIops":7500,"storageSizeMb":4194304,"defaultIopsTier":"P50","supportedIopsTiers":[{"name":"P50","iops":7500}]},{"supportedIops":16000,"storageSizeMb":8388608,"defaultIopsTier":"P60","supportedIopsTiers":[{"name":"P60","iops":16000},{"name":"P70","iops":18000},{"name":"P80","iops":20000}]},{"supportedIops":18000,"storageSizeMb":16777216,"defaultIopsTier":"P70","supportedIopsTiers":[{"name":"P70","iops":18000},{"name":"P80","iops":20000}]},{"supportedIops":20000,"storageSizeMb":33553408,"defaultIopsTier":"P80","supportedIopsTiers":[{"name":"P80","iops":20000}]}]},{"name":"ManagedDiskV2","defaultStorageSizeMb":65536,"supportedStorageMb":[{"supportedIops":3000,"supportedMaximumIops":80000,"storageSizeMb":32768,"maximumStorageSizeMb":67108864,"supportedThroughput":125,"supportedMaximumThroughput":1200,"defaultIopsTier":"None","supportedIopsTiers":[{"name":"None","iops":0}]}]},{"name":"UltraDisk","defaultStorageSizeMb":65536,"supportedStorageMb":[],"reason":"Specified
        Storage Edition not supported in this region."}]},{"supportedServerSkus":[{"supportedFeatures":[],"name":"Standard_E2s_v3","vCores":2,"supportedIops":3200,"supportedMemoryPerVcoreMb":8192,"supportedZones":["1","2","3"],"supportedHaMode":["SameZone","ZoneRedundant"]},{"supportedFeatures":[],"name":"Standard_E4s_v3","vCores":4,"supportedIops":6400,"supportedMemoryPerVcoreMb":8192,"supportedZones":["1","2","3"],"supportedHaMode":["SameZone","ZoneRedundant"]},{"supportedFeatures":[],"name":"Standard_E8s_v3","vCores":8,"supportedIops":12800,"supportedMemoryPerVcoreMb":8192,"supportedZones":["1","2","3"],"supportedHaMode":["SameZone","ZoneRedundant"]},{"supportedFeatures":[],"name":"Standard_E16s_v3","vCores":16,"supportedIops":25600,"supportedMemoryPerVcoreMb":8192,"supportedZones":["1","2","3"],"supportedHaMode":["SameZone","ZoneRedundant"]},{"supportedFeatures":[],"name":"Standard_E32s_v3","vCores":32,"supportedIops":32000,"supportedMemoryPerVcoreMb":8192,"supportedZones":["1","2","3"],"supportedHaMode":["SameZone","ZoneRedundant"]},{"supportedFeatures":[],"name":"Standard_E48s_v3","vCores":48,"supportedIops":51200,"supportedMemoryPerVcoreMb":8192,"supportedZones":["1","2","3"],"supportedHaMode":["SameZone","ZoneRedundant"]},{"supportedFeatures":[],"name":"Standard_E64s_v3","vCores":64,"supportedIops":76800,"supportedMemoryPerVcoreMb":6912,"supportedZones":["1","2","3"],"supportedHaMode":["SameZone","ZoneRedundant"]},{"supportedFeatures":[],"name":"Standard_E2ds_v4","vCores":2,"supportedIops":3200,"supportedMemoryPerVcoreMb":8192,"supportedZones":["1","2","3"],"supportedHaMode":["SameZone","ZoneRedundant"]},{"supportedFeatures":[],"name":"Standard_E4ds_v4","vCores":4,"supportedIops":6400,"supportedMemoryPerVcoreMb":8192,"supportedZones":["1","2","3"],"supportedHaMode":["SameZone","ZoneRedundant"]},{"supportedFeatures":[],"name":"Standard_E8ds_v4","vCores":8,"supportedIops":12800,"supportedMemoryPerVcoreMb":8192,"supportedZones":["1","2","3"],"supportedHaMode":["SameZone","ZoneRedundant"]},{"supportedFeatures":[],"name":"Standard_E16ds_v4","vCores":16,"supportedIops":25600,"supportedMemoryPerVcoreMb":8192,"supportedZones":["1","2","3"],"supportedHaMode":["SameZone","ZoneRedundant"]},{"supportedFeatures":[],"name":"Standard_E20ds_v4","vCores":20,"supportedIops":32000,"supportedMemoryPerVcoreMb":8192,"supportedZones":["1","2","3"],"supportedHaMode":["SameZone","ZoneRedundant"]},{"supportedFeatures":[],"name":"Standard_E32ds_v4","vCores":32,"supportedIops":51200,"supportedMemoryPerVcoreMb":8192,"supportedZones":["1","2","3"],"supportedHaMode":["SameZone","ZoneRedundant"]},{"supportedFeatures":[],"name":"Standard_E48ds_v4","vCores":48,"supportedIops":76800,"supportedMemoryPerVcoreMb":8192,"supportedZones":["1","2","3"],"supportedHaMode":["SameZone","ZoneRedundant"]},{"supportedFeatures":[],"name":"Standard_E64ds_v4","vCores":64,"supportedIops":80000,"supportedMemoryPerVcoreMb":6912,"supportedZones":["1","2","3"],"supportedHaMode":["SameZone","ZoneRedundant"]},{"supportedFeatures":[],"name":"Standard_E2ads_v5","vCores":2,"supportedIops":3750,"supportedMemoryPerVcoreMb":8192,"supportedZones":["1","2","3"],"supportedHaMode":["SameZone","ZoneRedundant"]},{"supportedFeatures":[],"name":"Standard_E4ads_v5","vCores":4,"supportedIops":6400,"supportedMemoryPerVcoreMb":8192,"supportedZones":["1","2","3"],"supportedHaMode":["SameZone","ZoneRedundant"]},{"supportedFeatures":[],"name":"Standard_E8ads_v5","vCores":8,"supportedIops":12800,"supportedMemoryPerVcoreMb":8192,"supportedZones":["1","2","3"],"supportedHaMode":["SameZone","ZoneRedundant"]},{"supportedFeatures":[],"name":"Standard_E16ads_v5","vCores":16,"supportedIops":25600,"supportedMemoryPerVcoreMb":8192,"supportedZones":["1","2","3"],"supportedHaMode":["SameZone","ZoneRedundant"]},{"supportedFeatures":[],"name":"Standard_E20ads_v5","vCores":20,"supportedIops":32000,"supportedMemoryPerVcoreMb":8192,"supportedZones":["1","2","3"],"supportedHaMode":["SameZone","ZoneRedundant"]},{"supportedFeatures":[],"name":"Standard_E32ads_v5","vCores":32,"supportedIops":51200,"supportedMemoryPerVcoreMb":8192,"supportedZones":["1","2","3"],"supportedHaMode":["SameZone","ZoneRedundant"]},{"supportedFeatures":[],"name":"Standard_E48ads_v5","vCores":48,"supportedIops":76800,"supportedMemoryPerVcoreMb":8192,"supportedZones":["1","2","3"],"supportedHaMode":["SameZone","ZoneRedundant"]},{"supportedFeatures":[],"name":"Standard_E64ads_v5","vCores":64,"supportedIops":80000,"supportedMemoryPerVcoreMb":8192,"supportedZones":["1","2","3"],"supportedHaMode":["SameZone","ZoneRedundant"]},{"supportedFeatures":[],"name":"Standard_E96ads_v5","vCores":96,"supportedIops":80000,"supportedMemoryPerVcoreMb":7168,"supportedZones":["1","2","3"],"supportedHaMode":["SameZone","ZoneRedundant"]},{"supportedFeatures":[],"name":"Standard_E2ds_v5","vCores":2,"supportedIops":3750,"supportedMemoryPerVcoreMb":8192,"supportedZones":["1","2","3"],"supportedHaMode":["SameZone","ZoneRedundant"]},{"supportedFeatures":[],"name":"Standard_E4ds_v5","vCores":4,"supportedIops":6400,"supportedMemoryPerVcoreMb":8192,"supportedZones":["1","2","3"],"supportedHaMode":["SameZone","ZoneRedundant"]},{"supportedFeatures":[],"name":"Standard_E8ds_v5","vCores":8,"supportedIops":12800,"supportedMemoryPerVcoreMb":8192,"supportedZones":["1","2","3"],"supportedHaMode":["SameZone","ZoneRedundant"]},{"supportedFeatures":[],"name":"Standard_E16ds_v5","vCores":16,"supportedIops":25600,"supportedMemoryPerVcoreMb":8192,"supportedZones":["1","2","3"],"supportedHaMode":["SameZone","ZoneRedundant"]},{"supportedFeatures":[],"name":"Standard_E20ds_v5","vCores":20,"supportedIops":32000,"supportedMemoryPerVcoreMb":8192,"supportedZones":["1","2","3"],"supportedHaMode":["SameZone","ZoneRedundant"]},{"supportedFeatures":[],"name":"Standard_E32ds_v5","vCores":32,"supportedIops":51200,"supportedMemoryPerVcoreMb":8192,"supportedZones":["1","2","3"],"supportedHaMode":["SameZone","ZoneRedundant"]},{"supportedFeatures":[],"name":"Standard_E48ds_v5","vCores":48,"supportedIops":76800,"supportedMemoryPerVcoreMb":8192,"supportedZones":["1","2","3"],"supportedHaMode":["SameZone","ZoneRedundant"]},{"supportedFeatures":[],"name":"Standard_E64ds_v5","vCores":64,"supportedIops":80000,"supportedMemoryPerVcoreMb":8192,"supportedZones":["1","2","3"],"supportedHaMode":["SameZone","ZoneRedundant"]},{"supportedFeatures":[],"name":"Standard_E96ds_v5","vCores":96,"supportedIops":80000,"supportedMemoryPerVcoreMb":7168,"supportedZones":["1","2","3"],"supportedHaMode":["SameZone","ZoneRedundant"]}],"name":"MemoryOptimized","defaultSkuName":"Standard_E4ads_v5","supportedStorageEditions":[{"name":"ManagedDisk","defaultStorageSizeMb":131072,"supportedStorageMb":[{"supportedIops":120,"storageSizeMb":32768,"defaultIopsTier":"P4","supportedIopsTiers":[{"name":"P4","iops":120},{"name":"P6","iops":240},{"name":"P10","iops":500},{"name":"P15","iops":1100},{"name":"P20","iops":2300},{"name":"P30","iops":5000},{"name":"P40","iops":7500},{"name":"P50","iops":7500}]},{"supportedIops":240,"storageSizeMb":65536,"defaultIopsTier":"P6","supportedIopsTiers":[{"name":"P6","iops":240},{"name":"P10","iops":500},{"name":"P15","iops":1100},{"name":"P20","iops":2300},{"name":"P30","iops":5000},{"name":"P40","iops":7500},{"name":"P50","iops":7500}]},{"supportedIops":500,"storageSizeMb":131072,"defaultIopsTier":"P10","supportedIopsTiers":[{"name":"P10","iops":500},{"name":"P15","iops":1100},{"name":"P20","iops":2300},{"name":"P30","iops":5000},{"name":"P40","iops":7500},{"name":"P50","iops":7500}]},{"supportedIops":1100,"storageSizeMb":262144,"defaultIopsTier":"P15","supportedIopsTiers":[{"name":"P15","iops":1100},{"name":"P20","iops":2300},{"name":"P30","iops":5000},{"name":"P40","iops":7500},{"name":"P50","iops":7500}]},{"supportedIops":2300,"storageSizeMb":524288,"defaultIopsTier":"P20","supportedIopsTiers":[{"name":"P20","iops":2300},{"name":"P30","iops":5000},{"name":"P40","iops":7500},{"name":"P50","iops":7500}]},{"supportedIops":5000,"storageSizeMb":1048576,"defaultIopsTier":"P30","supportedIopsTiers":[{"name":"P30","iops":5000},{"name":"P40","iops":7500},{"name":"P50","iops":7500}]},{"supportedIops":7500,"storageSizeMb":2097152,"defaultIopsTier":"P40","supportedIopsTiers":[{"name":"P40","iops":7500},{"name":"P50","iops":7500}]},{"supportedIops":7500,"storageSizeMb":4193280,"defaultIopsTier":"P50","supportedIopsTiers":[{"name":"P50","iops":7500}]},{"supportedIops":7500,"storageSizeMb":4194304,"defaultIopsTier":"P50","supportedIopsTiers":[{"name":"P50","iops":7500}]},{"supportedIops":16000,"storageSizeMb":8388608,"defaultIopsTier":"P60","supportedIopsTiers":[{"name":"P60","iops":16000},{"name":"P70","iops":18000},{"name":"P80","iops":20000}]},{"supportedIops":18000,"storageSizeMb":16777216,"defaultIopsTier":"P70","supportedIopsTiers":[{"name":"P70","iops":18000},{"name":"P80","iops":20000}]},{"supportedIops":20000,"storageSizeMb":33553408,"defaultIopsTier":"P80","supportedIopsTiers":[{"name":"P80","iops":20000}]}]},{"name":"ManagedDiskV2","defaultStorageSizeMb":131072,"supportedStorageMb":[{"supportedIops":3000,"supportedMaximumIops":80000,"storageSizeMb":32768,"maximumStorageSizeMb":67108864,"supportedThroughput":125,"supportedMaximumThroughput":1200,"defaultIopsTier":"None","supportedIopsTiers":[{"name":"None","iops":0}]}]},{"name":"UltraDisk","defaultStorageSizeMb":131072,"supportedStorageMb":[],"reason":"Specified
        Storage Edition not supported in this region."}]}],"supportedServerVersions":[{"supportedFeatures":[],"name":"11","supportedVersionsToUpgrade":["12","13","14","15","16","17","18"]},{"supportedFeatures":[],"name":"12","supportedVersionsToUpgrade":["13","14","15","16","17","18"]},{"supportedFeatures":[],"name":"13","supportedVersionsToUpgrade":["14","15","16","17","18"]},{"supportedFeatures":[],"name":"14","supportedVersionsToUpgrade":["15","16","17","18"]},{"supportedFeatures":[],"name":"15","supportedVersionsToUpgrade":["16","17","18"]},{"supportedFeatures":[],"name":"16","supportedVersionsToUpgrade":["17","18"]},{"supportedFeatures":[],"name":"17","supportedVersionsToUpgrade":["18"]},{"supportedFeatures":[],"name":"18","supportedVersionsToUpgrade":[]}],"supportedFastProvisioningEditions":[],"supportedFeatures":[{"name":"FastProvisioning","status":"Disabled"},{"name":"ZoneRedundantHa","status":"Enabled"},{"name":"GeoBackup","status":"Enabled"},{"name":"ZoneRedundantHaAndGeoBackup","status":"Enabled"},{"name":"StorageAutoGrowth","status":"Enabled"},{"name":"OnlineResize","status":"Enabled"},{"name":"OfferRestricted","status":"Disabled"},{"name":"IndexTuning","status":"Enabled"},{"name":"Clusters","status":"Enabled"},{"name":"AdaptiveAutoVacuumAutoApply","status":"Disabled"},{"name":"PremiumSSDV2HighAvailability","status":"Disabled"},{"name":"ConfigTuning","status":"Disabled"}],"fastProvisioningSupported":"Disabled","geoBackupSupported":"Enabled","zoneRedundantHaSupported":"Enabled","zoneRedundantHaAndGeoBackupSupported":"Enabled","storageAutoGrowthSupported":"Enabled","onlineResizeSupported":"Enabled","indexTuningSupported":"Enabled"}]}'
    headers:
      cache-control:
      - no-cache
      content-length:
      - '24203'
      content-type:
      - application/json; charset=utf-8
      date:
      - Mon, 12 Jan 2026 18:31:06 GMT
      expires:
      - '-1'
      pragma:
      - no-cache
      strict-transport-security:
      - max-age=31536000; includeSubDomains
      x-cache:
      - CONFIG_NOCACHE
      x-content-type-options:
      - nosniff
      x-ms-operation-identifier:
      - tenantId=72f988bf-86f1-41af-91ab-2d7cd011db47,objectId=f57d2932-2a78-450f-958a-e65997c3253b/eastus/f82a12db-041a-4e8f-8df6-151dbc2e2fdd
      x-ms-ratelimit-remaining-subscription-global-reads:
      - '16499'
      x-msedge-ref:
      - 'Ref A: DD2F8D41C7EF4A7EB5B4F7D0AB068A3D Ref B: MNZ221060608033 Ref C: 2026-01-12T18:31:06Z'
    status:
      code: 200
      message: OK
- request:
    body: null
    headers:
      Accept:
      - application/json
      Accept-Encoding:
      - gzip, deflate
      CommandName:
      - postgres flexible-server upgrade
      Connection:
      - keep-alive
      ParameterSetName:
      - -g -n --version --yes
      User-Agent:
      - AZURECLI/2.82.0 azsdk-python-core/1.37.0 Python/3.13.10 (Windows-11-10.0.26200-SP0)
    method: GET
    uri: https://management.azure.com/subscriptions/00000000-0000-0000-0000-000000000000/resourceGroups/clitest.rg000001/providers/Microsoft.DBforPostgreSQL/flexibleServers/azuredbclitest-000002/replicas?api-version=2025-08-01
  response:
    body:
      string: '{"value":[]}'
    headers:
      cache-control:
      - no-cache
      content-length:
      - '12'
      content-type:
      - application/json; charset=utf-8
      date:
      - Mon, 12 Jan 2026 18:31:07 GMT
      expires:
      - '-1'
      pragma:
      - no-cache
      strict-transport-security:
      - max-age=31536000; includeSubDomains
      x-cache:
      - CONFIG_NOCACHE
      x-content-type-options:
      - nosniff
      x-ms-operation-identifier:
      - tenantId=72f988bf-86f1-41af-91ab-2d7cd011db47,objectId=f57d2932-2a78-450f-958a-e65997c3253b/canadacentral/4ca7cbd4-4840-4272-9b96-73eb8694f020
      x-ms-ratelimit-remaining-subscription-global-reads:
      - '16499'
      x-msedge-ref:
      - 'Ref A: 2DD25E2696C44DDEA8201F21ED62690B Ref B: MNZ221060610011 Ref C: 2026-01-12T18:31:07Z'
    status:
      code: 200
      message: OK
- request:
    body: '{"properties": {"version": "17"}}'
    headers:
      Accept:
      - application/json
      Accept-Encoding:
      - gzip, deflate
      CommandName:
      - postgres flexible-server upgrade
      Connection:
      - keep-alive
      Content-Length:
      - '33'
      Content-Type:
      - application/json
      ParameterSetName:
      - -g -n --version --yes
      User-Agent:
      - AZURECLI/2.82.0 azsdk-python-core/1.37.0 Python/3.13.10 (Windows-11-10.0.26200-SP0)
    method: PATCH
    uri: https://management.azure.com/subscriptions/00000000-0000-0000-0000-000000000000/resourceGroups/clitest.rg000001/providers/Microsoft.DBforPostgreSQL/flexibleServers/azuredbclitest-000002?api-version=2025-08-01
  response:
    body:
      string: '{"operation":"UpsertServerManagementOperationV2","startTime":"2026-01-12T18:31:08.853Z"}'
    headers:
      azure-asyncoperation:
      - https://management.azure.com/subscriptions/00000000-0000-0000-0000-000000000000/providers/Microsoft.DBforPostgreSQL/locations/canadacentral/azureAsyncOperation/40dae892-01a4-4353-b31a-908639eb4cf4?api-version=2025-08-01&t=639038394689670517&c=MIIHpTCCBo2gAwIBAgITfwY2O9Fi5lSmLyOBKgAEBjY70TANBgkqhkiG9w0BAQsFADBEMRMwEQYKCZImiZPyLGQBGRYDR0JMMRMwEQYKCZImiZPyLGQBGRYDQU1FMRgwFgYDVQQDEw9BTUUgSW5mcmEgQ0EgMDIwHhcNMjUxMDIwMDQxMjEwWhcNMjYwNDE4MDQxMjEwWjBAMT4wPAYDVQQDEzVhc3luY29wZXJhdGlvbnNpZ25pbmdjZXJ0aWZpY2F0ZS5tYW5hZ2VtZW50LmF6dXJlLmNvbTCCASIwDQYJKoZIhvcNAQEBBQADggEPADCCAQoCggEBAMHQm7ZXwmvz3bp_tBu0ZYNZMpMcRUJSHrld-E9b4RqS0ymmswmhM267lbAI2oCZNI82E4DZNNZApPYz9GqZQ2OYxE0G0E_dyvstulti8jSM29pm5HiR_hxNyzt_q0uSnmqQnWuxQMco30qz4XjZaQkJNBATBraJWnioUZtMKhrbXrMOMral9bW_6ba5EqNlc3iBHJ8x7dblRrVcao1gyCk1mEXz9vR8Ut0wZ-KLWuSUcbcS7CPzUuSYQ1eJdym4YYAqEQQM1z40lpqT6OlbqRLu3DC5dN2NbGHUPkHODMhUbKY3RnwHKdrKQbuDk16nRBjl2ZML6kXZGz_BMd-elV0CAwEAAaOCBJIwggSOMCcGCSsGAQQBgjcVCgQaMBgwCgYIKwYBBQUHAwEwCgYIKwYBBQUHAwIwPQYJKwYBBAGCNxUHBDAwLgYmKwYBBAGCNxUIhpDjDYTVtHiE8Ys-hZvdFs6dEoFghfmRS4WsmTQCAWQCAQcwggHaBggrBgEFBQcBAQSCAcwwggHIMGYGCCsGAQUFBzAChlpodHRwOi8vY3JsLm1pY3Jvc29mdC5jb20vcGtpaW5mcmEvQ2VydHMvQkwyUEtJSU5UQ0EwMS5BTUUuR0JMX0FNRSUyMEluZnJhJTIwQ0ElMjAwMig0KS5jcnQwVgYIKwYBBQUHMAKGSmh0dHA6Ly9jcmwxLmFtZS5nYmwvYWlhL0JMMlBLSUlOVENBMDEuQU1FLkdCTF9BTUUlMjBJbmZyYSUyMENBJTIwMDIoNCkuY3J0MFYGCCsGAQUFBzAChkpodHRwOi8vY3JsMi5hbWUuZ2JsL2FpYS9CTDJQS0lJTlRDQTAxLkFNRS5HQkxfQU1FJTIwSW5mcmElMjBDQSUyMDAyKDQpLmNydDBWBggrBgEFBQcwAoZKaHR0cDovL2NybDMuYW1lLmdibC9haWEvQkwyUEtJSU5UQ0EwMS5BTUUuR0JMX0FNRSUyMEluZnJhJTIwQ0ElMjAwMig0KS5jcnQwVgYIKwYBBQUHMAKGSmh0dHA6Ly9jcmw0LmFtZS5nYmwvYWlhL0JMMlBLSUlOVENBMDEuQU1FLkdCTF9BTUUlMjBJbmZyYSUyMENBJTIwMDIoNCkuY3J0MB0GA1UdDgQWBBQ7Uo6SICZvdsfQb4hxJfOTmnlMAzAOBgNVHQ8BAf8EBAMCBaAwggE1BgNVHR8EggEsMIIBKDCCASSgggEgoIIBHIZCaHR0cDovL2NybC5taWNyb3NvZnQuY29tL3BraWluZnJhL0NSTC9BTUUlMjBJbmZyYSUyMENBJTIwMDIoNCkuY3JshjRodHRwOi8vY3JsMS5hbWUuZ2JsL2NybC9BTUUlMjBJbmZyYSUyMENBJTIwMDIoNCkuY3JshjRodHRwOi8vY3JsMi5hbWUuZ2JsL2NybC9BTUUlMjBJbmZyYSUyMENBJTIwMDIoNCkuY3JshjRodHRwOi8vY3JsMy5hbWUuZ2JsL2NybC9BTUUlMjBJbmZyYSUyMENBJTIwMDIoNCkuY3JshjRodHRwOi8vY3JsNC5hbWUuZ2JsL2NybC9BTUUlMjBJbmZyYSUyMENBJTIwMDIoNCkuY3JsMIGdBgNVHSAEgZUwgZIwDAYKKwYBBAGCN3sBATBmBgorBgEEAYI3ewICMFgwVgYIKwYBBQUHAgIwSh5IADMAMwBlADAAMQA5ADIAMQAtADQAZAA2ADQALQA0AGYAOABjAC0AYQAwADUANQAtADUAYgBkAGEAZgBmAGQANQBlADMAMwBkMAwGCisGAQQBgjd7AwIwDAYKKwYBBAGCN3sEAjAfBgNVHSMEGDAWgBSuecJrXSWIEwb2BwnDl3x7l48dVTAdBgNVHSUEFjAUBggrBgEFBQcDAQYIKwYBBQUHAwIwDQYJKoZIhvcNAQELBQADggEBADp-OzkMAESDX27pXk3NL5_uU6RuCBkTjHnVxyWwp89arbWDWeL0FNU75N4hZMsK4FU9oUeatHrGk09j6u3o6qgzbyH7vWX9v5ijaUpNPeacRaMTpWvVZZLg6AERFF7oiplb-vCmLHZTMYbJH6dZI35unEEDgzD9n8QhuMBQ8dXhS145FHrAVc9nnNB25FQt29UfdpwrVFPQuEkgwKKCG8Qy5VDtGnceMRw2bnDwtYNngCgVmd2cPtwgizpflj_F8NURyxhnrQvuOwCkQavcJTq5RSXgEp3U471r3TZoEkKrAmcNF3Fyz5M0gOv6EQmdHg-lLMeFUmOVsXvWTlMjQQw&s=MpUPPEvsnb5utciJuZ0AqCKOYV5-HeiifHEtuLNlpL4ZjuXzlnkbQYrLI6Gt2TSinb3rTKVX-D2R4OgrBlr0IQpl9j1fd7N0UHEt9F2ok__vEntgagxPyFTWXpEYCxG8hls99xx-LOcrTHe1THMzlzIg7hziGVJDbXuEl7uK2Pvf4UoeczqTKWaOIMtfZhVs1ZOJk-BihWpfeEzUKAOLeUNICd4up4Pa43GdHj90Q1Lux8un8F7QtcNk20ekh3RAy7wADYiSA0KBmQ0DcSvYUIrY1iOJqOJXh5BBSgD5rqHs6NLyLgZo5AVobfeGQ7Gkf_slG7wglzT3WlMes92fQA&h=qRg7gpukrfqLgMPOUDQI_CeO6YU_mGzIdbLvIUoqgUs
      cache-control:
      - no-cache
      content-length:
      - '88'
      content-type:
      - application/json; charset=utf-8
      date:
      - Mon, 12 Jan 2026 18:31:08 GMT
      expires:
      - '-1'
      location:
      - https://management.azure.com/subscriptions/00000000-0000-0000-0000-000000000000/providers/Microsoft.DBforPostgreSQL/locations/canadacentral/operationResults/40dae892-01a4-4353-b31a-908639eb4cf4?api-version=2025-08-01&t=639038394689826738&c=MIIHpTCCBo2gAwIBAgITfwY2O9Fi5lSmLyOBKgAEBjY70TANBgkqhkiG9w0BAQsFADBEMRMwEQYKCZImiZPyLGQBGRYDR0JMMRMwEQYKCZImiZPyLGQBGRYDQU1FMRgwFgYDVQQDEw9BTUUgSW5mcmEgQ0EgMDIwHhcNMjUxMDIwMDQxMjEwWhcNMjYwNDE4MDQxMjEwWjBAMT4wPAYDVQQDEzVhc3luY29wZXJhdGlvbnNpZ25pbmdjZXJ0aWZpY2F0ZS5tYW5hZ2VtZW50LmF6dXJlLmNvbTCCASIwDQYJKoZIhvcNAQEBBQADggEPADCCAQoCggEBAMHQm7ZXwmvz3bp_tBu0ZYNZMpMcRUJSHrld-E9b4RqS0ymmswmhM267lbAI2oCZNI82E4DZNNZApPYz9GqZQ2OYxE0G0E_dyvstulti8jSM29pm5HiR_hxNyzt_q0uSnmqQnWuxQMco30qz4XjZaQkJNBATBraJWnioUZtMKhrbXrMOMral9bW_6ba5EqNlc3iBHJ8x7dblRrVcao1gyCk1mEXz9vR8Ut0wZ-KLWuSUcbcS7CPzUuSYQ1eJdym4YYAqEQQM1z40lpqT6OlbqRLu3DC5dN2NbGHUPkHODMhUbKY3RnwHKdrKQbuDk16nRBjl2ZML6kXZGz_BMd-elV0CAwEAAaOCBJIwggSOMCcGCSsGAQQBgjcVCgQaMBgwCgYIKwYBBQUHAwEwCgYIKwYBBQUHAwIwPQYJKwYBBAGCNxUHBDAwLgYmKwYBBAGCNxUIhpDjDYTVtHiE8Ys-hZvdFs6dEoFghfmRS4WsmTQCAWQCAQcwggHaBggrBgEFBQcBAQSCAcwwggHIMGYGCCsGAQUFBzAChlpodHRwOi8vY3JsLm1pY3Jvc29mdC5jb20vcGtpaW5mcmEvQ2VydHMvQkwyUEtJSU5UQ0EwMS5BTUUuR0JMX0FNRSUyMEluZnJhJTIwQ0ElMjAwMig0KS5jcnQwVgYIKwYBBQUHMAKGSmh0dHA6Ly9jcmwxLmFtZS5nYmwvYWlhL0JMMlBLSUlOVENBMDEuQU1FLkdCTF9BTUUlMjBJbmZyYSUyMENBJTIwMDIoNCkuY3J0MFYGCCsGAQUFBzAChkpodHRwOi8vY3JsMi5hbWUuZ2JsL2FpYS9CTDJQS0lJTlRDQTAxLkFNRS5HQkxfQU1FJTIwSW5mcmElMjBDQSUyMDAyKDQpLmNydDBWBggrBgEFBQcwAoZKaHR0cDovL2NybDMuYW1lLmdibC9haWEvQkwyUEtJSU5UQ0EwMS5BTUUuR0JMX0FNRSUyMEluZnJhJTIwQ0ElMjAwMig0KS5jcnQwVgYIKwYBBQUHMAKGSmh0dHA6Ly9jcmw0LmFtZS5nYmwvYWlhL0JMMlBLSUlOVENBMDEuQU1FLkdCTF9BTUUlMjBJbmZyYSUyMENBJTIwMDIoNCkuY3J0MB0GA1UdDgQWBBQ7Uo6SICZvdsfQb4hxJfOTmnlMAzAOBgNVHQ8BAf8EBAMCBaAwggE1BgNVHR8EggEsMIIBKDCCASSgggEgoIIBHIZCaHR0cDovL2NybC5taWNyb3NvZnQuY29tL3BraWluZnJhL0NSTC9BTUUlMjBJbmZyYSUyMENBJTIwMDIoNCkuY3JshjRodHRwOi8vY3JsMS5hbWUuZ2JsL2NybC9BTUUlMjBJbmZyYSUyMENBJTIwMDIoNCkuY3JshjRodHRwOi8vY3JsMi5hbWUuZ2JsL2NybC9BTUUlMjBJbmZyYSUyMENBJTIwMDIoNCkuY3JshjRodHRwOi8vY3JsMy5hbWUuZ2JsL2NybC9BTUUlMjBJbmZyYSUyMENBJTIwMDIoNCkuY3JshjRodHRwOi8vY3JsNC5hbWUuZ2JsL2NybC9BTUUlMjBJbmZyYSUyMENBJTIwMDIoNCkuY3JsMIGdBgNVHSAEgZUwgZIwDAYKKwYBBAGCN3sBATBmBgorBgEEAYI3ewICMFgwVgYIKwYBBQUHAgIwSh5IADMAMwBlADAAMQA5ADIAMQAtADQAZAA2ADQALQA0AGYAOABjAC0AYQAwADUANQAtADUAYgBkAGEAZgBmAGQANQBlADMAMwBkMAwGCisGAQQBgjd7AwIwDAYKKwYBBAGCN3sEAjAfBgNVHSMEGDAWgBSuecJrXSWIEwb2BwnDl3x7l48dVTAdBgNVHSUEFjAUBggrBgEFBQcDAQYIKwYBBQUHAwIwDQYJKoZIhvcNAQELBQADggEBADp-OzkMAESDX27pXk3NL5_uU6RuCBkTjHnVxyWwp89arbWDWeL0FNU75N4hZMsK4FU9oUeatHrGk09j6u3o6qgzbyH7vWX9v5ijaUpNPeacRaMTpWvVZZLg6AERFF7oiplb-vCmLHZTMYbJH6dZI35unEEDgzD9n8QhuMBQ8dXhS145FHrAVc9nnNB25FQt29UfdpwrVFPQuEkgwKKCG8Qy5VDtGnceMRw2bnDwtYNngCgVmd2cPtwgizpflj_F8NURyxhnrQvuOwCkQavcJTq5RSXgEp3U471r3TZoEkKrAmcNF3Fyz5M0gOv6EQmdHg-lLMeFUmOVsXvWTlMjQQw&s=ST6yvVVPpTZuaAHbJ-qvSd-tmN97QSIZCDWldq4hpGYDAKKRNnk9vEqwo2k5A1P9RlM3su9QB6bvEH7QIPMWxxfsBuHL95iontug7qDgR9_i2m5xkJ2GqsF5bLnT5jqvfmLfHunJtI-wVkTigR_MUgTPe6Y3v9XA4-OI27asjxKvTTZ_IgEYwKzmL20FQ531_xk-dJrQKrSBWYw25ON1ziSIdzkdNP4_Sf9EskAj2nLupbyZPlgNFPgFCB5ldz-Bc_xRNYoOn_U8Bbthk9PUcl870LniZoWxUKk8g7cKP1TwSNm9dMt8DbTdWzaB3sgE1j4EnNPtqdzSqCuIWTslZA&h=zkB0ORXY87yXy7wmYxKnO_WoXAYE1qDk-rl7Pzo6XTQ
      pragma:
      - no-cache
      strict-transport-security:
      - max-age=31536000; includeSubDomains
      x-cache:
      - CONFIG_NOCACHE
      x-content-type-options:
      - nosniff
      x-ms-operation-identifier:
      - tenantId=72f988bf-86f1-41af-91ab-2d7cd011db47,objectId=f57d2932-2a78-450f-958a-e65997c3253b/canadacentral/b74085ab-d2fc-4deb-94bd-fcff2f85dff5
      x-ms-ratelimit-remaining-subscription-global-writes:
      - '11999'
      x-ms-ratelimit-remaining-subscription-writes:
      - '799'
      x-msedge-ref:
      - 'Ref A: 6D345F5543DA4C9CBBB51F377E41AF94 Ref B: MNZ221060608017 Ref C: 2026-01-12T18:31:08Z'
    status:
      code: 202
      message: Accepted
- request:
    body: null
    headers:
      Accept:
      - '*/*'
      Accept-Encoding:
      - gzip, deflate
      CommandName:
      - postgres flexible-server upgrade
      Connection:
      - keep-alive
      ParameterSetName:
      - -g -n --version --yes
      User-Agent:
      - AZURECLI/2.82.0 azsdk-python-core/1.37.0 Python/3.13.10 (Windows-11-10.0.26200-SP0)
    method: GET
    uri: https://management.azure.com/subscriptions/00000000-0000-0000-0000-000000000000/providers/Microsoft.DBforPostgreSQL/locations/canadacentral/azureAsyncOperation/40dae892-01a4-4353-b31a-908639eb4cf4?api-version=2025-08-01&t=639038394689670517&c=MIIHpTCCBo2gAwIBAgITfwY2O9Fi5lSmLyOBKgAEBjY70TANBgkqhkiG9w0BAQsFADBEMRMwEQYKCZImiZPyLGQBGRYDR0JMMRMwEQYKCZImiZPyLGQBGRYDQU1FMRgwFgYDVQQDEw9BTUUgSW5mcmEgQ0EgMDIwHhcNMjUxMDIwMDQxMjEwWhcNMjYwNDE4MDQxMjEwWjBAMT4wPAYDVQQDEzVhc3luY29wZXJhdGlvbnNpZ25pbmdjZXJ0aWZpY2F0ZS5tYW5hZ2VtZW50LmF6dXJlLmNvbTCCASIwDQYJKoZIhvcNAQEBBQADggEPADCCAQoCggEBAMHQm7ZXwmvz3bp_tBu0ZYNZMpMcRUJSHrld-E9b4RqS0ymmswmhM267lbAI2oCZNI82E4DZNNZApPYz9GqZQ2OYxE0G0E_dyvstulti8jSM29pm5HiR_hxNyzt_q0uSnmqQnWuxQMco30qz4XjZaQkJNBATBraJWnioUZtMKhrbXrMOMral9bW_6ba5EqNlc3iBHJ8x7dblRrVcao1gyCk1mEXz9vR8Ut0wZ-KLWuSUcbcS7CPzUuSYQ1eJdym4YYAqEQQM1z40lpqT6OlbqRLu3DC5dN2NbGHUPkHODMhUbKY3RnwHKdrKQbuDk16nRBjl2ZML6kXZGz_BMd-elV0CAwEAAaOCBJIwggSOMCcGCSsGAQQBgjcVCgQaMBgwCgYIKwYBBQUHAwEwCgYIKwYBBQUHAwIwPQYJKwYBBAGCNxUHBDAwLgYmKwYBBAGCNxUIhpDjDYTVtHiE8Ys-hZvdFs6dEoFghfmRS4WsmTQCAWQCAQcwggHaBggrBgEFBQcBAQSCAcwwggHIMGYGCCsGAQUFBzAChlpodHRwOi8vY3JsLm1pY3Jvc29mdC5jb20vcGtpaW5mcmEvQ2VydHMvQkwyUEtJSU5UQ0EwMS5BTUUuR0JMX0FNRSUyMEluZnJhJTIwQ0ElMjAwMig0KS5jcnQwVgYIKwYBBQUHMAKGSmh0dHA6Ly9jcmwxLmFtZS5nYmwvYWlhL0JMMlBLSUlOVENBMDEuQU1FLkdCTF9BTUUlMjBJbmZyYSUyMENBJTIwMDIoNCkuY3J0MFYGCCsGAQUFBzAChkpodHRwOi8vY3JsMi5hbWUuZ2JsL2FpYS9CTDJQS0lJTlRDQTAxLkFNRS5HQkxfQU1FJTIwSW5mcmElMjBDQSUyMDAyKDQpLmNydDBWBggrBgEFBQcwAoZKaHR0cDovL2NybDMuYW1lLmdibC9haWEvQkwyUEtJSU5UQ0EwMS5BTUUuR0JMX0FNRSUyMEluZnJhJTIwQ0ElMjAwMig0KS5jcnQwVgYIKwYBBQUHMAKGSmh0dHA6Ly9jcmw0LmFtZS5nYmwvYWlhL0JMMlBLSUlOVENBMDEuQU1FLkdCTF9BTUUlMjBJbmZyYSUyMENBJTIwMDIoNCkuY3J0MB0GA1UdDgQWBBQ7Uo6SICZvdsfQb4hxJfOTmnlMAzAOBgNVHQ8BAf8EBAMCBaAwggE1BgNVHR8EggEsMIIBKDCCASSgggEgoIIBHIZCaHR0cDovL2NybC5taWNyb3NvZnQuY29tL3BraWluZnJhL0NSTC9BTUUlMjBJbmZyYSUyMENBJTIwMDIoNCkuY3JshjRodHRwOi8vY3JsMS5hbWUuZ2JsL2NybC9BTUUlMjBJbmZyYSUyMENBJTIwMDIoNCkuY3JshjRodHRwOi8vY3JsMi5hbWUuZ2JsL2NybC9BTUUlMjBJbmZyYSUyMENBJTIwMDIoNCkuY3JshjRodHRwOi8vY3JsMy5hbWUuZ2JsL2NybC9BTUUlMjBJbmZyYSUyMENBJTIwMDIoNCkuY3JshjRodHRwOi8vY3JsNC5hbWUuZ2JsL2NybC9BTUUlMjBJbmZyYSUyMENBJTIwMDIoNCkuY3JsMIGdBgNVHSAEgZUwgZIwDAYKKwYBBAGCN3sBATBmBgorBgEEAYI3ewICMFgwVgYIKwYBBQUHAgIwSh5IADMAMwBlADAAMQA5ADIAMQAtADQAZAA2ADQALQA0AGYAOABjAC0AYQAwADUANQAtADUAYgBkAGEAZgBmAGQANQBlADMAMwBkMAwGCisGAQQBgjd7AwIwDAYKKwYBBAGCN3sEAjAfBgNVHSMEGDAWgBSuecJrXSWIEwb2BwnDl3x7l48dVTAdBgNVHSUEFjAUBggrBgEFBQcDAQYIKwYBBQUHAwIwDQYJKoZIhvcNAQELBQADggEBADp-OzkMAESDX27pXk3NL5_uU6RuCBkTjHnVxyWwp89arbWDWeL0FNU75N4hZMsK4FU9oUeatHrGk09j6u3o6qgzbyH7vWX9v5ijaUpNPeacRaMTpWvVZZLg6AERFF7oiplb-vCmLHZTMYbJH6dZI35unEEDgzD9n8QhuMBQ8dXhS145FHrAVc9nnNB25FQt29UfdpwrVFPQuEkgwKKCG8Qy5VDtGnceMRw2bnDwtYNngCgVmd2cPtwgizpflj_F8NURyxhnrQvuOwCkQavcJTq5RSXgEp3U471r3TZoEkKrAmcNF3Fyz5M0gOv6EQmdHg-lLMeFUmOVsXvWTlMjQQw&s=MpUPPEvsnb5utciJuZ0AqCKOYV5-HeiifHEtuLNlpL4ZjuXzlnkbQYrLI6Gt2TSinb3rTKVX-D2R4OgrBlr0IQpl9j1fd7N0UHEt9F2ok__vEntgagxPyFTWXpEYCxG8hls99xx-LOcrTHe1THMzlzIg7hziGVJDbXuEl7uK2Pvf4UoeczqTKWaOIMtfZhVs1ZOJk-BihWpfeEzUKAOLeUNICd4up4Pa43GdHj90Q1Lux8un8F7QtcNk20ekh3RAy7wADYiSA0KBmQ0DcSvYUIrY1iOJqOJXh5BBSgD5rqHs6NLyLgZo5AVobfeGQ7Gkf_slG7wglzT3WlMes92fQA&h=qRg7gpukrfqLgMPOUDQI_CeO6YU_mGzIdbLvIUoqgUs
  response:
    body:
      string: '{"name":"40dae892-01a4-4353-b31a-908639eb4cf4","status":"InProgress","startTime":"2026-01-12T18:31:08.853Z"}'
    headers:
      cache-control:
      - no-cache
      content-length:
      - '108'
      content-type:
      - application/json; charset=utf-8
      date:
      - Mon, 12 Jan 2026 18:31:08 GMT
      expires:
      - '-1'
      pragma:
      - no-cache
      strict-transport-security:
      - max-age=31536000; includeSubDomains
      x-cache:
      - CONFIG_NOCACHE
      x-content-type-options:
      - nosniff
      x-ms-operation-identifier:
      - tenantId=72f988bf-86f1-41af-91ab-2d7cd011db47,objectId=f57d2932-2a78-450f-958a-e65997c3253b/canadacentral/6163c7e2-390e-4916-985e-48168615c6e0
      x-ms-ratelimit-remaining-subscription-global-reads:
      - '16499'
      x-msedge-ref:
      - 'Ref A: BCDFB964B43D40338D629E10B511A2B2 Ref B: MNZ221060610051 Ref C: 2026-01-12T18:31:09Z'
    status:
      code: 200
      message: OK
- request:
    body: null
    headers:
      Accept:
      - '*/*'
      Accept-Encoding:
      - gzip, deflate
      CommandName:
      - postgres flexible-server upgrade
      Connection:
      - keep-alive
      ParameterSetName:
      - -g -n --version --yes
      User-Agent:
      - AZURECLI/2.82.0 azsdk-python-core/1.37.0 Python/3.13.10 (Windows-11-10.0.26200-SP0)
    method: GET
    uri: https://management.azure.com/subscriptions/00000000-0000-0000-0000-000000000000/providers/Microsoft.DBforPostgreSQL/locations/canadacentral/azureAsyncOperation/40dae892-01a4-4353-b31a-908639eb4cf4?api-version=2025-08-01&t=639038394689670517&c=MIIHpTCCBo2gAwIBAgITfwY2O9Fi5lSmLyOBKgAEBjY70TANBgkqhkiG9w0BAQsFADBEMRMwEQYKCZImiZPyLGQBGRYDR0JMMRMwEQYKCZImiZPyLGQBGRYDQU1FMRgwFgYDVQQDEw9BTUUgSW5mcmEgQ0EgMDIwHhcNMjUxMDIwMDQxMjEwWhcNMjYwNDE4MDQxMjEwWjBAMT4wPAYDVQQDEzVhc3luY29wZXJhdGlvbnNpZ25pbmdjZXJ0aWZpY2F0ZS5tYW5hZ2VtZW50LmF6dXJlLmNvbTCCASIwDQYJKoZIhvcNAQEBBQADggEPADCCAQoCggEBAMHQm7ZXwmvz3bp_tBu0ZYNZMpMcRUJSHrld-E9b4RqS0ymmswmhM267lbAI2oCZNI82E4DZNNZApPYz9GqZQ2OYxE0G0E_dyvstulti8jSM29pm5HiR_hxNyzt_q0uSnmqQnWuxQMco30qz4XjZaQkJNBATBraJWnioUZtMKhrbXrMOMral9bW_6ba5EqNlc3iBHJ8x7dblRrVcao1gyCk1mEXz9vR8Ut0wZ-KLWuSUcbcS7CPzUuSYQ1eJdym4YYAqEQQM1z40lpqT6OlbqRLu3DC5dN2NbGHUPkHODMhUbKY3RnwHKdrKQbuDk16nRBjl2ZML6kXZGz_BMd-elV0CAwEAAaOCBJIwggSOMCcGCSsGAQQBgjcVCgQaMBgwCgYIKwYBBQUHAwEwCgYIKwYBBQUHAwIwPQYJKwYBBAGCNxUHBDAwLgYmKwYBBAGCNxUIhpDjDYTVtHiE8Ys-hZvdFs6dEoFghfmRS4WsmTQCAWQCAQcwggHaBggrBgEFBQcBAQSCAcwwggHIMGYGCCsGAQUFBzAChlpodHRwOi8vY3JsLm1pY3Jvc29mdC5jb20vcGtpaW5mcmEvQ2VydHMvQkwyUEtJSU5UQ0EwMS5BTUUuR0JMX0FNRSUyMEluZnJhJTIwQ0ElMjAwMig0KS5jcnQwVgYIKwYBBQUHMAKGSmh0dHA6Ly9jcmwxLmFtZS5nYmwvYWlhL0JMMlBLSUlOVENBMDEuQU1FLkdCTF9BTUUlMjBJbmZyYSUyMENBJTIwMDIoNCkuY3J0MFYGCCsGAQUFBzAChkpodHRwOi8vY3JsMi5hbWUuZ2JsL2FpYS9CTDJQS0lJTlRDQTAxLkFNRS5HQkxfQU1FJTIwSW5mcmElMjBDQSUyMDAyKDQpLmNydDBWBggrBgEFBQcwAoZKaHR0cDovL2NybDMuYW1lLmdibC9haWEvQkwyUEtJSU5UQ0EwMS5BTUUuR0JMX0FNRSUyMEluZnJhJTIwQ0ElMjAwMig0KS5jcnQwVgYIKwYBBQUHMAKGSmh0dHA6Ly9jcmw0LmFtZS5nYmwvYWlhL0JMMlBLSUlOVENBMDEuQU1FLkdCTF9BTUUlMjBJbmZyYSUyMENBJTIwMDIoNCkuY3J0MB0GA1UdDgQWBBQ7Uo6SICZvdsfQb4hxJfOTmnlMAzAOBgNVHQ8BAf8EBAMCBaAwggE1BgNVHR8EggEsMIIBKDCCASSgggEgoIIBHIZCaHR0cDovL2NybC5taWNyb3NvZnQuY29tL3BraWluZnJhL0NSTC9BTUUlMjBJbmZyYSUyMENBJTIwMDIoNCkuY3JshjRodHRwOi8vY3JsMS5hbWUuZ2JsL2NybC9BTUUlMjBJbmZyYSUyMENBJTIwMDIoNCkuY3JshjRodHRwOi8vY3JsMi5hbWUuZ2JsL2NybC9BTUUlMjBJbmZyYSUyMENBJTIwMDIoNCkuY3JshjRodHRwOi8vY3JsMy5hbWUuZ2JsL2NybC9BTUUlMjBJbmZyYSUyMENBJTIwMDIoNCkuY3JshjRodHRwOi8vY3JsNC5hbWUuZ2JsL2NybC9BTUUlMjBJbmZyYSUyMENBJTIwMDIoNCkuY3JsMIGdBgNVHSAEgZUwgZIwDAYKKwYBBAGCN3sBATBmBgorBgEEAYI3ewICMFgwVgYIKwYBBQUHAgIwSh5IADMAMwBlADAAMQA5ADIAMQAtADQAZAA2ADQALQA0AGYAOABjAC0AYQAwADUANQAtADUAYgBkAGEAZgBmAGQANQBlADMAMwBkMAwGCisGAQQBgjd7AwIwDAYKKwYBBAGCN3sEAjAfBgNVHSMEGDAWgBSuecJrXSWIEwb2BwnDl3x7l48dVTAdBgNVHSUEFjAUBggrBgEFBQcDAQYIKwYBBQUHAwIwDQYJKoZIhvcNAQELBQADggEBADp-OzkMAESDX27pXk3NL5_uU6RuCBkTjHnVxyWwp89arbWDWeL0FNU75N4hZMsK4FU9oUeatHrGk09j6u3o6qgzbyH7vWX9v5ijaUpNPeacRaMTpWvVZZLg6AERFF7oiplb-vCmLHZTMYbJH6dZI35unEEDgzD9n8QhuMBQ8dXhS145FHrAVc9nnNB25FQt29UfdpwrVFPQuEkgwKKCG8Qy5VDtGnceMRw2bnDwtYNngCgVmd2cPtwgizpflj_F8NURyxhnrQvuOwCkQavcJTq5RSXgEp3U471r3TZoEkKrAmcNF3Fyz5M0gOv6EQmdHg-lLMeFUmOVsXvWTlMjQQw&s=MpUPPEvsnb5utciJuZ0AqCKOYV5-HeiifHEtuLNlpL4ZjuXzlnkbQYrLI6Gt2TSinb3rTKVX-D2R4OgrBlr0IQpl9j1fd7N0UHEt9F2ok__vEntgagxPyFTWXpEYCxG8hls99xx-LOcrTHe1THMzlzIg7hziGVJDbXuEl7uK2Pvf4UoeczqTKWaOIMtfZhVs1ZOJk-BihWpfeEzUKAOLeUNICd4up4Pa43GdHj90Q1Lux8un8F7QtcNk20ekh3RAy7wADYiSA0KBmQ0DcSvYUIrY1iOJqOJXh5BBSgD5rqHs6NLyLgZo5AVobfeGQ7Gkf_slG7wglzT3WlMes92fQA&h=qRg7gpukrfqLgMPOUDQI_CeO6YU_mGzIdbLvIUoqgUs
  response:
    body:
      string: '{"name":"40dae892-01a4-4353-b31a-908639eb4cf4","status":"InProgress","startTime":"2026-01-12T18:31:08.853Z"}'
    headers:
      cache-control:
      - no-cache
      content-length:
      - '108'
      content-type:
      - application/json; charset=utf-8
      date:
      - Mon, 12 Jan 2026 18:32:09 GMT
      expires:
      - '-1'
      pragma:
      - no-cache
      strict-transport-security:
      - max-age=31536000; includeSubDomains
      x-cache:
      - CONFIG_NOCACHE
      x-content-type-options:
      - nosniff
      x-ms-operation-identifier:
      - tenantId=72f988bf-86f1-41af-91ab-2d7cd011db47,objectId=f57d2932-2a78-450f-958a-e65997c3253b/eastus/1dc0e557-0cd5-48ee-b09f-c42d27b2863b
      x-ms-ratelimit-remaining-subscription-global-reads:
      - '16499'
      x-msedge-ref:
      - 'Ref A: A6EBF7B6F50B456E805196A22759BD77 Ref B: MNZ221060609009 Ref C: 2026-01-12T18:32:09Z'
    status:
      code: 200
      message: OK
- request:
    body: null
    headers:
      Accept:
      - '*/*'
      Accept-Encoding:
      - gzip, deflate
      CommandName:
      - postgres flexible-server upgrade
      Connection:
      - keep-alive
      ParameterSetName:
      - -g -n --version --yes
      User-Agent:
      - AZURECLI/2.82.0 azsdk-python-core/1.37.0 Python/3.13.10 (Windows-11-10.0.26200-SP0)
    method: GET
    uri: https://management.azure.com/subscriptions/00000000-0000-0000-0000-000000000000/providers/Microsoft.DBforPostgreSQL/locations/canadacentral/azureAsyncOperation/40dae892-01a4-4353-b31a-908639eb4cf4?api-version=2025-08-01&t=639038394689670517&c=MIIHpTCCBo2gAwIBAgITfwY2O9Fi5lSmLyOBKgAEBjY70TANBgkqhkiG9w0BAQsFADBEMRMwEQYKCZImiZPyLGQBGRYDR0JMMRMwEQYKCZImiZPyLGQBGRYDQU1FMRgwFgYDVQQDEw9BTUUgSW5mcmEgQ0EgMDIwHhcNMjUxMDIwMDQxMjEwWhcNMjYwNDE4MDQxMjEwWjBAMT4wPAYDVQQDEzVhc3luY29wZXJhdGlvbnNpZ25pbmdjZXJ0aWZpY2F0ZS5tYW5hZ2VtZW50LmF6dXJlLmNvbTCCASIwDQYJKoZIhvcNAQEBBQADggEPADCCAQoCggEBAMHQm7ZXwmvz3bp_tBu0ZYNZMpMcRUJSHrld-E9b4RqS0ymmswmhM267lbAI2oCZNI82E4DZNNZApPYz9GqZQ2OYxE0G0E_dyvstulti8jSM29pm5HiR_hxNyzt_q0uSnmqQnWuxQMco30qz4XjZaQkJNBATBraJWnioUZtMKhrbXrMOMral9bW_6ba5EqNlc3iBHJ8x7dblRrVcao1gyCk1mEXz9vR8Ut0wZ-KLWuSUcbcS7CPzUuSYQ1eJdym4YYAqEQQM1z40lpqT6OlbqRLu3DC5dN2NbGHUPkHODMhUbKY3RnwHKdrKQbuDk16nRBjl2ZML6kXZGz_BMd-elV0CAwEAAaOCBJIwggSOMCcGCSsGAQQBgjcVCgQaMBgwCgYIKwYBBQUHAwEwCgYIKwYBBQUHAwIwPQYJKwYBBAGCNxUHBDAwLgYmKwYBBAGCNxUIhpDjDYTVtHiE8Ys-hZvdFs6dEoFghfmRS4WsmTQCAWQCAQcwggHaBggrBgEFBQcBAQSCAcwwggHIMGYGCCsGAQUFBzAChlpodHRwOi8vY3JsLm1pY3Jvc29mdC5jb20vcGtpaW5mcmEvQ2VydHMvQkwyUEtJSU5UQ0EwMS5BTUUuR0JMX0FNRSUyMEluZnJhJTIwQ0ElMjAwMig0KS5jcnQwVgYIKwYBBQUHMAKGSmh0dHA6Ly9jcmwxLmFtZS5nYmwvYWlhL0JMMlBLSUlOVENBMDEuQU1FLkdCTF9BTUUlMjBJbmZyYSUyMENBJTIwMDIoNCkuY3J0MFYGCCsGAQUFBzAChkpodHRwOi8vY3JsMi5hbWUuZ2JsL2FpYS9CTDJQS0lJTlRDQTAxLkFNRS5HQkxfQU1FJTIwSW5mcmElMjBDQSUyMDAyKDQpLmNydDBWBggrBgEFBQcwAoZKaHR0cDovL2NybDMuYW1lLmdibC9haWEvQkwyUEtJSU5UQ0EwMS5BTUUuR0JMX0FNRSUyMEluZnJhJTIwQ0ElMjAwMig0KS5jcnQwVgYIKwYBBQUHMAKGSmh0dHA6Ly9jcmw0LmFtZS5nYmwvYWlhL0JMMlBLSUlOVENBMDEuQU1FLkdCTF9BTUUlMjBJbmZyYSUyMENBJTIwMDIoNCkuY3J0MB0GA1UdDgQWBBQ7Uo6SICZvdsfQb4hxJfOTmnlMAzAOBgNVHQ8BAf8EBAMCBaAwggE1BgNVHR8EggEsMIIBKDCCASSgggEgoIIBHIZCaHR0cDovL2NybC5taWNyb3NvZnQuY29tL3BraWluZnJhL0NSTC9BTUUlMjBJbmZyYSUyMENBJTIwMDIoNCkuY3JshjRodHRwOi8vY3JsMS5hbWUuZ2JsL2NybC9BTUUlMjBJbmZyYSUyMENBJTIwMDIoNCkuY3JshjRodHRwOi8vY3JsMi5hbWUuZ2JsL2NybC9BTUUlMjBJbmZyYSUyMENBJTIwMDIoNCkuY3JshjRodHRwOi8vY3JsMy5hbWUuZ2JsL2NybC9BTUUlMjBJbmZyYSUyMENBJTIwMDIoNCkuY3JshjRodHRwOi8vY3JsNC5hbWUuZ2JsL2NybC9BTUUlMjBJbmZyYSUyMENBJTIwMDIoNCkuY3JsMIGdBgNVHSAEgZUwgZIwDAYKKwYBBAGCN3sBATBmBgorBgEEAYI3ewICMFgwVgYIKwYBBQUHAgIwSh5IADMAMwBlADAAMQA5ADIAMQAtADQAZAA2ADQALQA0AGYAOABjAC0AYQAwADUANQAtADUAYgBkAGEAZgBmAGQANQBlADMAMwBkMAwGCisGAQQBgjd7AwIwDAYKKwYBBAGCN3sEAjAfBgNVHSMEGDAWgBSuecJrXSWIEwb2BwnDl3x7l48dVTAdBgNVHSUEFjAUBggrBgEFBQcDAQYIKwYBBQUHAwIwDQYJKoZIhvcNAQELBQADggEBADp-OzkMAESDX27pXk3NL5_uU6RuCBkTjHnVxyWwp89arbWDWeL0FNU75N4hZMsK4FU9oUeatHrGk09j6u3o6qgzbyH7vWX9v5ijaUpNPeacRaMTpWvVZZLg6AERFF7oiplb-vCmLHZTMYbJH6dZI35unEEDgzD9n8QhuMBQ8dXhS145FHrAVc9nnNB25FQt29UfdpwrVFPQuEkgwKKCG8Qy5VDtGnceMRw2bnDwtYNngCgVmd2cPtwgizpflj_F8NURyxhnrQvuOwCkQavcJTq5RSXgEp3U471r3TZoEkKrAmcNF3Fyz5M0gOv6EQmdHg-lLMeFUmOVsXvWTlMjQQw&s=MpUPPEvsnb5utciJuZ0AqCKOYV5-HeiifHEtuLNlpL4ZjuXzlnkbQYrLI6Gt2TSinb3rTKVX-D2R4OgrBlr0IQpl9j1fd7N0UHEt9F2ok__vEntgagxPyFTWXpEYCxG8hls99xx-LOcrTHe1THMzlzIg7hziGVJDbXuEl7uK2Pvf4UoeczqTKWaOIMtfZhVs1ZOJk-BihWpfeEzUKAOLeUNICd4up4Pa43GdHj90Q1Lux8un8F7QtcNk20ekh3RAy7wADYiSA0KBmQ0DcSvYUIrY1iOJqOJXh5BBSgD5rqHs6NLyLgZo5AVobfeGQ7Gkf_slG7wglzT3WlMes92fQA&h=qRg7gpukrfqLgMPOUDQI_CeO6YU_mGzIdbLvIUoqgUs
  response:
    body:
      string: '{"name":"40dae892-01a4-4353-b31a-908639eb4cf4","status":"InProgress","startTime":"2026-01-12T18:31:08.853Z"}'
    headers:
      cache-control:
      - no-cache
      content-length:
      - '108'
      content-type:
      - application/json; charset=utf-8
      date:
      - Mon, 12 Jan 2026 18:33:09 GMT
      expires:
      - '-1'
      pragma:
      - no-cache
      strict-transport-security:
      - max-age=31536000; includeSubDomains
      x-cache:
      - CONFIG_NOCACHE
      x-content-type-options:
      - nosniff
      x-ms-operation-identifier:
      - tenantId=72f988bf-86f1-41af-91ab-2d7cd011db47,objectId=f57d2932-2a78-450f-958a-e65997c3253b/canadacentral/b3ada164-142d-4d94-8a4c-ebe8f226508f
      x-ms-ratelimit-remaining-subscription-global-reads:
      - '16499'
      x-msedge-ref:
      - 'Ref A: 17933893C1FD4DDF8700D9727AD34E61 Ref B: MNZ221060618021 Ref C: 2026-01-12T18:33:10Z'
    status:
      code: 200
      message: OK
- request:
    body: null
    headers:
      Accept:
      - '*/*'
      Accept-Encoding:
      - gzip, deflate
      CommandName:
      - postgres flexible-server upgrade
      Connection:
      - keep-alive
      ParameterSetName:
      - -g -n --version --yes
      User-Agent:
      - AZURECLI/2.82.0 azsdk-python-core/1.37.0 Python/3.13.10 (Windows-11-10.0.26200-SP0)
    method: GET
    uri: https://management.azure.com/subscriptions/00000000-0000-0000-0000-000000000000/providers/Microsoft.DBforPostgreSQL/locations/canadacentral/azureAsyncOperation/40dae892-01a4-4353-b31a-908639eb4cf4?api-version=2025-08-01&t=639038394689670517&c=MIIHpTCCBo2gAwIBAgITfwY2O9Fi5lSmLyOBKgAEBjY70TANBgkqhkiG9w0BAQsFADBEMRMwEQYKCZImiZPyLGQBGRYDR0JMMRMwEQYKCZImiZPyLGQBGRYDQU1FMRgwFgYDVQQDEw9BTUUgSW5mcmEgQ0EgMDIwHhcNMjUxMDIwMDQxMjEwWhcNMjYwNDE4MDQxMjEwWjBAMT4wPAYDVQQDEzVhc3luY29wZXJhdGlvbnNpZ25pbmdjZXJ0aWZpY2F0ZS5tYW5hZ2VtZW50LmF6dXJlLmNvbTCCASIwDQYJKoZIhvcNAQEBBQADggEPADCCAQoCggEBAMHQm7ZXwmvz3bp_tBu0ZYNZMpMcRUJSHrld-E9b4RqS0ymmswmhM267lbAI2oCZNI82E4DZNNZApPYz9GqZQ2OYxE0G0E_dyvstulti8jSM29pm5HiR_hxNyzt_q0uSnmqQnWuxQMco30qz4XjZaQkJNBATBraJWnioUZtMKhrbXrMOMral9bW_6ba5EqNlc3iBHJ8x7dblRrVcao1gyCk1mEXz9vR8Ut0wZ-KLWuSUcbcS7CPzUuSYQ1eJdym4YYAqEQQM1z40lpqT6OlbqRLu3DC5dN2NbGHUPkHODMhUbKY3RnwHKdrKQbuDk16nRBjl2ZML6kXZGz_BMd-elV0CAwEAAaOCBJIwggSOMCcGCSsGAQQBgjcVCgQaMBgwCgYIKwYBBQUHAwEwCgYIKwYBBQUHAwIwPQYJKwYBBAGCNxUHBDAwLgYmKwYBBAGCNxUIhpDjDYTVtHiE8Ys-hZvdFs6dEoFghfmRS4WsmTQCAWQCAQcwggHaBggrBgEFBQcBAQSCAcwwggHIMGYGCCsGAQUFBzAChlpodHRwOi8vY3JsLm1pY3Jvc29mdC5jb20vcGtpaW5mcmEvQ2VydHMvQkwyUEtJSU5UQ0EwMS5BTUUuR0JMX0FNRSUyMEluZnJhJTIwQ0ElMjAwMig0KS5jcnQwVgYIKwYBBQUHMAKGSmh0dHA6Ly9jcmwxLmFtZS5nYmwvYWlhL0JMMlBLSUlOVENBMDEuQU1FLkdCTF9BTUUlMjBJbmZyYSUyMENBJTIwMDIoNCkuY3J0MFYGCCsGAQUFBzAChkpodHRwOi8vY3JsMi5hbWUuZ2JsL2FpYS9CTDJQS0lJTlRDQTAxLkFNRS5HQkxfQU1FJTIwSW5mcmElMjBDQSUyMDAyKDQpLmNydDBWBggrBgEFBQcwAoZKaHR0cDovL2NybDMuYW1lLmdibC9haWEvQkwyUEtJSU5UQ0EwMS5BTUUuR0JMX0FNRSUyMEluZnJhJTIwQ0ElMjAwMig0KS5jcnQwVgYIKwYBBQUHMAKGSmh0dHA6Ly9jcmw0LmFtZS5nYmwvYWlhL0JMMlBLSUlOVENBMDEuQU1FLkdCTF9BTUUlMjBJbmZyYSUyMENBJTIwMDIoNCkuY3J0MB0GA1UdDgQWBBQ7Uo6SICZvdsfQb4hxJfOTmnlMAzAOBgNVHQ8BAf8EBAMCBaAwggE1BgNVHR8EggEsMIIBKDCCASSgggEgoIIBHIZCaHR0cDovL2NybC5taWNyb3NvZnQuY29tL3BraWluZnJhL0NSTC9BTUUlMjBJbmZyYSUyMENBJTIwMDIoNCkuY3JshjRodHRwOi8vY3JsMS5hbWUuZ2JsL2NybC9BTUUlMjBJbmZyYSUyMENBJTIwMDIoNCkuY3JshjRodHRwOi8vY3JsMi5hbWUuZ2JsL2NybC9BTUUlMjBJbmZyYSUyMENBJTIwMDIoNCkuY3JshjRodHRwOi8vY3JsMy5hbWUuZ2JsL2NybC9BTUUlMjBJbmZyYSUyMENBJTIwMDIoNCkuY3JshjRodHRwOi8vY3JsNC5hbWUuZ2JsL2NybC9BTUUlMjBJbmZyYSUyMENBJTIwMDIoNCkuY3JsMIGdBgNVHSAEgZUwgZIwDAYKKwYBBAGCN3sBATBmBgorBgEEAYI3ewICMFgwVgYIKwYBBQUHAgIwSh5IADMAMwBlADAAMQA5ADIAMQAtADQAZAA2ADQALQA0AGYAOABjAC0AYQAwADUANQAtADUAYgBkAGEAZgBmAGQANQBlADMAMwBkMAwGCisGAQQBgjd7AwIwDAYKKwYBBAGCN3sEAjAfBgNVHSMEGDAWgBSuecJrXSWIEwb2BwnDl3x7l48dVTAdBgNVHSUEFjAUBggrBgEFBQcDAQYIKwYBBQUHAwIwDQYJKoZIhvcNAQELBQADggEBADp-OzkMAESDX27pXk3NL5_uU6RuCBkTjHnVxyWwp89arbWDWeL0FNU75N4hZMsK4FU9oUeatHrGk09j6u3o6qgzbyH7vWX9v5ijaUpNPeacRaMTpWvVZZLg6AERFF7oiplb-vCmLHZTMYbJH6dZI35unEEDgzD9n8QhuMBQ8dXhS145FHrAVc9nnNB25FQt29UfdpwrVFPQuEkgwKKCG8Qy5VDtGnceMRw2bnDwtYNngCgVmd2cPtwgizpflj_F8NURyxhnrQvuOwCkQavcJTq5RSXgEp3U471r3TZoEkKrAmcNF3Fyz5M0gOv6EQmdHg-lLMeFUmOVsXvWTlMjQQw&s=MpUPPEvsnb5utciJuZ0AqCKOYV5-HeiifHEtuLNlpL4ZjuXzlnkbQYrLI6Gt2TSinb3rTKVX-D2R4OgrBlr0IQpl9j1fd7N0UHEt9F2ok__vEntgagxPyFTWXpEYCxG8hls99xx-LOcrTHe1THMzlzIg7hziGVJDbXuEl7uK2Pvf4UoeczqTKWaOIMtfZhVs1ZOJk-BihWpfeEzUKAOLeUNICd4up4Pa43GdHj90Q1Lux8un8F7QtcNk20ekh3RAy7wADYiSA0KBmQ0DcSvYUIrY1iOJqOJXh5BBSgD5rqHs6NLyLgZo5AVobfeGQ7Gkf_slG7wglzT3WlMes92fQA&h=qRg7gpukrfqLgMPOUDQI_CeO6YU_mGzIdbLvIUoqgUs
  response:
    body:
      string: '{"name":"40dae892-01a4-4353-b31a-908639eb4cf4","status":"InProgress","startTime":"2026-01-12T18:31:08.853Z"}'
    headers:
      cache-control:
      - no-cache
      content-length:
      - '108'
      content-type:
      - application/json; charset=utf-8
      date:
      - Mon, 12 Jan 2026 18:34:10 GMT
      expires:
      - '-1'
      pragma:
      - no-cache
      strict-transport-security:
      - max-age=31536000; includeSubDomains
      x-cache:
      - CONFIG_NOCACHE
      x-content-type-options:
      - nosniff
      x-ms-operation-identifier:
      - tenantId=72f988bf-86f1-41af-91ab-2d7cd011db47,objectId=f57d2932-2a78-450f-958a-e65997c3253b/eastus2/8f2daa72-a749-461a-8293-5f0600e85355
      x-ms-ratelimit-remaining-subscription-global-reads:
      - '16499'
      x-msedge-ref:
      - 'Ref A: 5A616EDC727A4F248033178537E0721A Ref B: MNZ221060610025 Ref C: 2026-01-12T18:34:10Z'
    status:
      code: 200
      message: OK
- request:
    body: null
    headers:
      Accept:
      - '*/*'
      Accept-Encoding:
      - gzip, deflate
      CommandName:
      - postgres flexible-server upgrade
      Connection:
      - keep-alive
      ParameterSetName:
      - -g -n --version --yes
      User-Agent:
      - AZURECLI/2.82.0 azsdk-python-core/1.37.0 Python/3.13.10 (Windows-11-10.0.26200-SP0)
    method: GET
    uri: https://management.azure.com/subscriptions/00000000-0000-0000-0000-000000000000/providers/Microsoft.DBforPostgreSQL/locations/canadacentral/azureAsyncOperation/40dae892-01a4-4353-b31a-908639eb4cf4?api-version=2025-08-01&t=639038394689670517&c=MIIHpTCCBo2gAwIBAgITfwY2O9Fi5lSmLyOBKgAEBjY70TANBgkqhkiG9w0BAQsFADBEMRMwEQYKCZImiZPyLGQBGRYDR0JMMRMwEQYKCZImiZPyLGQBGRYDQU1FMRgwFgYDVQQDEw9BTUUgSW5mcmEgQ0EgMDIwHhcNMjUxMDIwMDQxMjEwWhcNMjYwNDE4MDQxMjEwWjBAMT4wPAYDVQQDEzVhc3luY29wZXJhdGlvbnNpZ25pbmdjZXJ0aWZpY2F0ZS5tYW5hZ2VtZW50LmF6dXJlLmNvbTCCASIwDQYJKoZIhvcNAQEBBQADggEPADCCAQoCggEBAMHQm7ZXwmvz3bp_tBu0ZYNZMpMcRUJSHrld-E9b4RqS0ymmswmhM267lbAI2oCZNI82E4DZNNZApPYz9GqZQ2OYxE0G0E_dyvstulti8jSM29pm5HiR_hxNyzt_q0uSnmqQnWuxQMco30qz4XjZaQkJNBATBraJWnioUZtMKhrbXrMOMral9bW_6ba5EqNlc3iBHJ8x7dblRrVcao1gyCk1mEXz9vR8Ut0wZ-KLWuSUcbcS7CPzUuSYQ1eJdym4YYAqEQQM1z40lpqT6OlbqRLu3DC5dN2NbGHUPkHODMhUbKY3RnwHKdrKQbuDk16nRBjl2ZML6kXZGz_BMd-elV0CAwEAAaOCBJIwggSOMCcGCSsGAQQBgjcVCgQaMBgwCgYIKwYBBQUHAwEwCgYIKwYBBQUHAwIwPQYJKwYBBAGCNxUHBDAwLgYmKwYBBAGCNxUIhpDjDYTVtHiE8Ys-hZvdFs6dEoFghfmRS4WsmTQCAWQCAQcwggHaBggrBgEFBQcBAQSCAcwwggHIMGYGCCsGAQUFBzAChlpodHRwOi8vY3JsLm1pY3Jvc29mdC5jb20vcGtpaW5mcmEvQ2VydHMvQkwyUEtJSU5UQ0EwMS5BTUUuR0JMX0FNRSUyMEluZnJhJTIwQ0ElMjAwMig0KS5jcnQwVgYIKwYBBQUHMAKGSmh0dHA6Ly9jcmwxLmFtZS5nYmwvYWlhL0JMMlBLSUlOVENBMDEuQU1FLkdCTF9BTUUlMjBJbmZyYSUyMENBJTIwMDIoNCkuY3J0MFYGCCsGAQUFBzAChkpodHRwOi8vY3JsMi5hbWUuZ2JsL2FpYS9CTDJQS0lJTlRDQTAxLkFNRS5HQkxfQU1FJTIwSW5mcmElMjBDQSUyMDAyKDQpLmNydDBWBggrBgEFBQcwAoZKaHR0cDovL2NybDMuYW1lLmdibC9haWEvQkwyUEtJSU5UQ0EwMS5BTUUuR0JMX0FNRSUyMEluZnJhJTIwQ0ElMjAwMig0KS5jcnQwVgYIKwYBBQUHMAKGSmh0dHA6Ly9jcmw0LmFtZS5nYmwvYWlhL0JMMlBLSUlOVENBMDEuQU1FLkdCTF9BTUUlMjBJbmZyYSUyMENBJTIwMDIoNCkuY3J0MB0GA1UdDgQWBBQ7Uo6SICZvdsfQb4hxJfOTmnlMAzAOBgNVHQ8BAf8EBAMCBaAwggE1BgNVHR8EggEsMIIBKDCCASSgggEgoIIBHIZCaHR0cDovL2NybC5taWNyb3NvZnQuY29tL3BraWluZnJhL0NSTC9BTUUlMjBJbmZyYSUyMENBJTIwMDIoNCkuY3JshjRodHRwOi8vY3JsMS5hbWUuZ2JsL2NybC9BTUUlMjBJbmZyYSUyMENBJTIwMDIoNCkuY3JshjRodHRwOi8vY3JsMi5hbWUuZ2JsL2NybC9BTUUlMjBJbmZyYSUyMENBJTIwMDIoNCkuY3JshjRodHRwOi8vY3JsMy5hbWUuZ2JsL2NybC9BTUUlMjBJbmZyYSUyMENBJTIwMDIoNCkuY3JshjRodHRwOi8vY3JsNC5hbWUuZ2JsL2NybC9BTUUlMjBJbmZyYSUyMENBJTIwMDIoNCkuY3JsMIGdBgNVHSAEgZUwgZIwDAYKKwYBBAGCN3sBATBmBgorBgEEAYI3ewICMFgwVgYIKwYBBQUHAgIwSh5IADMAMwBlADAAMQA5ADIAMQAtADQAZAA2ADQALQA0AGYAOABjAC0AYQAwADUANQAtADUAYgBkAGEAZgBmAGQANQBlADMAMwBkMAwGCisGAQQBgjd7AwIwDAYKKwYBBAGCN3sEAjAfBgNVHSMEGDAWgBSuecJrXSWIEwb2BwnDl3x7l48dVTAdBgNVHSUEFjAUBggrBgEFBQcDAQYIKwYBBQUHAwIwDQYJKoZIhvcNAQELBQADggEBADp-OzkMAESDX27pXk3NL5_uU6RuCBkTjHnVxyWwp89arbWDWeL0FNU75N4hZMsK4FU9oUeatHrGk09j6u3o6qgzbyH7vWX9v5ijaUpNPeacRaMTpWvVZZLg6AERFF7oiplb-vCmLHZTMYbJH6dZI35unEEDgzD9n8QhuMBQ8dXhS145FHrAVc9nnNB25FQt29UfdpwrVFPQuEkgwKKCG8Qy5VDtGnceMRw2bnDwtYNngCgVmd2cPtwgizpflj_F8NURyxhnrQvuOwCkQavcJTq5RSXgEp3U471r3TZoEkKrAmcNF3Fyz5M0gOv6EQmdHg-lLMeFUmOVsXvWTlMjQQw&s=MpUPPEvsnb5utciJuZ0AqCKOYV5-HeiifHEtuLNlpL4ZjuXzlnkbQYrLI6Gt2TSinb3rTKVX-D2R4OgrBlr0IQpl9j1fd7N0UHEt9F2ok__vEntgagxPyFTWXpEYCxG8hls99xx-LOcrTHe1THMzlzIg7hziGVJDbXuEl7uK2Pvf4UoeczqTKWaOIMtfZhVs1ZOJk-BihWpfeEzUKAOLeUNICd4up4Pa43GdHj90Q1Lux8un8F7QtcNk20ekh3RAy7wADYiSA0KBmQ0DcSvYUIrY1iOJqOJXh5BBSgD5rqHs6NLyLgZo5AVobfeGQ7Gkf_slG7wglzT3WlMes92fQA&h=qRg7gpukrfqLgMPOUDQI_CeO6YU_mGzIdbLvIUoqgUs
  response:
    body:
      string: '{"name":"40dae892-01a4-4353-b31a-908639eb4cf4","status":"InProgress","startTime":"2026-01-12T18:31:08.853Z"}'
    headers:
      cache-control:
      - no-cache
      content-length:
      - '108'
      content-type:
      - application/json; charset=utf-8
      date:
      - Mon, 12 Jan 2026 18:35:10 GMT
      expires:
      - '-1'
      pragma:
      - no-cache
      strict-transport-security:
      - max-age=31536000; includeSubDomains
      x-cache:
      - CONFIG_NOCACHE
      x-content-type-options:
      - nosniff
      x-ms-operation-identifier:
      - tenantId=72f988bf-86f1-41af-91ab-2d7cd011db47,objectId=f57d2932-2a78-450f-958a-e65997c3253b/eastus2/11730e9a-bbb8-4a7a-bbed-1f7dac4c062d
      x-ms-ratelimit-remaining-subscription-global-reads:
      - '16499'
      x-msedge-ref:
      - 'Ref A: E7709F59E29942659FB5D3C37F991BE3 Ref B: BL2AA2010204031 Ref C: 2026-01-12T18:35:10Z'
    status:
      code: 200
      message: OK
- request:
    body: null
    headers:
      Accept:
      - '*/*'
      Accept-Encoding:
      - gzip, deflate
      CommandName:
      - postgres flexible-server upgrade
      Connection:
      - keep-alive
      ParameterSetName:
      - -g -n --version --yes
      User-Agent:
      - AZURECLI/2.82.0 azsdk-python-core/1.37.0 Python/3.13.10 (Windows-11-10.0.26200-SP0)
    method: GET
    uri: https://management.azure.com/subscriptions/00000000-0000-0000-0000-000000000000/providers/Microsoft.DBforPostgreSQL/locations/canadacentral/azureAsyncOperation/40dae892-01a4-4353-b31a-908639eb4cf4?api-version=2025-08-01&t=639038394689670517&c=MIIHpTCCBo2gAwIBAgITfwY2O9Fi5lSmLyOBKgAEBjY70TANBgkqhkiG9w0BAQsFADBEMRMwEQYKCZImiZPyLGQBGRYDR0JMMRMwEQYKCZImiZPyLGQBGRYDQU1FMRgwFgYDVQQDEw9BTUUgSW5mcmEgQ0EgMDIwHhcNMjUxMDIwMDQxMjEwWhcNMjYwNDE4MDQxMjEwWjBAMT4wPAYDVQQDEzVhc3luY29wZXJhdGlvbnNpZ25pbmdjZXJ0aWZpY2F0ZS5tYW5hZ2VtZW50LmF6dXJlLmNvbTCCASIwDQYJKoZIhvcNAQEBBQADggEPADCCAQoCggEBAMHQm7ZXwmvz3bp_tBu0ZYNZMpMcRUJSHrld-E9b4RqS0ymmswmhM267lbAI2oCZNI82E4DZNNZApPYz9GqZQ2OYxE0G0E_dyvstulti8jSM29pm5HiR_hxNyzt_q0uSnmqQnWuxQMco30qz4XjZaQkJNBATBraJWnioUZtMKhrbXrMOMral9bW_6ba5EqNlc3iBHJ8x7dblRrVcao1gyCk1mEXz9vR8Ut0wZ-KLWuSUcbcS7CPzUuSYQ1eJdym4YYAqEQQM1z40lpqT6OlbqRLu3DC5dN2NbGHUPkHODMhUbKY3RnwHKdrKQbuDk16nRBjl2ZML6kXZGz_BMd-elV0CAwEAAaOCBJIwggSOMCcGCSsGAQQBgjcVCgQaMBgwCgYIKwYBBQUHAwEwCgYIKwYBBQUHAwIwPQYJKwYBBAGCNxUHBDAwLgYmKwYBBAGCNxUIhpDjDYTVtHiE8Ys-hZvdFs6dEoFghfmRS4WsmTQCAWQCAQcwggHaBggrBgEFBQcBAQSCAcwwggHIMGYGCCsGAQUFBzAChlpodHRwOi8vY3JsLm1pY3Jvc29mdC5jb20vcGtpaW5mcmEvQ2VydHMvQkwyUEtJSU5UQ0EwMS5BTUUuR0JMX0FNRSUyMEluZnJhJTIwQ0ElMjAwMig0KS5jcnQwVgYIKwYBBQUHMAKGSmh0dHA6Ly9jcmwxLmFtZS5nYmwvYWlhL0JMMlBLSUlOVENBMDEuQU1FLkdCTF9BTUUlMjBJbmZyYSUyMENBJTIwMDIoNCkuY3J0MFYGCCsGAQUFBzAChkpodHRwOi8vY3JsMi5hbWUuZ2JsL2FpYS9CTDJQS0lJTlRDQTAxLkFNRS5HQkxfQU1FJTIwSW5mcmElMjBDQSUyMDAyKDQpLmNydDBWBggrBgEFBQcwAoZKaHR0cDovL2NybDMuYW1lLmdibC9haWEvQkwyUEtJSU5UQ0EwMS5BTUUuR0JMX0FNRSUyMEluZnJhJTIwQ0ElMjAwMig0KS5jcnQwVgYIKwYBBQUHMAKGSmh0dHA6Ly9jcmw0LmFtZS5nYmwvYWlhL0JMMlBLSUlOVENBMDEuQU1FLkdCTF9BTUUlMjBJbmZyYSUyMENBJTIwMDIoNCkuY3J0MB0GA1UdDgQWBBQ7Uo6SICZvdsfQb4hxJfOTmnlMAzAOBgNVHQ8BAf8EBAMCBaAwggE1BgNVHR8EggEsMIIBKDCCASSgggEgoIIBHIZCaHR0cDovL2NybC5taWNyb3NvZnQuY29tL3BraWluZnJhL0NSTC9BTUUlMjBJbmZyYSUyMENBJTIwMDIoNCkuY3JshjRodHRwOi8vY3JsMS5hbWUuZ2JsL2NybC9BTUUlMjBJbmZyYSUyMENBJTIwMDIoNCkuY3JshjRodHRwOi8vY3JsMi5hbWUuZ2JsL2NybC9BTUUlMjBJbmZyYSUyMENBJTIwMDIoNCkuY3JshjRodHRwOi8vY3JsMy5hbWUuZ2JsL2NybC9BTUUlMjBJbmZyYSUyMENBJTIwMDIoNCkuY3JshjRodHRwOi8vY3JsNC5hbWUuZ2JsL2NybC9BTUUlMjBJbmZyYSUyMENBJTIwMDIoNCkuY3JsMIGdBgNVHSAEgZUwgZIwDAYKKwYBBAGCN3sBATBmBgorBgEEAYI3ewICMFgwVgYIKwYBBQUHAgIwSh5IADMAMwBlADAAMQA5ADIAMQAtADQAZAA2ADQALQA0AGYAOABjAC0AYQAwADUANQAtADUAYgBkAGEAZgBmAGQANQBlADMAMwBkMAwGCisGAQQBgjd7AwIwDAYKKwYBBAGCN3sEAjAfBgNVHSMEGDAWgBSuecJrXSWIEwb2BwnDl3x7l48dVTAdBgNVHSUEFjAUBggrBgEFBQcDAQYIKwYBBQUHAwIwDQYJKoZIhvcNAQELBQADggEBADp-OzkMAESDX27pXk3NL5_uU6RuCBkTjHnVxyWwp89arbWDWeL0FNU75N4hZMsK4FU9oUeatHrGk09j6u3o6qgzbyH7vWX9v5ijaUpNPeacRaMTpWvVZZLg6AERFF7oiplb-vCmLHZTMYbJH6dZI35unEEDgzD9n8QhuMBQ8dXhS145FHrAVc9nnNB25FQt29UfdpwrVFPQuEkgwKKCG8Qy5VDtGnceMRw2bnDwtYNngCgVmd2cPtwgizpflj_F8NURyxhnrQvuOwCkQavcJTq5RSXgEp3U471r3TZoEkKrAmcNF3Fyz5M0gOv6EQmdHg-lLMeFUmOVsXvWTlMjQQw&s=MpUPPEvsnb5utciJuZ0AqCKOYV5-HeiifHEtuLNlpL4ZjuXzlnkbQYrLI6Gt2TSinb3rTKVX-D2R4OgrBlr0IQpl9j1fd7N0UHEt9F2ok__vEntgagxPyFTWXpEYCxG8hls99xx-LOcrTHe1THMzlzIg7hziGVJDbXuEl7uK2Pvf4UoeczqTKWaOIMtfZhVs1ZOJk-BihWpfeEzUKAOLeUNICd4up4Pa43GdHj90Q1Lux8un8F7QtcNk20ekh3RAy7wADYiSA0KBmQ0DcSvYUIrY1iOJqOJXh5BBSgD5rqHs6NLyLgZo5AVobfeGQ7Gkf_slG7wglzT3WlMes92fQA&h=qRg7gpukrfqLgMPOUDQI_CeO6YU_mGzIdbLvIUoqgUs
  response:
    body:
      string: '{"name":"40dae892-01a4-4353-b31a-908639eb4cf4","status":"InProgress","startTime":"2026-01-12T18:31:08.853Z"}'
    headers:
      cache-control:
      - no-cache
      content-length:
      - '108'
      content-type:
      - application/json; charset=utf-8
      date:
      - Mon, 12 Jan 2026 18:36:10 GMT
      expires:
      - '-1'
      pragma:
      - no-cache
      strict-transport-security:
      - max-age=31536000; includeSubDomains
      x-cache:
      - CONFIG_NOCACHE
      x-content-type-options:
      - nosniff
      x-ms-operation-identifier:
      - tenantId=72f988bf-86f1-41af-91ab-2d7cd011db47,objectId=f57d2932-2a78-450f-958a-e65997c3253b/eastus/2d15a885-bfbf-4a6a-8de2-40a2e1bbb22d
      x-ms-ratelimit-remaining-subscription-global-reads:
      - '16499'
      x-msedge-ref:
      - 'Ref A: 3E1BC766CAA34C4582B0971346556672 Ref B: BL2AA2011001025 Ref C: 2026-01-12T18:36:11Z'
    status:
      code: 200
      message: OK
- request:
    body: null
    headers:
      Accept:
      - '*/*'
      Accept-Encoding:
      - gzip, deflate
      CommandName:
      - postgres flexible-server upgrade
      Connection:
      - keep-alive
      ParameterSetName:
      - -g -n --version --yes
      User-Agent:
      - AZURECLI/2.82.0 azsdk-python-core/1.37.0 Python/3.13.10 (Windows-11-10.0.26200-SP0)
    method: GET
    uri: https://management.azure.com/subscriptions/00000000-0000-0000-0000-000000000000/providers/Microsoft.DBforPostgreSQL/locations/canadacentral/azureAsyncOperation/40dae892-01a4-4353-b31a-908639eb4cf4?api-version=2025-08-01&t=639038394689670517&c=MIIHpTCCBo2gAwIBAgITfwY2O9Fi5lSmLyOBKgAEBjY70TANBgkqhkiG9w0BAQsFADBEMRMwEQYKCZImiZPyLGQBGRYDR0JMMRMwEQYKCZImiZPyLGQBGRYDQU1FMRgwFgYDVQQDEw9BTUUgSW5mcmEgQ0EgMDIwHhcNMjUxMDIwMDQxMjEwWhcNMjYwNDE4MDQxMjEwWjBAMT4wPAYDVQQDEzVhc3luY29wZXJhdGlvbnNpZ25pbmdjZXJ0aWZpY2F0ZS5tYW5hZ2VtZW50LmF6dXJlLmNvbTCCASIwDQYJKoZIhvcNAQEBBQADggEPADCCAQoCggEBAMHQm7ZXwmvz3bp_tBu0ZYNZMpMcRUJSHrld-E9b4RqS0ymmswmhM267lbAI2oCZNI82E4DZNNZApPYz9GqZQ2OYxE0G0E_dyvstulti8jSM29pm5HiR_hxNyzt_q0uSnmqQnWuxQMco30qz4XjZaQkJNBATBraJWnioUZtMKhrbXrMOMral9bW_6ba5EqNlc3iBHJ8x7dblRrVcao1gyCk1mEXz9vR8Ut0wZ-KLWuSUcbcS7CPzUuSYQ1eJdym4YYAqEQQM1z40lpqT6OlbqRLu3DC5dN2NbGHUPkHODMhUbKY3RnwHKdrKQbuDk16nRBjl2ZML6kXZGz_BMd-elV0CAwEAAaOCBJIwggSOMCcGCSsGAQQBgjcVCgQaMBgwCgYIKwYBBQUHAwEwCgYIKwYBBQUHAwIwPQYJKwYBBAGCNxUHBDAwLgYmKwYBBAGCNxUIhpDjDYTVtHiE8Ys-hZvdFs6dEoFghfmRS4WsmTQCAWQCAQcwggHaBggrBgEFBQcBAQSCAcwwggHIMGYGCCsGAQUFBzAChlpodHRwOi8vY3JsLm1pY3Jvc29mdC5jb20vcGtpaW5mcmEvQ2VydHMvQkwyUEtJSU5UQ0EwMS5BTUUuR0JMX0FNRSUyMEluZnJhJTIwQ0ElMjAwMig0KS5jcnQwVgYIKwYBBQUHMAKGSmh0dHA6Ly9jcmwxLmFtZS5nYmwvYWlhL0JMMlBLSUlOVENBMDEuQU1FLkdCTF9BTUUlMjBJbmZyYSUyMENBJTIwMDIoNCkuY3J0MFYGCCsGAQUFBzAChkpodHRwOi8vY3JsMi5hbWUuZ2JsL2FpYS9CTDJQS0lJTlRDQTAxLkFNRS5HQkxfQU1FJTIwSW5mcmElMjBDQSUyMDAyKDQpLmNydDBWBggrBgEFBQcwAoZKaHR0cDovL2NybDMuYW1lLmdibC9haWEvQkwyUEtJSU5UQ0EwMS5BTUUuR0JMX0FNRSUyMEluZnJhJTIwQ0ElMjAwMig0KS5jcnQwVgYIKwYBBQUHMAKGSmh0dHA6Ly9jcmw0LmFtZS5nYmwvYWlhL0JMMlBLSUlOVENBMDEuQU1FLkdCTF9BTUUlMjBJbmZyYSUyMENBJTIwMDIoNCkuY3J0MB0GA1UdDgQWBBQ7Uo6SICZvdsfQb4hxJfOTmnlMAzAOBgNVHQ8BAf8EBAMCBaAwggE1BgNVHR8EggEsMIIBKDCCASSgggEgoIIBHIZCaHR0cDovL2NybC5taWNyb3NvZnQuY29tL3BraWluZnJhL0NSTC9BTUUlMjBJbmZyYSUyMENBJTIwMDIoNCkuY3JshjRodHRwOi8vY3JsMS5hbWUuZ2JsL2NybC9BTUUlMjBJbmZyYSUyMENBJTIwMDIoNCkuY3JshjRodHRwOi8vY3JsMi5hbWUuZ2JsL2NybC9BTUUlMjBJbmZyYSUyMENBJTIwMDIoNCkuY3JshjRodHRwOi8vY3JsMy5hbWUuZ2JsL2NybC9BTUUlMjBJbmZyYSUyMENBJTIwMDIoNCkuY3JshjRodHRwOi8vY3JsNC5hbWUuZ2JsL2NybC9BTUUlMjBJbmZyYSUyMENBJTIwMDIoNCkuY3JsMIGdBgNVHSAEgZUwgZIwDAYKKwYBBAGCN3sBATBmBgorBgEEAYI3ewICMFgwVgYIKwYBBQUHAgIwSh5IADMAMwBlADAAMQA5ADIAMQAtADQAZAA2ADQALQA0AGYAOABjAC0AYQAwADUANQAtADUAYgBkAGEAZgBmAGQANQBlADMAMwBkMAwGCisGAQQBgjd7AwIwDAYKKwYBBAGCN3sEAjAfBgNVHSMEGDAWgBSuecJrXSWIEwb2BwnDl3x7l48dVTAdBgNVHSUEFjAUBggrBgEFBQcDAQYIKwYBBQUHAwIwDQYJKoZIhvcNAQELBQADggEBADp-OzkMAESDX27pXk3NL5_uU6RuCBkTjHnVxyWwp89arbWDWeL0FNU75N4hZMsK4FU9oUeatHrGk09j6u3o6qgzbyH7vWX9v5ijaUpNPeacRaMTpWvVZZLg6AERFF7oiplb-vCmLHZTMYbJH6dZI35unEEDgzD9n8QhuMBQ8dXhS145FHrAVc9nnNB25FQt29UfdpwrVFPQuEkgwKKCG8Qy5VDtGnceMRw2bnDwtYNngCgVmd2cPtwgizpflj_F8NURyxhnrQvuOwCkQavcJTq5RSXgEp3U471r3TZoEkKrAmcNF3Fyz5M0gOv6EQmdHg-lLMeFUmOVsXvWTlMjQQw&s=MpUPPEvsnb5utciJuZ0AqCKOYV5-HeiifHEtuLNlpL4ZjuXzlnkbQYrLI6Gt2TSinb3rTKVX-D2R4OgrBlr0IQpl9j1fd7N0UHEt9F2ok__vEntgagxPyFTWXpEYCxG8hls99xx-LOcrTHe1THMzlzIg7hziGVJDbXuEl7uK2Pvf4UoeczqTKWaOIMtfZhVs1ZOJk-BihWpfeEzUKAOLeUNICd4up4Pa43GdHj90Q1Lux8un8F7QtcNk20ekh3RAy7wADYiSA0KBmQ0DcSvYUIrY1iOJqOJXh5BBSgD5rqHs6NLyLgZo5AVobfeGQ7Gkf_slG7wglzT3WlMes92fQA&h=qRg7gpukrfqLgMPOUDQI_CeO6YU_mGzIdbLvIUoqgUs
  response:
    body:
      string: '{"name":"40dae892-01a4-4353-b31a-908639eb4cf4","status":"InProgress","startTime":"2026-01-12T18:31:08.853Z"}'
    headers:
      cache-control:
      - no-cache
      content-length:
      - '108'
      content-type:
      - application/json; charset=utf-8
      date:
      - Mon, 12 Jan 2026 18:37:10 GMT
      expires:
      - '-1'
      pragma:
      - no-cache
      strict-transport-security:
      - max-age=31536000; includeSubDomains
      x-cache:
      - CONFIG_NOCACHE
      x-content-type-options:
      - nosniff
      x-ms-operation-identifier:
      - tenantId=72f988bf-86f1-41af-91ab-2d7cd011db47,objectId=f57d2932-2a78-450f-958a-e65997c3253b/eastus/c8fbb148-3ab6-494f-af27-6543a54fcecc
      x-ms-ratelimit-remaining-subscription-global-reads:
      - '16499'
      x-msedge-ref:
      - 'Ref A: B7B3D49DA2D441DFAF30D7C2F0AB1692 Ref B: MNZ221060619039 Ref C: 2026-01-12T18:37:11Z'
    status:
      code: 200
      message: OK
- request:
    body: null
    headers:
      Accept:
      - '*/*'
      Accept-Encoding:
      - gzip, deflate
      CommandName:
      - postgres flexible-server upgrade
      Connection:
      - keep-alive
      ParameterSetName:
      - -g -n --version --yes
      User-Agent:
      - AZURECLI/2.82.0 azsdk-python-core/1.37.0 Python/3.13.10 (Windows-11-10.0.26200-SP0)
    method: GET
    uri: https://management.azure.com/subscriptions/00000000-0000-0000-0000-000000000000/providers/Microsoft.DBforPostgreSQL/locations/canadacentral/azureAsyncOperation/40dae892-01a4-4353-b31a-908639eb4cf4?api-version=2025-08-01&t=639038394689670517&c=MIIHpTCCBo2gAwIBAgITfwY2O9Fi5lSmLyOBKgAEBjY70TANBgkqhkiG9w0BAQsFADBEMRMwEQYKCZImiZPyLGQBGRYDR0JMMRMwEQYKCZImiZPyLGQBGRYDQU1FMRgwFgYDVQQDEw9BTUUgSW5mcmEgQ0EgMDIwHhcNMjUxMDIwMDQxMjEwWhcNMjYwNDE4MDQxMjEwWjBAMT4wPAYDVQQDEzVhc3luY29wZXJhdGlvbnNpZ25pbmdjZXJ0aWZpY2F0ZS5tYW5hZ2VtZW50LmF6dXJlLmNvbTCCASIwDQYJKoZIhvcNAQEBBQADggEPADCCAQoCggEBAMHQm7ZXwmvz3bp_tBu0ZYNZMpMcRUJSHrld-E9b4RqS0ymmswmhM267lbAI2oCZNI82E4DZNNZApPYz9GqZQ2OYxE0G0E_dyvstulti8jSM29pm5HiR_hxNyzt_q0uSnmqQnWuxQMco30qz4XjZaQkJNBATBraJWnioUZtMKhrbXrMOMral9bW_6ba5EqNlc3iBHJ8x7dblRrVcao1gyCk1mEXz9vR8Ut0wZ-KLWuSUcbcS7CPzUuSYQ1eJdym4YYAqEQQM1z40lpqT6OlbqRLu3DC5dN2NbGHUPkHODMhUbKY3RnwHKdrKQbuDk16nRBjl2ZML6kXZGz_BMd-elV0CAwEAAaOCBJIwggSOMCcGCSsGAQQBgjcVCgQaMBgwCgYIKwYBBQUHAwEwCgYIKwYBBQUHAwIwPQYJKwYBBAGCNxUHBDAwLgYmKwYBBAGCNxUIhpDjDYTVtHiE8Ys-hZvdFs6dEoFghfmRS4WsmTQCAWQCAQcwggHaBggrBgEFBQcBAQSCAcwwggHIMGYGCCsGAQUFBzAChlpodHRwOi8vY3JsLm1pY3Jvc29mdC5jb20vcGtpaW5mcmEvQ2VydHMvQkwyUEtJSU5UQ0EwMS5BTUUuR0JMX0FNRSUyMEluZnJhJTIwQ0ElMjAwMig0KS5jcnQwVgYIKwYBBQUHMAKGSmh0dHA6Ly9jcmwxLmFtZS5nYmwvYWlhL0JMMlBLSUlOVENBMDEuQU1FLkdCTF9BTUUlMjBJbmZyYSUyMENBJTIwMDIoNCkuY3J0MFYGCCsGAQUFBzAChkpodHRwOi8vY3JsMi5hbWUuZ2JsL2FpYS9CTDJQS0lJTlRDQTAxLkFNRS5HQkxfQU1FJTIwSW5mcmElMjBDQSUyMDAyKDQpLmNydDBWBggrBgEFBQcwAoZKaHR0cDovL2NybDMuYW1lLmdibC9haWEvQkwyUEtJSU5UQ0EwMS5BTUUuR0JMX0FNRSUyMEluZnJhJTIwQ0ElMjAwMig0KS5jcnQwVgYIKwYBBQUHMAKGSmh0dHA6Ly9jcmw0LmFtZS5nYmwvYWlhL0JMMlBLSUlOVENBMDEuQU1FLkdCTF9BTUUlMjBJbmZyYSUyMENBJTIwMDIoNCkuY3J0MB0GA1UdDgQWBBQ7Uo6SICZvdsfQb4hxJfOTmnlMAzAOBgNVHQ8BAf8EBAMCBaAwggE1BgNVHR8EggEsMIIBKDCCASSgggEgoIIBHIZCaHR0cDovL2NybC5taWNyb3NvZnQuY29tL3BraWluZnJhL0NSTC9BTUUlMjBJbmZyYSUyMENBJTIwMDIoNCkuY3JshjRodHRwOi8vY3JsMS5hbWUuZ2JsL2NybC9BTUUlMjBJbmZyYSUyMENBJTIwMDIoNCkuY3JshjRodHRwOi8vY3JsMi5hbWUuZ2JsL2NybC9BTUUlMjBJbmZyYSUyMENBJTIwMDIoNCkuY3JshjRodHRwOi8vY3JsMy5hbWUuZ2JsL2NybC9BTUUlMjBJbmZyYSUyMENBJTIwMDIoNCkuY3JshjRodHRwOi8vY3JsNC5hbWUuZ2JsL2NybC9BTUUlMjBJbmZyYSUyMENBJTIwMDIoNCkuY3JsMIGdBgNVHSAEgZUwgZIwDAYKKwYBBAGCN3sBATBmBgorBgEEAYI3ewICMFgwVgYIKwYBBQUHAgIwSh5IADMAMwBlADAAMQA5ADIAMQAtADQAZAA2ADQALQA0AGYAOABjAC0AYQAwADUANQAtADUAYgBkAGEAZgBmAGQANQBlADMAMwBkMAwGCisGAQQBgjd7AwIwDAYKKwYBBAGCN3sEAjAfBgNVHSMEGDAWgBSuecJrXSWIEwb2BwnDl3x7l48dVTAdBgNVHSUEFjAUBggrBgEFBQcDAQYIKwYBBQUHAwIwDQYJKoZIhvcNAQELBQADggEBADp-OzkMAESDX27pXk3NL5_uU6RuCBkTjHnVxyWwp89arbWDWeL0FNU75N4hZMsK4FU9oUeatHrGk09j6u3o6qgzbyH7vWX9v5ijaUpNPeacRaMTpWvVZZLg6AERFF7oiplb-vCmLHZTMYbJH6dZI35unEEDgzD9n8QhuMBQ8dXhS145FHrAVc9nnNB25FQt29UfdpwrVFPQuEkgwKKCG8Qy5VDtGnceMRw2bnDwtYNngCgVmd2cPtwgizpflj_F8NURyxhnrQvuOwCkQavcJTq5RSXgEp3U471r3TZoEkKrAmcNF3Fyz5M0gOv6EQmdHg-lLMeFUmOVsXvWTlMjQQw&s=MpUPPEvsnb5utciJuZ0AqCKOYV5-HeiifHEtuLNlpL4ZjuXzlnkbQYrLI6Gt2TSinb3rTKVX-D2R4OgrBlr0IQpl9j1fd7N0UHEt9F2ok__vEntgagxPyFTWXpEYCxG8hls99xx-LOcrTHe1THMzlzIg7hziGVJDbXuEl7uK2Pvf4UoeczqTKWaOIMtfZhVs1ZOJk-BihWpfeEzUKAOLeUNICd4up4Pa43GdHj90Q1Lux8un8F7QtcNk20ekh3RAy7wADYiSA0KBmQ0DcSvYUIrY1iOJqOJXh5BBSgD5rqHs6NLyLgZo5AVobfeGQ7Gkf_slG7wglzT3WlMes92fQA&h=qRg7gpukrfqLgMPOUDQI_CeO6YU_mGzIdbLvIUoqgUs
  response:
    body:
      string: '{"name":"40dae892-01a4-4353-b31a-908639eb4cf4","status":"InProgress","startTime":"2026-01-12T18:31:08.853Z"}'
    headers:
      cache-control:
      - no-cache
      content-length:
      - '108'
      content-type:
      - application/json; charset=utf-8
      date:
      - Mon, 12 Jan 2026 18:38:12 GMT
      expires:
      - '-1'
      pragma:
      - no-cache
      strict-transport-security:
      - max-age=31536000; includeSubDomains
      x-cache:
      - CONFIG_NOCACHE
      x-content-type-options:
      - nosniff
      x-ms-operation-identifier:
      - tenantId=72f988bf-86f1-41af-91ab-2d7cd011db47,objectId=f57d2932-2a78-450f-958a-e65997c3253b/eastus/eeb9827b-3258-45db-b3e4-e592b86b723f
      x-ms-ratelimit-remaining-subscription-global-reads:
      - '16499'
      x-msedge-ref:
      - 'Ref A: 023DC69F9EA14A2EBA8BD69BD8A28E12 Ref B: MNZ221060618047 Ref C: 2026-01-12T18:38:12Z'
    status:
      code: 200
      message: OK
- request:
    body: null
    headers:
      Accept:
      - '*/*'
      Accept-Encoding:
      - gzip, deflate
      CommandName:
      - postgres flexible-server upgrade
      Connection:
      - keep-alive
      ParameterSetName:
      - -g -n --version --yes
      User-Agent:
      - AZURECLI/2.82.0 azsdk-python-core/1.37.0 Python/3.13.10 (Windows-11-10.0.26200-SP0)
    method: GET
    uri: https://management.azure.com/subscriptions/00000000-0000-0000-0000-000000000000/providers/Microsoft.DBforPostgreSQL/locations/canadacentral/azureAsyncOperation/40dae892-01a4-4353-b31a-908639eb4cf4?api-version=2025-08-01&t=639038394689670517&c=MIIHpTCCBo2gAwIBAgITfwY2O9Fi5lSmLyOBKgAEBjY70TANBgkqhkiG9w0BAQsFADBEMRMwEQYKCZImiZPyLGQBGRYDR0JMMRMwEQYKCZImiZPyLGQBGRYDQU1FMRgwFgYDVQQDEw9BTUUgSW5mcmEgQ0EgMDIwHhcNMjUxMDIwMDQxMjEwWhcNMjYwNDE4MDQxMjEwWjBAMT4wPAYDVQQDEzVhc3luY29wZXJhdGlvbnNpZ25pbmdjZXJ0aWZpY2F0ZS5tYW5hZ2VtZW50LmF6dXJlLmNvbTCCASIwDQYJKoZIhvcNAQEBBQADggEPADCCAQoCggEBAMHQm7ZXwmvz3bp_tBu0ZYNZMpMcRUJSHrld-E9b4RqS0ymmswmhM267lbAI2oCZNI82E4DZNNZApPYz9GqZQ2OYxE0G0E_dyvstulti8jSM29pm5HiR_hxNyzt_q0uSnmqQnWuxQMco30qz4XjZaQkJNBATBraJWnioUZtMKhrbXrMOMral9bW_6ba5EqNlc3iBHJ8x7dblRrVcao1gyCk1mEXz9vR8Ut0wZ-KLWuSUcbcS7CPzUuSYQ1eJdym4YYAqEQQM1z40lpqT6OlbqRLu3DC5dN2NbGHUPkHODMhUbKY3RnwHKdrKQbuDk16nRBjl2ZML6kXZGz_BMd-elV0CAwEAAaOCBJIwggSOMCcGCSsGAQQBgjcVCgQaMBgwCgYIKwYBBQUHAwEwCgYIKwYBBQUHAwIwPQYJKwYBBAGCNxUHBDAwLgYmKwYBBAGCNxUIhpDjDYTVtHiE8Ys-hZvdFs6dEoFghfmRS4WsmTQCAWQCAQcwggHaBggrBgEFBQcBAQSCAcwwggHIMGYGCCsGAQUFBzAChlpodHRwOi8vY3JsLm1pY3Jvc29mdC5jb20vcGtpaW5mcmEvQ2VydHMvQkwyUEtJSU5UQ0EwMS5BTUUuR0JMX0FNRSUyMEluZnJhJTIwQ0ElMjAwMig0KS5jcnQwVgYIKwYBBQUHMAKGSmh0dHA6Ly9jcmwxLmFtZS5nYmwvYWlhL0JMMlBLSUlOVENBMDEuQU1FLkdCTF9BTUUlMjBJbmZyYSUyMENBJTIwMDIoNCkuY3J0MFYGCCsGAQUFBzAChkpodHRwOi8vY3JsMi5hbWUuZ2JsL2FpYS9CTDJQS0lJTlRDQTAxLkFNRS5HQkxfQU1FJTIwSW5mcmElMjBDQSUyMDAyKDQpLmNydDBWBggrBgEFBQcwAoZKaHR0cDovL2NybDMuYW1lLmdibC9haWEvQkwyUEtJSU5UQ0EwMS5BTUUuR0JMX0FNRSUyMEluZnJhJTIwQ0ElMjAwMig0KS5jcnQwVgYIKwYBBQUHMAKGSmh0dHA6Ly9jcmw0LmFtZS5nYmwvYWlhL0JMMlBLSUlOVENBMDEuQU1FLkdCTF9BTUUlMjBJbmZyYSUyMENBJTIwMDIoNCkuY3J0MB0GA1UdDgQWBBQ7Uo6SICZvdsfQb4hxJfOTmnlMAzAOBgNVHQ8BAf8EBAMCBaAwggE1BgNVHR8EggEsMIIBKDCCASSgggEgoIIBHIZCaHR0cDovL2NybC5taWNyb3NvZnQuY29tL3BraWluZnJhL0NSTC9BTUUlMjBJbmZyYSUyMENBJTIwMDIoNCkuY3JshjRodHRwOi8vY3JsMS5hbWUuZ2JsL2NybC9BTUUlMjBJbmZyYSUyMENBJTIwMDIoNCkuY3JshjRodHRwOi8vY3JsMi5hbWUuZ2JsL2NybC9BTUUlMjBJbmZyYSUyMENBJTIwMDIoNCkuY3JshjRodHRwOi8vY3JsMy5hbWUuZ2JsL2NybC9BTUUlMjBJbmZyYSUyMENBJTIwMDIoNCkuY3JshjRodHRwOi8vY3JsNC5hbWUuZ2JsL2NybC9BTUUlMjBJbmZyYSUyMENBJTIwMDIoNCkuY3JsMIGdBgNVHSAEgZUwgZIwDAYKKwYBBAGCN3sBATBmBgorBgEEAYI3ewICMFgwVgYIKwYBBQUHAgIwSh5IADMAMwBlADAAMQA5ADIAMQAtADQAZAA2ADQALQA0AGYAOABjAC0AYQAwADUANQAtADUAYgBkAGEAZgBmAGQANQBlADMAMwBkMAwGCisGAQQBgjd7AwIwDAYKKwYBBAGCN3sEAjAfBgNVHSMEGDAWgBSuecJrXSWIEwb2BwnDl3x7l48dVTAdBgNVHSUEFjAUBggrBgEFBQcDAQYIKwYBBQUHAwIwDQYJKoZIhvcNAQELBQADggEBADp-OzkMAESDX27pXk3NL5_uU6RuCBkTjHnVxyWwp89arbWDWeL0FNU75N4hZMsK4FU9oUeatHrGk09j6u3o6qgzbyH7vWX9v5ijaUpNPeacRaMTpWvVZZLg6AERFF7oiplb-vCmLHZTMYbJH6dZI35unEEDgzD9n8QhuMBQ8dXhS145FHrAVc9nnNB25FQt29UfdpwrVFPQuEkgwKKCG8Qy5VDtGnceMRw2bnDwtYNngCgVmd2cPtwgizpflj_F8NURyxhnrQvuOwCkQavcJTq5RSXgEp3U471r3TZoEkKrAmcNF3Fyz5M0gOv6EQmdHg-lLMeFUmOVsXvWTlMjQQw&s=MpUPPEvsnb5utciJuZ0AqCKOYV5-HeiifHEtuLNlpL4ZjuXzlnkbQYrLI6Gt2TSinb3rTKVX-D2R4OgrBlr0IQpl9j1fd7N0UHEt9F2ok__vEntgagxPyFTWXpEYCxG8hls99xx-LOcrTHe1THMzlzIg7hziGVJDbXuEl7uK2Pvf4UoeczqTKWaOIMtfZhVs1ZOJk-BihWpfeEzUKAOLeUNICd4up4Pa43GdHj90Q1Lux8un8F7QtcNk20ekh3RAy7wADYiSA0KBmQ0DcSvYUIrY1iOJqOJXh5BBSgD5rqHs6NLyLgZo5AVobfeGQ7Gkf_slG7wglzT3WlMes92fQA&h=qRg7gpukrfqLgMPOUDQI_CeO6YU_mGzIdbLvIUoqgUs
  response:
    body:
      string: '{"name":"40dae892-01a4-4353-b31a-908639eb4cf4","status":"InProgress","startTime":"2026-01-12T18:31:08.853Z"}'
    headers:
      cache-control:
      - no-cache
      content-length:
      - '108'
      content-type:
      - application/json; charset=utf-8
      date:
      - Mon, 12 Jan 2026 18:39:12 GMT
      expires:
      - '-1'
      pragma:
      - no-cache
      strict-transport-security:
      - max-age=31536000; includeSubDomains
      x-cache:
      - CONFIG_NOCACHE
      x-content-type-options:
      - nosniff
      x-ms-operation-identifier:
      - tenantId=72f988bf-86f1-41af-91ab-2d7cd011db47,objectId=f57d2932-2a78-450f-958a-e65997c3253b/eastus/5fff68ec-a547-4ddc-bda0-5012f49dd064
      x-ms-ratelimit-remaining-subscription-global-reads:
      - '16499'
      x-msedge-ref:
      - 'Ref A: FCA039ED567B482CA6B5AA8D521AE379 Ref B: BL2AA2030101005 Ref C: 2026-01-12T18:39:12Z'
    status:
      code: 200
      message: OK
- request:
    body: null
    headers:
      Accept:
      - '*/*'
      Accept-Encoding:
      - gzip, deflate
      CommandName:
      - postgres flexible-server upgrade
      Connection:
      - keep-alive
      ParameterSetName:
      - -g -n --version --yes
      User-Agent:
      - AZURECLI/2.82.0 azsdk-python-core/1.37.0 Python/3.13.10 (Windows-11-10.0.26200-SP0)
    method: GET
    uri: https://management.azure.com/subscriptions/00000000-0000-0000-0000-000000000000/providers/Microsoft.DBforPostgreSQL/locations/canadacentral/azureAsyncOperation/40dae892-01a4-4353-b31a-908639eb4cf4?api-version=2025-08-01&t=639038394689670517&c=MIIHpTCCBo2gAwIBAgITfwY2O9Fi5lSmLyOBKgAEBjY70TANBgkqhkiG9w0BAQsFADBEMRMwEQYKCZImiZPyLGQBGRYDR0JMMRMwEQYKCZImiZPyLGQBGRYDQU1FMRgwFgYDVQQDEw9BTUUgSW5mcmEgQ0EgMDIwHhcNMjUxMDIwMDQxMjEwWhcNMjYwNDE4MDQxMjEwWjBAMT4wPAYDVQQDEzVhc3luY29wZXJhdGlvbnNpZ25pbmdjZXJ0aWZpY2F0ZS5tYW5hZ2VtZW50LmF6dXJlLmNvbTCCASIwDQYJKoZIhvcNAQEBBQADggEPADCCAQoCggEBAMHQm7ZXwmvz3bp_tBu0ZYNZMpMcRUJSHrld-E9b4RqS0ymmswmhM267lbAI2oCZNI82E4DZNNZApPYz9GqZQ2OYxE0G0E_dyvstulti8jSM29pm5HiR_hxNyzt_q0uSnmqQnWuxQMco30qz4XjZaQkJNBATBraJWnioUZtMKhrbXrMOMral9bW_6ba5EqNlc3iBHJ8x7dblRrVcao1gyCk1mEXz9vR8Ut0wZ-KLWuSUcbcS7CPzUuSYQ1eJdym4YYAqEQQM1z40lpqT6OlbqRLu3DC5dN2NbGHUPkHODMhUbKY3RnwHKdrKQbuDk16nRBjl2ZML6kXZGz_BMd-elV0CAwEAAaOCBJIwggSOMCcGCSsGAQQBgjcVCgQaMBgwCgYIKwYBBQUHAwEwCgYIKwYBBQUHAwIwPQYJKwYBBAGCNxUHBDAwLgYmKwYBBAGCNxUIhpDjDYTVtHiE8Ys-hZvdFs6dEoFghfmRS4WsmTQCAWQCAQcwggHaBggrBgEFBQcBAQSCAcwwggHIMGYGCCsGAQUFBzAChlpodHRwOi8vY3JsLm1pY3Jvc29mdC5jb20vcGtpaW5mcmEvQ2VydHMvQkwyUEtJSU5UQ0EwMS5BTUUuR0JMX0FNRSUyMEluZnJhJTIwQ0ElMjAwMig0KS5jcnQwVgYIKwYBBQUHMAKGSmh0dHA6Ly9jcmwxLmFtZS5nYmwvYWlhL0JMMlBLSUlOVENBMDEuQU1FLkdCTF9BTUUlMjBJbmZyYSUyMENBJTIwMDIoNCkuY3J0MFYGCCsGAQUFBzAChkpodHRwOi8vY3JsMi5hbWUuZ2JsL2FpYS9CTDJQS0lJTlRDQTAxLkFNRS5HQkxfQU1FJTIwSW5mcmElMjBDQSUyMDAyKDQpLmNydDBWBggrBgEFBQcwAoZKaHR0cDovL2NybDMuYW1lLmdibC9haWEvQkwyUEtJSU5UQ0EwMS5BTUUuR0JMX0FNRSUyMEluZnJhJTIwQ0ElMjAwMig0KS5jcnQwVgYIKwYBBQUHMAKGSmh0dHA6Ly9jcmw0LmFtZS5nYmwvYWlhL0JMMlBLSUlOVENBMDEuQU1FLkdCTF9BTUUlMjBJbmZyYSUyMENBJTIwMDIoNCkuY3J0MB0GA1UdDgQWBBQ7Uo6SICZvdsfQb4hxJfOTmnlMAzAOBgNVHQ8BAf8EBAMCBaAwggE1BgNVHR8EggEsMIIBKDCCASSgggEgoIIBHIZCaHR0cDovL2NybC5taWNyb3NvZnQuY29tL3BraWluZnJhL0NSTC9BTUUlMjBJbmZyYSUyMENBJTIwMDIoNCkuY3JshjRodHRwOi8vY3JsMS5hbWUuZ2JsL2NybC9BTUUlMjBJbmZyYSUyMENBJTIwMDIoNCkuY3JshjRodHRwOi8vY3JsMi5hbWUuZ2JsL2NybC9BTUUlMjBJbmZyYSUyMENBJTIwMDIoNCkuY3JshjRodHRwOi8vY3JsMy5hbWUuZ2JsL2NybC9BTUUlMjBJbmZyYSUyMENBJTIwMDIoNCkuY3JshjRodHRwOi8vY3JsNC5hbWUuZ2JsL2NybC9BTUUlMjBJbmZyYSUyMENBJTIwMDIoNCkuY3JsMIGdBgNVHSAEgZUwgZIwDAYKKwYBBAGCN3sBATBmBgorBgEEAYI3ewICMFgwVgYIKwYBBQUHAgIwSh5IADMAMwBlADAAMQA5ADIAMQAtADQAZAA2ADQALQA0AGYAOABjAC0AYQAwADUANQAtADUAYgBkAGEAZgBmAGQANQBlADMAMwBkMAwGCisGAQQBgjd7AwIwDAYKKwYBBAGCN3sEAjAfBgNVHSMEGDAWgBSuecJrXSWIEwb2BwnDl3x7l48dVTAdBgNVHSUEFjAUBggrBgEFBQcDAQYIKwYBBQUHAwIwDQYJKoZIhvcNAQELBQADggEBADp-OzkMAESDX27pXk3NL5_uU6RuCBkTjHnVxyWwp89arbWDWeL0FNU75N4hZMsK4FU9oUeatHrGk09j6u3o6qgzbyH7vWX9v5ijaUpNPeacRaMTpWvVZZLg6AERFF7oiplb-vCmLHZTMYbJH6dZI35unEEDgzD9n8QhuMBQ8dXhS145FHrAVc9nnNB25FQt29UfdpwrVFPQuEkgwKKCG8Qy5VDtGnceMRw2bnDwtYNngCgVmd2cPtwgizpflj_F8NURyxhnrQvuOwCkQavcJTq5RSXgEp3U471r3TZoEkKrAmcNF3Fyz5M0gOv6EQmdHg-lLMeFUmOVsXvWTlMjQQw&s=MpUPPEvsnb5utciJuZ0AqCKOYV5-HeiifHEtuLNlpL4ZjuXzlnkbQYrLI6Gt2TSinb3rTKVX-D2R4OgrBlr0IQpl9j1fd7N0UHEt9F2ok__vEntgagxPyFTWXpEYCxG8hls99xx-LOcrTHe1THMzlzIg7hziGVJDbXuEl7uK2Pvf4UoeczqTKWaOIMtfZhVs1ZOJk-BihWpfeEzUKAOLeUNICd4up4Pa43GdHj90Q1Lux8un8F7QtcNk20ekh3RAy7wADYiSA0KBmQ0DcSvYUIrY1iOJqOJXh5BBSgD5rqHs6NLyLgZo5AVobfeGQ7Gkf_slG7wglzT3WlMes92fQA&h=qRg7gpukrfqLgMPOUDQI_CeO6YU_mGzIdbLvIUoqgUs
  response:
    body:
      string: '{"name":"40dae892-01a4-4353-b31a-908639eb4cf4","status":"Succeeded","startTime":"2026-01-12T18:31:08.853Z"}'
    headers:
      cache-control:
      - no-cache
      content-length:
      - '107'
      content-type:
      - application/json; charset=utf-8
      date:
      - Mon, 12 Jan 2026 18:40:12 GMT
      expires:
      - '-1'
      pragma:
      - no-cache
      strict-transport-security:
      - max-age=31536000; includeSubDomains
      x-cache:
      - CONFIG_NOCACHE
      x-content-type-options:
      - nosniff
      x-ms-operation-identifier:
      - tenantId=72f988bf-86f1-41af-91ab-2d7cd011db47,objectId=f57d2932-2a78-450f-958a-e65997c3253b/eastus/b3f44d64-723f-4e50-a5ac-a51d57a9514b
      x-ms-ratelimit-remaining-subscription-global-reads:
      - '16499'
      x-msedge-ref:
      - 'Ref A: EC1F1689D6D848C5A6D13BB4DAE1655C Ref B: BL2AA2010204037 Ref C: 2026-01-12T18:40:13Z'
    status:
      code: 200
      message: OK
- request:
    body: null
    headers:
      Accept:
      - '*/*'
      Accept-Encoding:
      - gzip, deflate
      CommandName:
      - postgres flexible-server upgrade
      Connection:
      - keep-alive
      ParameterSetName:
      - -g -n --version --yes
      User-Agent:
      - AZURECLI/2.82.0 azsdk-python-core/1.37.0 Python/3.13.10 (Windows-11-10.0.26200-SP0)
    method: GET
    uri: https://management.azure.com/subscriptions/00000000-0000-0000-0000-000000000000/resourceGroups/clitest.rg000001/providers/Microsoft.DBforPostgreSQL/flexibleServers/azuredbclitest-000002?api-version=2025-08-01
  response:
    body:
      string: '{"sku":{"name":"Standard_D2ds_v5","tier":"GeneralPurpose"},"systemData":{"createdAt":"2026-01-12T18:26:12.2195960Z"},"properties":{"replica":{"role":"Primary","capacity":5},"storage":{"type":"","iops":500,"tier":"P10","storageSizeGB":128,"autoGrow":"Disabled"},"network":{"publicNetworkAccess":"Disabled"},"privateEndpointConnections":[],"dataEncryption":{"type":"SystemManaged"},"authConfig":{"activeDirectoryAuth":"Disabled","passwordAuth":"Enabled"},"fullyQualifiedDomainName":"azuredbclitest-000002.postgres.database.azure.com","version":"17","minorVersion":"7","administratorLogin":"bouncycod1","state":"Ready","availabilityZone":"2","backup":{"backupRetentionDays":7,"geoRedundantBackup":"Disabled","earliestRestoreDate":"2026-01-12T18:35:04.7639083+00:00"},"highAvailability":{"mode":"Disabled","state":"NotEnabled"},"maintenanceWindow":{"customWindow":"Disabled","dayOfWeek":0,"startHour":0,"startMinute":0},"replicationRole":"Primary","replicaCapacity":5},"location":"Canada
        Central","id":"/subscriptions/00000000-0000-0000-0000-000000000000/resourceGroups/clitest.rg000001/providers/Microsoft.DBforPostgreSQL/flexibleServers/azuredbclitest-000002","name":"azuredbclitest-000002","type":"Microsoft.DBforPostgreSQL/flexibleServers"}'
    headers:
      cache-control:
      - no-cache
      content-length:
      - '1240'
      content-type:
      - application/json; charset=utf-8
      date:
      - Mon, 12 Jan 2026 18:40:13 GMT
      expires:
      - '-1'
      pragma:
      - no-cache
      strict-transport-security:
      - max-age=31536000; includeSubDomains
      x-cache:
      - CONFIG_NOCACHE
      x-content-type-options:
      - nosniff
      x-ms-ratelimit-remaining-subscription-global-reads:
      - '16499'
      x-msedge-ref:
      - 'Ref A: 48948C67CCCC4C6A89852D0FFEDEBD6C Ref B: MNZ221060618035 Ref C: 2026-01-12T18:40:13Z'
    status:
      code: 200
      message: OK
version: 1
