interactions:
- request:
    body: null
    headers:
      Accept:
      - application/json
      Accept-Encoding:
      - gzip, deflate
      CommandName:
      - postgres flexible-server migration check-name-availability
      Connection:
      - keep-alive
      ParameterSetName:
      - --subscription --resource-group --name --migration-name
      User-Agent:
      - AZURECLI/2.82.0 azsdk-python-core/1.37.0 Python/3.13.10 (Windows-11-10.0.26200-SP0)
    method: GET
    uri: https://management.azure.com/subscriptions/00000000-0000-0000-0000-000000000000/resourceGroups/autobot-resourcegroup-pg-eastus2euap/providers/Microsoft.DBforPostgreSQL/flexibleServers/autobot-e2e-pg-fs-eastus2euap?api-version=2025-08-01
  response:
    body:
      string: '{"sku":{"name":"Standard_D4s_v3","tier":"GeneralPurpose"},"systemData":{"createdAt":"2023-06-15T13:30:19.1651160Z"},"properties":{"replica":{"role":"Primary","capacity":5},"storage":{"type":"","iops":120,"tier":"P4","storageSizeGB":32,"autoGrow":"Disabled"},"network":{"publicNetworkAccess":"Enabled"},"dataEncryption":{"type":"SystemManaged"},"authConfig":{"activeDirectoryAuth":"Disabled","passwordAuth":"Enabled"},"fullyQualifiedDomainName":"autobot-e2e-pg-fs-eastus2euap.postgres.database.azure.com","version":"13","minorVersion":"23","administratorLogin":"portaltestuser","state":"Ready","availabilityZone":"2","backup":{"backupRetentionDays":7,"geoRedundantBackup":"Enabled","earliestRestoreDate":"2025-12-31T22:55:50.675686+00:00"},"highAvailability":{"mode":"Disabled","state":"NotEnabled"},"maintenanceWindow":{"customWindow":"Disabled","dayOfWeek":0,"startHour":0,"startMinute":0},"replicationRole":"Primary","replicaCapacity":5},"location":"East
        US 2 EUAP","id":"/subscriptions/00000000-0000-0000-0000-000000000000/resourceGroups/autobot-resourcegroup-pg-eastus2euap/providers/Microsoft.DBforPostgreSQL/flexibleServers/autobot-e2e-pg-fs-eastus2euap","name":"autobot-e2e-pg-fs-eastus2euap","type":"Microsoft.DBforPostgreSQL/flexibleServers"}'
    headers:
      cache-control:
      - no-cache
      content-length:
      - '1251'
      content-type:
      - application/json; charset=utf-8
      date:
      - Wed, 07 Jan 2026 03:30:26 GMT
      expires:
      - '-1'
      pragma:
      - no-cache
      strict-transport-security:
      - max-age=31536000; includeSubDomains
      x-cache:
      - CONFIG_NOCACHE
      x-content-type-options:
      - nosniff
      x-ms-throttling-version:
      - v2
      x-msedge-ref:
      - 'Ref A: C2C0A592DFF14D099E080E5B2DA385CC Ref B: MNZ221060619049 Ref C: 2026-01-07T03:30:26Z'
    status:
      code: 200
      message: OK
- request:
    body: '{"name": "4e8bc983-a582-4b91-97c7-0b9a4c4652e9", "type": "Microsoft.DBforPostgreSQL/flexibleServers/migrations"}'
    headers:
      Accept:
      - application/json
      Accept-Encoding:
      - gzip, deflate
      CommandName:
      - postgres flexible-server migration check-name-availability
      Connection:
      - keep-alive
      Content-Length:
      - '112'
      Content-Type:
      - application/json
      ParameterSetName:
      - --subscription --resource-group --name --migration-name
      User-Agent:
      - AZURECLI/2.82.0 azsdk-python-core/1.37.0 Python/3.13.10 (Windows-11-10.0.26200-SP0)
    method: POST
    uri: https://management.azure.com/subscriptions/00000000-0000-0000-0000-000000000000/resourceGroups/autobot-resourcegroup-pg-eastus2euap/providers/Microsoft.DBforPostgreSQL/flexibleServers/autobot-e2e-pg-fs-eastus2euap/checkMigrationNameAvailability?api-version=2025-08-01
  response:
    body:
      string: '{"name":"4e8bc983-a582-4b91-97c7-0b9a4c4652e9","type":"Microsoft.DBforPostgreSQL/flexibleServers/migrations","nameAvailable":true}'
    headers:
      cache-control:
      - no-cache
      content-length:
      - '130'
      content-type:
      - application/json; charset=utf-8
      date:
      - Wed, 07 Jan 2026 03:30:27 GMT
      expires:
      - '-1'
      pragma:
      - no-cache
      strict-transport-security:
      - max-age=31536000; includeSubDomains
      x-cache:
      - CONFIG_NOCACHE
      x-content-type-options:
      - nosniff
      x-ms-operation-identifier:
      - tenantId=72f988bf-86f1-41af-91ab-2d7cd011db47,objectId=f57d2932-2a78-450f-958a-e65997c3253b/eastus2euap/5831f34e-2aed-41e8-a859-be23b8da9f99
      x-ms-ratelimit-remaining-subscription-writes:
      - '799'
      x-ms-throttling-version:
      - v2
      x-msedge-ref:
      - 'Ref A: 94FA87E53B6547B0AC646A5479721B37 Ref B: MNZ221060608035 Ref C: 2026-01-07T03:30:26Z'
    status:
      code: 200
      message: OK
- request:
    body: null
    headers:
      Accept:
      - application/json
      Accept-Encoding:
      - gzip, deflate
      CommandName:
      - postgres flexible-server migration create
      Connection:
      - keep-alive
      ParameterSetName:
      - --subscription --resource-group --name --migration-name --properties
      User-Agent:
      - AZURECLI/2.82.0 azsdk-python-core/1.37.0 Python/3.13.10 (Windows-11-10.0.26200-SP0)
    method: GET
    uri: https://management.azure.com/subscriptions/00000000-0000-0000-0000-000000000000/resourceGroups/autobot-resourcegroup-pg-eastus2euap/providers/Microsoft.DBforPostgreSQL/flexibleServers/autobot-e2e-pg-fs-eastus2euap?api-version=2025-08-01
  response:
    body:
      string: '{"sku":{"name":"Standard_D4s_v3","tier":"GeneralPurpose"},"systemData":{"createdAt":"2023-06-15T13:30:19.1651160Z"},"properties":{"replica":{"role":"Primary","capacity":5},"storage":{"type":"","iops":120,"tier":"P4","storageSizeGB":32,"autoGrow":"Disabled"},"network":{"publicNetworkAccess":"Enabled"},"dataEncryption":{"type":"SystemManaged"},"authConfig":{"activeDirectoryAuth":"Disabled","passwordAuth":"Enabled"},"fullyQualifiedDomainName":"autobot-e2e-pg-fs-eastus2euap.postgres.database.azure.com","version":"13","minorVersion":"23","administratorLogin":"portaltestuser","state":"Ready","availabilityZone":"2","backup":{"backupRetentionDays":7,"geoRedundantBackup":"Enabled","earliestRestoreDate":"2025-12-31T22:55:50.675686+00:00"},"highAvailability":{"mode":"Disabled","state":"NotEnabled"},"maintenanceWindow":{"customWindow":"Disabled","dayOfWeek":0,"startHour":0,"startMinute":0},"replicationRole":"Primary","replicaCapacity":5},"location":"East
        US 2 EUAP","id":"/subscriptions/00000000-0000-0000-0000-000000000000/resourceGroups/autobot-resourcegroup-pg-eastus2euap/providers/Microsoft.DBforPostgreSQL/flexibleServers/autobot-e2e-pg-fs-eastus2euap","name":"autobot-e2e-pg-fs-eastus2euap","type":"Microsoft.DBforPostgreSQL/flexibleServers"}'
    headers:
      cache-control:
      - no-cache
      content-length:
      - '1251'
      content-type:
      - application/json; charset=utf-8
      date:
      - Wed, 07 Jan 2026 03:30:27 GMT
      expires:
      - '-1'
      pragma:
      - no-cache
      strict-transport-security:
      - max-age=31536000; includeSubDomains
      x-cache:
      - CONFIG_NOCACHE
      x-content-type-options:
      - nosniff
      x-ms-throttling-version:
      - v2
      x-msedge-ref:
      - 'Ref A: F92E145944704409BE2C2B80C6E76C58 Ref B: MNZ221060619037 Ref C: 2026-01-07T03:30:27Z'
    status:
      code: 200
      message: OK
- request:
    body: null
    headers:
      Accept:
      - application/json
      Accept-Encoding:
      - gzip, deflate
      CommandName:
      - postgres flexible-server migration create
      Connection:
      - keep-alive
      ParameterSetName:
      - --subscription --resource-group --name --migration-name --properties
      User-Agent:
      - AZURECLI/2.82.0 azsdk-python-core/1.37.0 Python/3.13.10 (Windows-11-10.0.26200-SP0)
    method: HEAD
    uri: https://management.azure.com/subscriptions/00000000-0000-0000-0000-000000000000/resourcegroups/autobot-resourcegroup-pg-eastus2euap?api-version=2024-11-01
  response:
    body:
      string: ''
    headers:
      cache-control:
      - no-cache
      content-length:
      - '0'
      date:
      - Wed, 07 Jan 2026 03:30:26 GMT
      expires:
      - '-1'
      pragma:
      - no-cache
      strict-transport-security:
      - max-age=31536000; includeSubDomains
      x-cache:
      - CONFIG_NOCACHE
      x-content-type-options:
      - nosniff
      x-ms-throttling-version:
      - v2
      x-msedge-ref:
      - 'Ref A: 102E3F2756904E54A95071309037C5C3 Ref B: MNZ221060619047 Ref C: 2026-01-07T03:30:27Z'
    status:
      code: 204
      message: No Content
- request:
    body: null
    headers:
      Accept:
      - application/json
      Accept-Encoding:
      - gzip, deflate
      CommandName:
      - postgres flexible-server migration create
      Connection:
      - keep-alive
      ParameterSetName:
      - --subscription --resource-group --name --migration-name --properties
      User-Agent:
      - AZURECLI/2.82.0 azsdk-python-core/1.37.0 Python/3.13.10 (Windows-11-10.0.26200-SP0)
    method: GET
    uri: https://management.azure.com/subscriptions/00000000-0000-0000-0000-000000000000/resourcegroups/autobot-resourcegroup-pg-eastus2euap?api-version=2024-11-01
  response:
    body:
      string: '{"id":"/subscriptions/00000000-0000-0000-0000-000000000000/resourceGroups/autobot-resourcegroup-pg-eastus2euap","name":"autobot-resourcegroup-pg-eastus2euap","type":"Microsoft.Resources/resourceGroups","location":"eastus2euap","properties":{"provisioningState":"Succeeded"}}'
    headers:
      cache-control:
      - no-cache
      content-length:
      - '274'
      content-type:
      - application/json; charset=utf-8
      date:
      - Wed, 07 Jan 2026 03:30:27 GMT
      expires:
      - '-1'
      pragma:
      - no-cache
      strict-transport-security:
      - max-age=31536000; includeSubDomains
      x-cache:
      - CONFIG_NOCACHE
      x-content-type-options:
      - nosniff
      x-ms-throttling-version:
      - v2
      x-msedge-ref:
      - 'Ref A: 00D46C2C365346BDA730F78D5212548F Ref B: MNZ221060608047 Ref C: 2026-01-07T03:30:27Z'
    status:
      code: 200
      message: OK
- request:
    body: '{"location": "eastus2euap", "properties": {"migrationMode": "offline",
      "migrationOption": "ValidateAndMigrate", "sourceDbServerResourceId": "/subscriptions/00000000-0000-0000-0000-000000000000/resourceGroups/autobot-singleserver-resourcegroup/providers/Microsoft.DBforPostgreSQL/servers/autobot-orcas-postgresql-ss",
      "secretParameters": {"adminCredentials": {"sourceServerPassword": "XXXXXXXXX",
      "targetServerPassword": "XXXXXXXXX"}, "sourceServerUsername": "autobot@autobot-orcas-postgresql-ss",
      "targetServerUsername": "portaltestuser"}, "dbsToMigrate": ["postgres"], "setupLogicalReplicationOnSourceDbIfNeeded":
      "False", "overwriteDbsInTarget": "True"}}'
    headers:
      Accept:
      - application/json
      Accept-Encoding:
      - gzip, deflate
      CommandName:
      - postgres flexible-server migration create
      Connection:
      - keep-alive
      Content-Length:
      - '656'
      Content-Type:
      - application/json
      ParameterSetName:
      - --subscription --resource-group --name --migration-name --properties
      User-Agent:
      - AZURECLI/2.82.0 azsdk-python-core/1.37.0 Python/3.13.10 (Windows-11-10.0.26200-SP0)
    method: PUT
    uri: https://management.azure.com/subscriptions/00000000-0000-0000-0000-000000000000/resourceGroups/autobot-resourcegroup-pg-eastus2euap/providers/Microsoft.DBforPostgreSQL/flexibleServers/autobot-e2e-pg-fs-eastus2euap/migrations/4e8bc983-a582-4b91-97c7-0b9a4c4652e9?api-version=2025-08-01
  response:
    body:
      string: '{"properties":{"migrationId":"313513f0-552e-4f39-8a31-ed9768b079f6","currentStatus":{"state":"InProgress"},"migrationMode":"Offline","sourceDbServerResourceId":"/subscriptions/00000000-0000-0000-0000-000000000000/resourceGroups/autobot-singleserver-resourcegroup/providers/Microsoft.DBforPostgreSQL/servers/autobot-orcas-postgresql-ss","targetDbServerResourceId":"/subscriptions/00000000-0000-0000-0000-000000000000/resourceGroups/autobot-resourcegroup-pg-eastus2euap/providers/Microsoft.DBforPostgreSQL/flexibleServers/autobot-e2e-pg-fs-eastus2euap","dbsToMigrate":["postgres"],"setupLogicalReplicationOnSourceDbIfNeeded":"False","overwriteDbsInTarget":"True","migrationWindowStartTimeInUtc":"2026-01-07T03:30:28.5729724Z","triggerCutover":"True","migrationOption":"ValidateAndMigrate","sourceType":"PostgreSQLSingleServer","sslMode":"VerifyFull"},"location":"eastus2euap","id":"/subscriptions/00000000-0000-0000-0000-000000000000/resourceGroups/autobot-resourcegroup-pg-eastus2euap/providers/Microsoft.DBforPostgreSQL/flexibleServers/autobot-e2e-pg-fs-eastus2euap/migrations/4e8bc983-a582-4b91-97c7-0b9a4c4652e9","name":"4e8bc983-a582-4b91-97c7-0b9a4c4652e9","type":"Microsoft.DBforPostgreSQL/flexibleServers/migrations"}'
    headers:
      cache-control:
      - no-cache
      content-length:
      - '1223'
      content-type:
      - application/json; charset=utf-8
      date:
      - Wed, 07 Jan 2026 03:30:28 GMT
      expires:
      - '-1'
      pragma:
      - no-cache
      strict-transport-security:
      - max-age=31536000; includeSubDomains
      x-cache:
      - CONFIG_NOCACHE
      x-content-type-options:
      - nosniff
      x-ms-operation-identifier:
      - tenantId=72f988bf-86f1-41af-91ab-2d7cd011db47,objectId=f57d2932-2a78-450f-958a-e65997c3253b/eastus2euap/5f35ebb6-98de-4a2b-9583-835c3adfadaa
      x-ms-ratelimit-remaining-subscription-writes:
      - '799'
      x-ms-throttling-version:
      - v2
      x-msedge-ref:
      - 'Ref A: 5A51E65868944217A577C8D2556323AB Ref B: BL2AA2011005029 Ref C: 2026-01-07T03:30:28Z'
    status:
      code: 201
      message: Created
- request:
    body: null
    headers:
      Accept:
      - application/json
      Accept-Encoding:
      - gzip, deflate
      CommandName:
      - postgres flexible-server migration list
      Connection:
      - keep-alive
      ParameterSetName:
      - --subscription --resource-group --name --filter
      User-Agent:
      - AZURECLI/2.82.0 azsdk-python-core/1.37.0 Python/3.13.10 (Windows-11-10.0.26200-SP0)
    method: GET
    uri: https://management.azure.com/subscriptions/00000000-0000-0000-0000-000000000000/resourceGroups/autobot-resourcegroup-pg-eastus2euap/providers/Microsoft.DBforPostgreSQL/flexibleServers/autobot-e2e-pg-fs-eastus2euap?api-version=2025-08-01
  response:
    body:
      string: '{"sku":{"name":"Standard_D4s_v3","tier":"GeneralPurpose"},"systemData":{"createdAt":"2023-06-15T13:30:19.1651160Z"},"properties":{"replica":{"role":"Primary","capacity":5},"storage":{"type":"","iops":120,"tier":"P4","storageSizeGB":32,"autoGrow":"Disabled"},"network":{"publicNetworkAccess":"Enabled"},"dataEncryption":{"type":"SystemManaged"},"authConfig":{"activeDirectoryAuth":"Disabled","passwordAuth":"Enabled"},"fullyQualifiedDomainName":"autobot-e2e-pg-fs-eastus2euap.postgres.database.azure.com","version":"13","minorVersion":"23","administratorLogin":"portaltestuser","state":"Ready","availabilityZone":"2","backup":{"backupRetentionDays":7,"geoRedundantBackup":"Enabled","earliestRestoreDate":"2025-12-31T22:55:50.675686+00:00"},"highAvailability":{"mode":"Disabled","state":"NotEnabled"},"maintenanceWindow":{"customWindow":"Disabled","dayOfWeek":0,"startHour":0,"startMinute":0},"replicationRole":"Primary","replicaCapacity":5},"location":"East
        US 2 EUAP","id":"/subscriptions/00000000-0000-0000-0000-000000000000/resourceGroups/autobot-resourcegroup-pg-eastus2euap/providers/Microsoft.DBforPostgreSQL/flexibleServers/autobot-e2e-pg-fs-eastus2euap","name":"autobot-e2e-pg-fs-eastus2euap","type":"Microsoft.DBforPostgreSQL/flexibleServers"}'
    headers:
      cache-control:
      - no-cache
      content-length:
      - '1251'
      content-type:
      - application/json; charset=utf-8
      date:
      - Wed, 07 Jan 2026 03:30:28 GMT
      expires:
      - '-1'
      pragma:
      - no-cache
      strict-transport-security:
      - max-age=31536000; includeSubDomains
      x-cache:
      - CONFIG_NOCACHE
      x-content-type-options:
      - nosniff
      x-ms-throttling-version:
      - v2
      x-msedge-ref:
      - 'Ref A: 9C48DCD560C6400D8FAFC89EB5310403 Ref B: BL2AA2011006042 Ref C: 2026-01-07T03:30:28Z'
    status:
      code: 200
      message: OK
- request:
    body: null
    headers:
      Accept:
      - application/json
      Accept-Encoding:
      - gzip, deflate
      CommandName:
      - postgres flexible-server migration list
      Connection:
      - keep-alive
      ParameterSetName:
      - --subscription --resource-group --name --filter
      User-Agent:
      - AZURECLI/2.82.0 azsdk-python-core/1.37.0 Python/3.13.10 (Windows-11-10.0.26200-SP0)
    method: GET
    uri: https://management.azure.com/subscriptions/00000000-0000-0000-0000-000000000000/resourceGroups/autobot-resourcegroup-pg-eastus2euap/providers/Microsoft.DBforPostgreSQL/flexibleServers/autobot-e2e-pg-fs-eastus2euap/migrations?api-version=2025-08-01&migrationListFilter=Active
  response:
    body:
      string: '{"value":[{"properties":{"migrationId":"74ca61ac-9a5f-41d9-83bc-31832e720b70","currentStatus":{"state":"InProgress","currentSubStateDetails":{"currentSubState":"ValidationInProgress","dbDetails":{}}},"migrationMode":"Offline","sourceDbServerResourceId":"20.66.25.58:5432@postgres","targetDbServerResourceId":"/subscriptions/00000000-0000-0000-0000-000000000000/resourceGroups/autobot-resourcegroup-pg-eastus2euap/providers/Microsoft.DBforPostgreSQL/flexibleServers/autobot-e2e-pg-fs-eastus2euap","dbsToMigrate":["postgres"],"setupLogicalReplicationOnSourceDbIfNeeded":"False","overwriteDbsInTarget":"True","migrationWindowStartTimeInUtc":"2026-01-07T03:26:46.2846634Z","triggerCutover":"True","migrateRoles":"False","targetDbServerMetadata":{"location":"East
        US 2 EUAP","version":"13","storageMb":32768,"sku":{"name":"Standard_D4s_v3","tier":"GeneralPurpose"}},"migrationOption":"Validate","sourceType":"OnPremises","sslMode":"Prefer"},"location":"East
        US 2 EUAP","id":"/subscriptions/00000000-0000-0000-0000-000000000000/resourceGroups/autobot-resourcegroup-pg-eastus2euap/providers/Microsoft.DBforPostgreSQL/flexibleServers/autobot-e2e-pg-fs-eastus2euap/migrations/4cd38186-96fb-40b7-a0e6-3ccf723dfaca","name":"4cd38186-96fb-40b7-a0e6-3ccf723dfaca","type":"Microsoft.DBforPostgreSQL/flexibleServers/migrations"},{"properties":{"migrationId":"094baadd-fa35-439b-883b-d414c58898f4","currentStatus":{"state":"InProgress","currentSubStateDetails":{"currentSubState":"PerformingPreRequisiteSteps","dbDetails":{}}},"migrationMode":"Offline","sourceDbServerResourceId":"20.66.25.58:5432@postgres","targetDbServerResourceId":"/subscriptions/00000000-0000-0000-0000-000000000000/resourceGroups/autobot-resourcegroup-pg-eastus2euap/providers/Microsoft.DBforPostgreSQL/flexibleServers/autobot-e2e-pg-fs-eastus2euap","dbsToMigrate":["postgres"],"setupLogicalReplicationOnSourceDbIfNeeded":"False","overwriteDbsInTarget":"True","migrationWindowStartTimeInUtc":"2026-01-07T03:30:28.5787679Z","triggerCutover":"True","migrateRoles":"False","migrationOption":"Validate","sourceType":"OnPremises","sslMode":"Prefer"},"location":"East
        US 2 EUAP","id":"/subscriptions/00000000-0000-0000-0000-000000000000/resourceGroups/autobot-resourcegroup-pg-eastus2euap/providers/Microsoft.DBforPostgreSQL/flexibleServers/autobot-e2e-pg-fs-eastus2euap/migrations/bbd72047-2fe2-4d2b-83aa-4b178e906dc1","name":"bbd72047-2fe2-4d2b-83aa-4b178e906dc1","type":"Microsoft.DBforPostgreSQL/flexibleServers/migrations"},{"properties":{"migrationId":"313513f0-552e-4f39-8a31-ed9768b079f6","currentStatus":{"state":"InProgress","currentSubStateDetails":{"currentSubState":"PerformingPreRequisiteSteps","dbDetails":{}}},"migrationMode":"Offline","sourceDbServerResourceId":"/subscriptions/00000000-0000-0000-0000-000000000000/resourceGroups/autobot-singleserver-resourcegroup/providers/Microsoft.DBforPostgreSQL/servers/autobot-orcas-postgresql-ss","targetDbServerResourceId":"/subscriptions/00000000-0000-0000-0000-000000000000/resourceGroups/autobot-resourcegroup-pg-eastus2euap/providers/Microsoft.DBforPostgreSQL/flexibleServers/autobot-e2e-pg-fs-eastus2euap","dbsToMigrate":["postgres"],"setupLogicalReplicationOnSourceDbIfNeeded":"False","overwriteDbsInTarget":"True","migrationWindowStartTimeInUtc":"2026-01-07T03:30:28.5729724Z","triggerCutover":"True","migrateRoles":"False","migrationOption":"ValidateAndMigrate","sourceType":"PostgreSQLSingleServer","sslMode":"VerifyFull"},"location":"East
        US 2 EUAP","id":"/subscriptions/00000000-0000-0000-0000-000000000000/resourceGroups/autobot-resourcegroup-pg-eastus2euap/providers/Microsoft.DBforPostgreSQL/flexibleServers/autobot-e2e-pg-fs-eastus2euap/migrations/4e8bc983-a582-4b91-97c7-0b9a4c4652e9","name":"4e8bc983-a582-4b91-97c7-0b9a4c4652e9","type":"Microsoft.DBforPostgreSQL/flexibleServers/migrations"}]}'
    headers:
      cache-control:
      - no-cache
      content-length:
      - '3821'
      content-type:
      - application/json; charset=utf-8
      date:
      - Wed, 07 Jan 2026 03:30:28 GMT
      expires:
      - '-1'
      pragma:
      - no-cache
      strict-transport-security:
      - max-age=31536000; includeSubDomains
      x-cache:
      - CONFIG_NOCACHE
      x-content-type-options:
      - nosniff
      x-ms-operation-identifier:
      - tenantId=72f988bf-86f1-41af-91ab-2d7cd011db47,objectId=f57d2932-2a78-450f-958a-e65997c3253b/eastus2euap/89e4dfd0-b517-4e90-b70d-15fd51fd0fa2
      x-ms-throttling-version:
      - v2
      x-msedge-ref:
      - 'Ref A: 1B4F746B9FE046C7AF1548D08E86A093 Ref B: MNZ221060610047 Ref C: 2026-01-07T03:30:29Z'
    status:
      code: 200
      message: OK
- request:
    body: null
    headers:
      Accept:
      - application/json
      Accept-Encoding:
      - gzip, deflate
      CommandName:
      - postgres flexible-server migration list
      Connection:
      - keep-alive
      ParameterSetName:
      - --subscription --resource-group --name
      User-Agent:
      - AZURECLI/2.82.0 azsdk-python-core/1.37.0 Python/3.13.10 (Windows-11-10.0.26200-SP0)
    method: GET
    uri: https://management.azure.com/subscriptions/00000000-0000-0000-0000-000000000000/resourceGroups/autobot-resourcegroup-pg-eastus2euap/providers/Microsoft.DBforPostgreSQL/flexibleServers/autobot-e2e-pg-fs-eastus2euap?api-version=2025-08-01
  response:
    body:
      string: '{"sku":{"name":"Standard_D4s_v3","tier":"GeneralPurpose"},"systemData":{"createdAt":"2023-06-15T13:30:19.1651160Z"},"properties":{"replica":{"role":"Primary","capacity":5},"storage":{"type":"","iops":120,"tier":"P4","storageSizeGB":32,"autoGrow":"Disabled"},"network":{"publicNetworkAccess":"Enabled"},"dataEncryption":{"type":"SystemManaged"},"authConfig":{"activeDirectoryAuth":"Disabled","passwordAuth":"Enabled"},"fullyQualifiedDomainName":"autobot-e2e-pg-fs-eastus2euap.postgres.database.azure.com","version":"13","minorVersion":"23","administratorLogin":"portaltestuser","state":"Ready","availabilityZone":"2","backup":{"backupRetentionDays":7,"geoRedundantBackup":"Enabled","earliestRestoreDate":"2025-12-31T22:55:50.675686+00:00"},"highAvailability":{"mode":"Disabled","state":"NotEnabled"},"maintenanceWindow":{"customWindow":"Disabled","dayOfWeek":0,"startHour":0,"startMinute":0},"replicationRole":"Primary","replicaCapacity":5},"location":"East
        US 2 EUAP","id":"/subscriptions/00000000-0000-0000-0000-000000000000/resourceGroups/autobot-resourcegroup-pg-eastus2euap/providers/Microsoft.DBforPostgreSQL/flexibleServers/autobot-e2e-pg-fs-eastus2euap","name":"autobot-e2e-pg-fs-eastus2euap","type":"Microsoft.DBforPostgreSQL/flexibleServers"}'
    headers:
      cache-control:
      - no-cache
      content-length:
      - '1251'
      content-type:
      - application/json; charset=utf-8
      date:
      - Wed, 07 Jan 2026 03:30:29 GMT
      expires:
      - '-1'
      pragma:
      - no-cache
      strict-transport-security:
      - max-age=31536000; includeSubDomains
      x-cache:
      - CONFIG_NOCACHE
      x-content-type-options:
      - nosniff
      x-ms-throttling-version:
      - v2
      x-msedge-ref:
      - 'Ref A: 5DA5BEC13EE74EE3A2A1C164B91BB4AC Ref B: MNZ221060610007 Ref C: 2026-01-07T03:30:29Z'
    status:
      code: 200
      message: OK
- request:
    body: null
    headers:
      Accept:
      - application/json
      Accept-Encoding:
      - gzip, deflate
      CommandName:
      - postgres flexible-server migration list
      Connection:
      - keep-alive
      ParameterSetName:
      - --subscription --resource-group --name
      User-Agent:
      - AZURECLI/2.82.0 azsdk-python-core/1.37.0 Python/3.13.10 (Windows-11-10.0.26200-SP0)
    method: GET
    uri: https://management.azure.com/subscriptions/00000000-0000-0000-0000-000000000000/resourceGroups/autobot-resourcegroup-pg-eastus2euap/providers/Microsoft.DBforPostgreSQL/flexibleServers/autobot-e2e-pg-fs-eastus2euap/migrations?api-version=2025-08-01&migrationListFilter=Active
  response:
    body:
      string: '{"value":[{"properties":{"migrationId":"74ca61ac-9a5f-41d9-83bc-31832e720b70","currentStatus":{"state":"InProgress","currentSubStateDetails":{"currentSubState":"ValidationInProgress","dbDetails":{}}},"migrationMode":"Offline","sourceDbServerResourceId":"20.66.25.58:5432@postgres","targetDbServerResourceId":"/subscriptions/00000000-0000-0000-0000-000000000000/resourceGroups/autobot-resourcegroup-pg-eastus2euap/providers/Microsoft.DBforPostgreSQL/flexibleServers/autobot-e2e-pg-fs-eastus2euap","dbsToMigrate":["postgres"],"setupLogicalReplicationOnSourceDbIfNeeded":"False","overwriteDbsInTarget":"True","migrationWindowStartTimeInUtc":"2026-01-07T03:26:46.2846634Z","triggerCutover":"True","migrateRoles":"False","targetDbServerMetadata":{"location":"East
        US 2 EUAP","version":"13","storageMb":32768,"sku":{"name":"Standard_D4s_v3","tier":"GeneralPurpose"}},"migrationOption":"Validate","sourceType":"OnPremises","sslMode":"Prefer"},"location":"East
        US 2 EUAP","id":"/subscriptions/00000000-0000-0000-0000-000000000000/resourceGroups/autobot-resourcegroup-pg-eastus2euap/providers/Microsoft.DBforPostgreSQL/flexibleServers/autobot-e2e-pg-fs-eastus2euap/migrations/4cd38186-96fb-40b7-a0e6-3ccf723dfaca","name":"4cd38186-96fb-40b7-a0e6-3ccf723dfaca","type":"Microsoft.DBforPostgreSQL/flexibleServers/migrations"},{"properties":{"migrationId":"094baadd-fa35-439b-883b-d414c58898f4","currentStatus":{"state":"CleaningUp","error":"There
        is already an active Migration Running on this target.","currentSubStateDetails":{"currentSubState":"CompletingMigration","dbDetails":{}}},"migrationMode":"Offline","sourceDbServerResourceId":"20.66.25.58:5432@postgres","targetDbServerResourceId":"/subscriptions/00000000-0000-0000-0000-000000000000/resourceGroups/autobot-resourcegroup-pg-eastus2euap/providers/Microsoft.DBforPostgreSQL/flexibleServers/autobot-e2e-pg-fs-eastus2euap","dbsToMigrate":["postgres"],"setupLogicalReplicationOnSourceDbIfNeeded":"False","overwriteDbsInTarget":"True","migrationWindowStartTimeInUtc":"2026-01-07T03:30:28.5787679Z","triggerCutover":"True","migrateRoles":"False","targetDbServerMetadata":{"location":"East
        US 2 EUAP","version":"13","storageMb":32768,"sku":{"name":"Standard_D4s_v3","tier":"GeneralPurpose"}},"migrationOption":"Validate","sourceType":"OnPremises","sslMode":"Prefer"},"location":"East
        US 2 EUAP","id":"/subscriptions/00000000-0000-0000-0000-000000000000/resourceGroups/autobot-resourcegroup-pg-eastus2euap/providers/Microsoft.DBforPostgreSQL/flexibleServers/autobot-e2e-pg-fs-eastus2euap/migrations/bbd72047-2fe2-4d2b-83aa-4b178e906dc1","name":"bbd72047-2fe2-4d2b-83aa-4b178e906dc1","type":"Microsoft.DBforPostgreSQL/flexibleServers/migrations"},{"properties":{"migrationId":"313513f0-552e-4f39-8a31-ed9768b079f6","currentStatus":{"state":"CleaningUp","error":"S0004:
        Failed to fetch source server details. Please make sure source server is in
        available state and is accepting connections, before retrying the migration.","currentSubStateDetails":{"currentSubState":"CompletingMigration","dbDetails":{}}},"migrationMode":"Offline","sourceDbServerResourceId":"/subscriptions/00000000-0000-0000-0000-000000000000/resourceGroups/autobot-singleserver-resourcegroup/providers/Microsoft.DBforPostgreSQL/servers/autobot-orcas-postgresql-ss","targetDbServerResourceId":"/subscriptions/00000000-0000-0000-0000-000000000000/resourceGroups/autobot-resourcegroup-pg-eastus2euap/providers/Microsoft.DBforPostgreSQL/flexibleServers/autobot-e2e-pg-fs-eastus2euap","dbsToMigrate":["postgres"],"setupLogicalReplicationOnSourceDbIfNeeded":"False","overwriteDbsInTarget":"True","migrationWindowStartTimeInUtc":"2026-01-07T03:30:28.5729724Z","triggerCutover":"True","migrateRoles":"False","migrationOption":"ValidateAndMigrate","sourceType":"PostgreSQLSingleServer","sslMode":"VerifyFull"},"location":"East
        US 2 EUAP","id":"/subscriptions/00000000-0000-0000-0000-000000000000/resourceGroups/autobot-resourcegroup-pg-eastus2euap/providers/Microsoft.DBforPostgreSQL/flexibleServers/autobot-e2e-pg-fs-eastus2euap/migrations/4e8bc983-a582-4b91-97c7-0b9a4c4652e9","name":"4e8bc983-a582-4b91-97c7-0b9a4c4652e9","type":"Microsoft.DBforPostgreSQL/flexibleServers/migrations"}]}'
    headers:
      cache-control:
      - no-cache
      content-length:
      - '4191'
      content-type:
      - application/json; charset=utf-8
      date:
      - Wed, 07 Jan 2026 03:30:29 GMT
      expires:
      - '-1'
      pragma:
      - no-cache
      strict-transport-security:
      - max-age=31536000; includeSubDomains
      x-cache:
      - CONFIG_NOCACHE
      x-content-type-options:
      - nosniff
      x-ms-operation-identifier:
      - tenantId=72f988bf-86f1-41af-91ab-2d7cd011db47,objectId=f57d2932-2a78-450f-958a-e65997c3253b/eastus2euap/c7f137a5-93d9-4300-839a-e48204c23796
      x-ms-throttling-version:
      - v2
      x-msedge-ref:
      - 'Ref A: 76FA0F207782401DAD6BFB580EF04C3B Ref B: MNZ221060619049 Ref C: 2026-01-07T03:30:29Z'
    status:
      code: 200
      message: OK
- request:
    body: null
    headers:
      Accept:
      - application/json
      Accept-Encoding:
      - gzip, deflate
      CommandName:
      - postgres flexible-server migration show
      Connection:
      - keep-alive
      ParameterSetName:
      - --subscription --resource-group --name --migration-name
      User-Agent:
      - AZURECLI/2.82.0 azsdk-python-core/1.37.0 Python/3.13.10 (Windows-11-10.0.26200-SP0)
    method: GET
    uri: https://management.azure.com/subscriptions/00000000-0000-0000-0000-000000000000/resourceGroups/autobot-resourcegroup-pg-eastus2euap/providers/Microsoft.DBforPostgreSQL/flexibleServers/autobot-e2e-pg-fs-eastus2euap?api-version=2025-08-01
  response:
    body:
      string: '{"sku":{"name":"Standard_D4s_v3","tier":"GeneralPurpose"},"systemData":{"createdAt":"2023-06-15T13:30:19.1651160Z"},"properties":{"replica":{"role":"Primary","capacity":5},"storage":{"type":"","iops":120,"tier":"P4","storageSizeGB":32,"autoGrow":"Disabled"},"network":{"publicNetworkAccess":"Enabled"},"dataEncryption":{"type":"SystemManaged"},"authConfig":{"activeDirectoryAuth":"Disabled","passwordAuth":"Enabled"},"fullyQualifiedDomainName":"autobot-e2e-pg-fs-eastus2euap.postgres.database.azure.com","version":"13","minorVersion":"23","administratorLogin":"portaltestuser","state":"Ready","availabilityZone":"2","backup":{"backupRetentionDays":7,"geoRedundantBackup":"Enabled","earliestRestoreDate":"2025-12-31T22:55:50.675686+00:00"},"highAvailability":{"mode":"Disabled","state":"NotEnabled"},"maintenanceWindow":{"customWindow":"Disabled","dayOfWeek":0,"startHour":0,"startMinute":0},"replicationRole":"Primary","replicaCapacity":5},"location":"East
        US 2 EUAP","id":"/subscriptions/00000000-0000-0000-0000-000000000000/resourceGroups/autobot-resourcegroup-pg-eastus2euap/providers/Microsoft.DBforPostgreSQL/flexibleServers/autobot-e2e-pg-fs-eastus2euap","name":"autobot-e2e-pg-fs-eastus2euap","type":"Microsoft.DBforPostgreSQL/flexibleServers"}'
    headers:
      cache-control:
      - no-cache
      content-length:
      - '1251'
      content-type:
      - application/json; charset=utf-8
      date:
      - Wed, 07 Jan 2026 03:30:29 GMT
      expires:
      - '-1'
      pragma:
      - no-cache
      strict-transport-security:
      - max-age=31536000; includeSubDomains
      x-cache:
      - CONFIG_NOCACHE
      x-content-type-options:
      - nosniff
      x-ms-throttling-version:
      - v2
      x-msedge-ref:
      - 'Ref A: 75468706F5924997BC0374B601FD1568 Ref B: MNZ221060609025 Ref C: 2026-01-07T03:30:30Z'
    status:
      code: 200
      message: OK
- request:
    body: null
    headers:
      Accept:
      - application/json
      Accept-Encoding:
      - gzip, deflate
      CommandName:
      - postgres flexible-server migration show
      Connection:
      - keep-alive
      ParameterSetName:
      - --subscription --resource-group --name --migration-name
      User-Agent:
      - AZURECLI/2.82.0 azsdk-python-core/1.37.0 Python/3.13.10 (Windows-11-10.0.26200-SP0)
    method: GET
    uri: https://management.azure.com/subscriptions/00000000-0000-0000-0000-000000000000/resourceGroups/autobot-resourcegroup-pg-eastus2euap/providers/Microsoft.DBforPostgreSQL/flexibleServers/autobot-e2e-pg-fs-eastus2euap/migrations/4e8bc983-a582-4b91-97c7-0b9a4c4652e9?api-version=2025-08-01
  response:
    body:
      string: '{"properties":{"migrationId":"313513f0-552e-4f39-8a31-ed9768b079f6","currentStatus":{"state":"Failed","error":"S0004:
        Failed to fetch source server details. Please make sure source server is in
        available state and is accepting connections, before retrying the migration.","currentSubStateDetails":{"currentSubState":"Completed","dbDetails":{}}},"migrationMode":"Offline","migrationWindowEndTimeInUtc":"2026-01-07T03:30:30.1978093Z","sourceDbServerResourceId":"/subscriptions/00000000-0000-0000-0000-000000000000/resourceGroups/autobot-singleserver-resourcegroup/providers/Microsoft.DBforPostgreSQL/servers/autobot-orcas-postgresql-ss","targetDbServerResourceId":"/subscriptions/00000000-0000-0000-0000-000000000000/resourceGroups/autobot-resourcegroup-pg-eastus2euap/providers/Microsoft.DBforPostgreSQL/flexibleServers/autobot-e2e-pg-fs-eastus2euap","dbsToMigrate":["postgres"],"setupLogicalReplicationOnSourceDbIfNeeded":"False","overwriteDbsInTarget":"True","migrationWindowStartTimeInUtc":"2026-01-07T03:30:28.5729724Z","triggerCutover":"True","migrateRoles":"False","migrationOption":"ValidateAndMigrate","sourceType":"PostgreSQLSingleServer","sslMode":"VerifyFull"},"location":"East
        US 2 EUAP","id":"/subscriptions/00000000-0000-0000-0000-000000000000/resourceGroups/autobot-resourcegroup-pg-eastus2euap/providers/Microsoft.DBforPostgreSQL/flexibleServers/autobot-e2e-pg-fs-eastus2euap/migrations/4e8bc983-a582-4b91-97c7-0b9a4c4652e9","name":"4e8bc983-a582-4b91-97c7-0b9a4c4652e9","type":"Microsoft.DBforPostgreSQL/flexibleServers/migrations"}'
    headers:
      cache-control:
      - no-cache
      content-length:
      - '1548'
      content-type:
      - application/json; charset=utf-8
      date:
      - Wed, 07 Jan 2026 03:30:30 GMT
      expires:
      - '-1'
      pragma:
      - no-cache
      strict-transport-security:
      - max-age=31536000; includeSubDomains
      x-cache:
      - CONFIG_NOCACHE
      x-content-type-options:
      - nosniff
      x-ms-operation-identifier:
      - tenantId=72f988bf-86f1-41af-91ab-2d7cd011db47,objectId=f57d2932-2a78-450f-958a-e65997c3253b/eastus2euap/4f09e749-f89c-4da3-b033-b8b2909404f2
      x-ms-throttling-version:
      - v2
      x-msedge-ref:
      - 'Ref A: FA528298024641708F6C607244C65237 Ref B: MNZ221060608025 Ref C: 2026-01-07T03:30:30Z'
    status:
      code: 200
      message: OK
- request:
    body: null
    headers:
      Accept:
      - application/json
      Accept-Encoding:
      - gzip, deflate
      CommandName:
      - postgres flexible-server migration update
      Connection:
      - keep-alive
      ParameterSetName:
      - --subscription --resource-group --name --migration-name
      User-Agent:
      - AZURECLI/2.82.0 azsdk-python-core/1.37.0 Python/3.13.10 (Windows-11-10.0.26200-SP0)
    method: GET
    uri: https://management.azure.com/subscriptions/00000000-0000-0000-0000-000000000000/resourceGroups/autobot-resourcegroup-pg-eastus2euap/providers/Microsoft.DBforPostgreSQL/flexibleServers/autobot-e2e-pg-fs-eastus2euap?api-version=2025-08-01
  response:
    body:
      string: '{"sku":{"name":"Standard_D4s_v3","tier":"GeneralPurpose"},"systemData":{"createdAt":"2023-06-15T13:30:19.1651160Z"},"properties":{"replica":{"role":"Primary","capacity":5},"storage":{"type":"","iops":120,"tier":"P4","storageSizeGB":32,"autoGrow":"Disabled"},"network":{"publicNetworkAccess":"Enabled"},"dataEncryption":{"type":"SystemManaged"},"authConfig":{"activeDirectoryAuth":"Disabled","passwordAuth":"Enabled"},"fullyQualifiedDomainName":"autobot-e2e-pg-fs-eastus2euap.postgres.database.azure.com","version":"13","minorVersion":"23","administratorLogin":"portaltestuser","state":"Ready","availabilityZone":"2","backup":{"backupRetentionDays":7,"geoRedundantBackup":"Enabled","earliestRestoreDate":"2025-12-31T22:55:50.675686+00:00"},"highAvailability":{"mode":"Disabled","state":"NotEnabled"},"maintenanceWindow":{"customWindow":"Disabled","dayOfWeek":0,"startHour":0,"startMinute":0},"replicationRole":"Primary","replicaCapacity":5},"location":"East
        US 2 EUAP","id":"/subscriptions/00000000-0000-0000-0000-000000000000/resourceGroups/autobot-resourcegroup-pg-eastus2euap/providers/Microsoft.DBforPostgreSQL/flexibleServers/autobot-e2e-pg-fs-eastus2euap","name":"autobot-e2e-pg-fs-eastus2euap","type":"Microsoft.DBforPostgreSQL/flexibleServers"}'
    headers:
      cache-control:
      - no-cache
      content-length:
      - '1251'
      content-type:
      - application/json; charset=utf-8
      date:
      - Wed, 07 Jan 2026 03:30:30 GMT
      expires:
      - '-1'
      pragma:
      - no-cache
      strict-transport-security:
      - max-age=31536000; includeSubDomains
      x-cache:
      - CONFIG_NOCACHE
      x-content-type-options:
      - nosniff
      x-ms-throttling-version:
      - v2
      x-msedge-ref:
      - 'Ref A: 068ED40869FD42BB81D2DE6CF776E974 Ref B: MNZ221060618025 Ref C: 2026-01-07T03:30:31Z'
    status:
      code: 200
      message: OK
version: 1
