interactions:
- request:
    body: null
    headers:
      Accept:
      - application/json
      Accept-Encoding:
      - gzip, deflate
      CommandName:
      - postgres flexible-server create
      Connection:
      - keep-alive
      ParameterSetName:
      - -g -n --backup-retention --sku-name --tier --storage-size -u --version --tags
        --high-availability --public-access
      User-Agent:
      - AZURECLI/2.81.0 azsdk-python-core/1.35.0 Python/3.13.10 (Windows-11-10.0.26200-SP0)
    method: HEAD
    uri: https://management.azure.com/subscriptions/00000000-0000-0000-0000-000000000000/resourcegroups/random_rg000004?api-version=2024-11-01
  response:
    body:
      string: ''
    headers:
      cache-control:
      - no-cache
      content-length:
      - '0'
      date:
      - Mon, 08 Dec 2025 19:35:14 GMT
      expires:
      - '-1'
      pragma:
      - no-cache
      strict-transport-security:
      - max-age=31536000; includeSubDomains
      x-cache:
      - CONFIG_NOCACHE
      x-content-type-options:
      - nosniff
      x-ms-failure-cause:
      - gateway
      x-ms-ratelimit-remaining-subscription-global-reads:
      - '16499'
      x-msedge-ref:
      - 'Ref A: 90786BC9EFA64CECA36C40CEA2CC18F4 Ref B: MNZ221060610051 Ref C: 2025-12-08T19:35:14Z'
    status:
      code: 404
      message: Not Found
- request:
    body: '{"location": "canadacentral"}'
    headers:
      Accept:
      - application/json
      Accept-Encoding:
      - gzip, deflate
      CommandName:
      - postgres flexible-server create
      Connection:
      - keep-alive
      Content-Length:
      - '29'
      Content-Type:
      - application/json
      ParameterSetName:
      - -g -n --backup-retention --sku-name --tier --storage-size -u --version --tags
        --high-availability --public-access
      User-Agent:
      - AZURECLI/2.81.0 azsdk-python-core/1.35.0 Python/3.13.10 (Windows-11-10.0.26200-SP0)
    method: PUT
    uri: https://management.azure.com/subscriptions/00000000-0000-0000-0000-000000000000/resourcegroups/random_rg000004?api-version=2024-11-01
  response:
    body:
      string: '{"id":"/subscriptions/00000000-0000-0000-0000-000000000000/resourceGroups/random_rg000004","name":"random_rg000004","type":"Microsoft.Resources/resourceGroups","location":"canadacentral","properties":{"provisioningState":"Succeeded"}}'
    headers:
      cache-control:
      - no-cache
      content-length:
      - '234'
      content-type:
      - application/json; charset=utf-8
      date:
      - Mon, 08 Dec 2025 19:35:14 GMT
      expires:
      - '-1'
      pragma:
      - no-cache
      strict-transport-security:
      - max-age=31536000; includeSubDomains
      x-cache:
      - CONFIG_NOCACHE
      x-content-type-options:
      - nosniff
      x-ms-ratelimit-remaining-subscription-global-writes:
      - '11999'
      x-ms-ratelimit-remaining-subscription-writes:
      - '799'
      x-msedge-ref:
      - 'Ref A: 8242159CF6CB4228B6326E849D3D5A3D Ref B: BL2AA2030101009 Ref C: 2025-12-08T19:35:14Z'
    status:
      code: 201
      message: Created
- request:
    body: '{"name": "azuredbclitest-000002", "type": "Microsoft.DBforPostgreSQL/flexibleServers"}'
    headers:
      Accept:
      - application/json
      Accept-Encoding:
      - gzip, deflate
      CommandName:
      - postgres flexible-server create
      Connection:
      - keep-alive
      Content-Length:
      - '86'
      Content-Type:
      - application/json
      ParameterSetName:
      - -g -n --backup-retention --sku-name --tier --storage-size -u --version --tags
        --high-availability --public-access
      User-Agent:
      - AZURECLI/2.81.0 azsdk-python-core/1.35.0 Python/3.13.10 (Windows-11-10.0.26200-SP0)
    method: POST
    uri: https://management.azure.com/subscriptions/00000000-0000-0000-0000-000000000000/providers/Microsoft.DBforPostgreSQL/locations/canadacentral/checkNameAvailability?api-version=2025-08-01
  response:
    body:
      string: '{"name":"azuredbclitest-000002","type":"Microsoft.DBforPostgreSQL/flexibleServers","nameAvailable":true,"message":""}'
    headers:
      cache-control:
      - no-cache
      content-length:
      - '117'
      content-type:
      - application/json; charset=utf-8
      date:
      - Mon, 08 Dec 2025 19:35:15 GMT
      expires:
      - '-1'
      pragma:
      - no-cache
      strict-transport-security:
      - max-age=31536000; includeSubDomains
      x-cache:
      - CONFIG_NOCACHE
      x-content-type-options:
      - nosniff
      x-ms-operation-identifier:
      - tenantId=72f988bf-86f1-41af-91ab-2d7cd011db47,objectId=f57d2932-2a78-450f-958a-e65997c3253b/canadacentral/0b773530-2463-4842-ba1c-2211d8f7de49
      x-ms-ratelimit-remaining-subscription-global-writes:
      - '11999'
      x-ms-ratelimit-remaining-subscription-writes:
      - '799'
      x-msedge-ref:
      - 'Ref A: D65C43A3924A4B5683A96142815C9C2D Ref B: BL2AA2010205021 Ref C: 2025-12-08T19:35:15Z'
    status:
      code: 200
      message: OK
- request:
    body: null
    headers:
      Accept:
      - application/json
      Accept-Encoding:
      - gzip, deflate
      CommandName:
      - postgres flexible-server create
      Connection:
      - keep-alive
      ParameterSetName:
      - -g -n --backup-retention --sku-name --tier --storage-size -u --version --tags
        --high-availability --public-access
      User-Agent:
      - AZURECLI/2.81.0 azsdk-python-core/1.35.0 Python/3.13.10 (Windows-11-10.0.26200-SP0)
    method: GET
    uri: https://management.azure.com/subscriptions/00000000-0000-0000-0000-000000000000/providers/Microsoft.DBforPostgreSQL/locations/canadacentral/capabilities?api-version=2025-08-01
  response:
    body:
      string: '{"value":[{"name":"FlexibleServerCapabilities","supportedServerEditions":[{"supportedServerSkus":[{"supportedFeatures":[],"name":"Standard_B1ms","vCores":1,"supportedIops":640,"supportedMemoryPerVcoreMb":2048,"supportedZones":["1","2","3"],"supportedHaMode":["SameZone","ZoneRedundant"]},{"supportedFeatures":[],"name":"Standard_B2s","vCores":2,"supportedIops":1280,"supportedMemoryPerVcoreMb":2048,"supportedZones":["1","2","3"],"supportedHaMode":["SameZone","ZoneRedundant"]},{"supportedFeatures":[],"name":"Standard_B2ms","vCores":2,"supportedIops":1920,"supportedMemoryPerVcoreMb":4096,"supportedZones":["1","2","3"],"supportedHaMode":["SameZone","ZoneRedundant"]},{"supportedFeatures":[],"name":"Standard_B4ms","vCores":4,"supportedIops":2880,"supportedMemoryPerVcoreMb":4096,"supportedZones":["1","2","3"],"supportedHaMode":["SameZone","ZoneRedundant"]},{"supportedFeatures":[],"name":"Standard_B8ms","vCores":8,"supportedIops":4320,"supportedMemoryPerVcoreMb":4096,"supportedZones":["1","2","3"],"supportedHaMode":["SameZone","ZoneRedundant"]},{"supportedFeatures":[],"name":"Standard_B12ms","vCores":12,"supportedIops":4320,"supportedMemoryPerVcoreMb":4096,"supportedZones":["1","2","3"],"supportedHaMode":["SameZone","ZoneRedundant"]},{"supportedFeatures":[],"name":"Standard_B16ms","vCores":16,"supportedIops":4320,"supportedMemoryPerVcoreMb":4096,"supportedZones":["1","2","3"],"supportedHaMode":["SameZone","ZoneRedundant"]},{"supportedFeatures":[],"name":"Standard_B20ms","vCores":20,"supportedIops":4320,"supportedMemoryPerVcoreMb":4096,"supportedZones":["1","2","3"],"supportedHaMode":["SameZone","ZoneRedundant"]}],"name":"Burstable","defaultSkuName":"Standard_B2s","supportedStorageEditions":[{"name":"ManagedDisk","defaultStorageSizeMb":32768,"supportedStorageMb":[{"supportedIops":120,"storageSizeMb":32768,"defaultIopsTier":"P4","supportedIopsTiers":[{"name":"P4","iops":120},{"name":"P6","iops":240},{"name":"P10","iops":500},{"name":"P15","iops":1100},{"name":"P20","iops":2300},{"name":"P30","iops":5000},{"name":"P40","iops":7500},{"name":"P50","iops":7500}]},{"supportedIops":240,"storageSizeMb":65536,"defaultIopsTier":"P6","supportedIopsTiers":[{"name":"P6","iops":240},{"name":"P10","iops":500},{"name":"P15","iops":1100},{"name":"P20","iops":2300},{"name":"P30","iops":5000},{"name":"P40","iops":7500},{"name":"P50","iops":7500}]},{"supportedIops":500,"storageSizeMb":131072,"defaultIopsTier":"P10","supportedIopsTiers":[{"name":"P10","iops":500},{"name":"P15","iops":1100},{"name":"P20","iops":2300},{"name":"P30","iops":5000},{"name":"P40","iops":7500},{"name":"P50","iops":7500}]},{"supportedIops":1100,"storageSizeMb":262144,"defaultIopsTier":"P15","supportedIopsTiers":[{"name":"P15","iops":1100},{"name":"P20","iops":2300},{"name":"P30","iops":5000},{"name":"P40","iops":7500},{"name":"P50","iops":7500}]},{"supportedIops":2300,"storageSizeMb":524288,"defaultIopsTier":"P20","supportedIopsTiers":[{"name":"P20","iops":2300},{"name":"P30","iops":5000},{"name":"P40","iops":7500},{"name":"P50","iops":7500}]},{"supportedIops":5000,"storageSizeMb":1048576,"defaultIopsTier":"P30","supportedIopsTiers":[{"name":"P30","iops":5000},{"name":"P40","iops":7500},{"name":"P50","iops":7500}]},{"supportedIops":7500,"storageSizeMb":2097152,"defaultIopsTier":"P40","supportedIopsTiers":[{"name":"P40","iops":7500},{"name":"P50","iops":7500}]},{"supportedIops":7500,"storageSizeMb":4193280,"defaultIopsTier":"P50","supportedIopsTiers":[{"name":"P50","iops":7500}]},{"supportedIops":7500,"storageSizeMb":4194304,"defaultIopsTier":"P50","supportedIopsTiers":[{"name":"P50","iops":7500}]},{"supportedIops":16000,"storageSizeMb":8388608,"defaultIopsTier":"P60","supportedIopsTiers":[{"name":"P60","iops":16000},{"name":"P70","iops":18000},{"name":"P80","iops":20000}]},{"supportedIops":18000,"storageSizeMb":16777216,"defaultIopsTier":"P70","supportedIopsTiers":[{"name":"P70","iops":18000},{"name":"P80","iops":20000}]},{"supportedIops":20000,"storageSizeMb":33553408,"defaultIopsTier":"P80","supportedIopsTiers":[{"name":"P80","iops":20000}]}]},{"name":"ManagedDiskV2","defaultStorageSizeMb":32768,"supportedStorageMb":[{"supportedIops":3000,"supportedMaximumIops":80000,"storageSizeMb":32768,"maximumStorageSizeMb":67108864,"supportedThroughput":125,"supportedMaximumThroughput":1200,"defaultIopsTier":"None","supportedIopsTiers":[{"name":"None","iops":0}]}]}]},{"supportedServerSkus":[{"supportedFeatures":[],"name":"Standard_D2s_v3","vCores":2,"supportedIops":3200,"supportedMemoryPerVcoreMb":4096,"supportedZones":["1","2","3"],"supportedHaMode":["SameZone","ZoneRedundant"]},{"supportedFeatures":[],"name":"Standard_D4s_v3","vCores":4,"supportedIops":6400,"supportedMemoryPerVcoreMb":4096,"supportedZones":["1","2","3"],"supportedHaMode":["SameZone","ZoneRedundant"]},{"supportedFeatures":[],"name":"Standard_D8s_v3","vCores":8,"supportedIops":12800,"supportedMemoryPerVcoreMb":4096,"supportedZones":["1","2","3"],"supportedHaMode":["SameZone","ZoneRedundant"]},{"supportedFeatures":[],"name":"Standard_D16s_v3","vCores":16,"supportedIops":25600,"supportedMemoryPerVcoreMb":4096,"supportedZones":["1","2","3"],"supportedHaMode":["SameZone","ZoneRedundant"]},{"supportedFeatures":[],"name":"Standard_D32s_v3","vCores":32,"supportedIops":51200,"supportedMemoryPerVcoreMb":4096,"supportedZones":["1","2","3"],"supportedHaMode":["SameZone","ZoneRedundant"]},{"supportedFeatures":[],"name":"Standard_D48s_v3","vCores":48,"supportedIops":76800,"supportedMemoryPerVcoreMb":4096,"supportedZones":["1","2","3"],"supportedHaMode":["SameZone","ZoneRedundant"]},{"supportedFeatures":[],"name":"Standard_D64s_v3","vCores":64,"supportedIops":80000,"supportedMemoryPerVcoreMb":4096,"supportedZones":["1","2","3"],"supportedHaMode":["SameZone","ZoneRedundant"]},{"supportedFeatures":[],"name":"Standard_D2ds_v4","vCores":2,"supportedIops":3200,"supportedMemoryPerVcoreMb":4096,"supportedZones":["1","2","3"],"supportedHaMode":["SameZone","ZoneRedundant"]},{"supportedFeatures":[],"name":"Standard_D4ds_v4","vCores":4,"supportedIops":6400,"supportedMemoryPerVcoreMb":4096,"supportedZones":["1","2","3"],"supportedHaMode":["SameZone","ZoneRedundant"]},{"supportedFeatures":[],"name":"Standard_D8ds_v4","vCores":8,"supportedIops":12800,"supportedMemoryPerVcoreMb":4096,"supportedZones":["1","2","3"],"supportedHaMode":["SameZone","ZoneRedundant"]},{"supportedFeatures":[],"name":"Standard_D16ds_v4","vCores":16,"supportedIops":25600,"supportedMemoryPerVcoreMb":4096,"supportedZones":["1","2","3"],"supportedHaMode":["SameZone","ZoneRedundant"]},{"supportedFeatures":[],"name":"Standard_D32ds_v4","vCores":32,"supportedIops":51200,"supportedMemoryPerVcoreMb":4096,"supportedZones":["1","2","3"],"supportedHaMode":["SameZone","ZoneRedundant"]},{"supportedFeatures":[],"name":"Standard_D48ds_v4","vCores":48,"supportedIops":76800,"supportedMemoryPerVcoreMb":4096,"supportedZones":["1","2","3"],"supportedHaMode":["SameZone","ZoneRedundant"]},{"supportedFeatures":[],"name":"Standard_D64ds_v4","vCores":64,"supportedIops":80000,"supportedMemoryPerVcoreMb":4096,"supportedZones":["1","2","3"],"supportedHaMode":["SameZone","ZoneRedundant"]},{"supportedFeatures":[],"name":"Standard_D2ads_v5","vCores":2,"supportedIops":3200,"supportedMemoryPerVcoreMb":4096,"supportedZones":["1","2","3"],"supportedHaMode":["SameZone","ZoneRedundant"]},{"supportedFeatures":[],"name":"Standard_D4ads_v5","vCores":4,"supportedIops":6400,"supportedMemoryPerVcoreMb":4096,"supportedZones":["1","2","3"],"supportedHaMode":["SameZone","ZoneRedundant"]},{"supportedFeatures":[],"name":"Standard_D8ads_v5","vCores":8,"supportedIops":12800,"supportedMemoryPerVcoreMb":4096,"supportedZones":["1","2","3"],"supportedHaMode":["SameZone","ZoneRedundant"]},{"supportedFeatures":[],"name":"Standard_D16ads_v5","vCores":16,"supportedIops":25600,"supportedMemoryPerVcoreMb":4096,"supportedZones":["1","2","3"],"supportedHaMode":["SameZone","ZoneRedundant"]},{"supportedFeatures":[],"name":"Standard_D32ads_v5","vCores":32,"supportedIops":51200,"supportedMemoryPerVcoreMb":4096,"supportedZones":["1","2","3"],"supportedHaMode":["SameZone","ZoneRedundant"]},{"supportedFeatures":[],"name":"Standard_D48ads_v5","vCores":48,"supportedIops":76800,"supportedMemoryPerVcoreMb":4096,"supportedZones":["1","2","3"],"supportedHaMode":["SameZone","ZoneRedundant"]},{"supportedFeatures":[],"name":"Standard_D64ads_v5","vCores":64,"supportedIops":80000,"supportedMemoryPerVcoreMb":4096,"supportedZones":["1","2","3"],"supportedHaMode":["SameZone","ZoneRedundant"]},{"supportedFeatures":[],"name":"Standard_D96ads_v5","vCores":96,"supportedIops":80000,"supportedMemoryPerVcoreMb":4096,"supportedZones":["1","2","3"],"supportedHaMode":["SameZone","ZoneRedundant"]},{"supportedFeatures":[],"name":"Standard_D2ds_v5","vCores":2,"supportedIops":3750,"supportedMemoryPerVcoreMb":4096,"supportedZones":["1","2","3"],"supportedHaMode":["SameZone","ZoneRedundant"]},{"supportedFeatures":[],"name":"Standard_D4ds_v5","vCores":4,"supportedIops":6400,"supportedMemoryPerVcoreMb":4096,"supportedZones":["1","2","3"],"supportedHaMode":["SameZone","ZoneRedundant"]},{"supportedFeatures":[],"name":"Standard_D8ds_v5","vCores":8,"supportedIops":12800,"supportedMemoryPerVcoreMb":4096,"supportedZones":["1","2","3"],"supportedHaMode":["SameZone","ZoneRedundant"]},{"supportedFeatures":[],"name":"Standard_D16ds_v5","vCores":16,"supportedIops":25600,"supportedMemoryPerVcoreMb":4096,"supportedZones":["1","2","3"],"supportedHaMode":["SameZone","ZoneRedundant"]},{"supportedFeatures":[],"name":"Standard_D32ds_v5","vCores":32,"supportedIops":51200,"supportedMemoryPerVcoreMb":4096,"supportedZones":["1","2","3"],"supportedHaMode":["SameZone","ZoneRedundant"]},{"supportedFeatures":[],"name":"Standard_D48ds_v5","vCores":48,"supportedIops":76800,"supportedMemoryPerVcoreMb":4096,"supportedZones":["1","2","3"],"supportedHaMode":["SameZone","ZoneRedundant"]},{"supportedFeatures":[],"name":"Standard_D64ds_v5","vCores":64,"supportedIops":80000,"supportedMemoryPerVcoreMb":4096,"supportedZones":["1","2","3"],"supportedHaMode":["SameZone","ZoneRedundant"]},{"supportedFeatures":[],"name":"Standard_D96ds_v5","vCores":96,"supportedIops":80000,"supportedMemoryPerVcoreMb":4096,"supportedZones":["1","2","3"],"supportedHaMode":["SameZone","ZoneRedundant"]}],"name":"GeneralPurpose","defaultSkuName":"Standard_D4ads_v5","supportedStorageEditions":[{"name":"ManagedDisk","defaultStorageSizeMb":65536,"supportedStorageMb":[{"supportedIops":120,"storageSizeMb":32768,"defaultIopsTier":"P4","supportedIopsTiers":[{"name":"P4","iops":120},{"name":"P6","iops":240},{"name":"P10","iops":500},{"name":"P15","iops":1100},{"name":"P20","iops":2300},{"name":"P30","iops":5000},{"name":"P40","iops":7500},{"name":"P50","iops":7500}]},{"supportedIops":240,"storageSizeMb":65536,"defaultIopsTier":"P6","supportedIopsTiers":[{"name":"P6","iops":240},{"name":"P10","iops":500},{"name":"P15","iops":1100},{"name":"P20","iops":2300},{"name":"P30","iops":5000},{"name":"P40","iops":7500},{"name":"P50","iops":7500}]},{"supportedIops":500,"storageSizeMb":131072,"defaultIopsTier":"P10","supportedIopsTiers":[{"name":"P10","iops":500},{"name":"P15","iops":1100},{"name":"P20","iops":2300},{"name":"P30","iops":5000},{"name":"P40","iops":7500},{"name":"P50","iops":7500}]},{"supportedIops":1100,"storageSizeMb":262144,"defaultIopsTier":"P15","supportedIopsTiers":[{"name":"P15","iops":1100},{"name":"P20","iops":2300},{"name":"P30","iops":5000},{"name":"P40","iops":7500},{"name":"P50","iops":7500}]},{"supportedIops":2300,"storageSizeMb":524288,"defaultIopsTier":"P20","supportedIopsTiers":[{"name":"P20","iops":2300},{"name":"P30","iops":5000},{"name":"P40","iops":7500},{"name":"P50","iops":7500}]},{"supportedIops":5000,"storageSizeMb":1048576,"defaultIopsTier":"P30","supportedIopsTiers":[{"name":"P30","iops":5000},{"name":"P40","iops":7500},{"name":"P50","iops":7500}]},{"supportedIops":7500,"storageSizeMb":2097152,"defaultIopsTier":"P40","supportedIopsTiers":[{"name":"P40","iops":7500},{"name":"P50","iops":7500}]},{"supportedIops":7500,"storageSizeMb":4193280,"defaultIopsTier":"P50","supportedIopsTiers":[{"name":"P50","iops":7500}]},{"supportedIops":7500,"storageSizeMb":4194304,"defaultIopsTier":"P50","supportedIopsTiers":[{"name":"P50","iops":7500}]},{"supportedIops":16000,"storageSizeMb":8388608,"defaultIopsTier":"P60","supportedIopsTiers":[{"name":"P60","iops":16000},{"name":"P70","iops":18000},{"name":"P80","iops":20000}]},{"supportedIops":18000,"storageSizeMb":16777216,"defaultIopsTier":"P70","supportedIopsTiers":[{"name":"P70","iops":18000},{"name":"P80","iops":20000}]},{"supportedIops":20000,"storageSizeMb":33553408,"defaultIopsTier":"P80","supportedIopsTiers":[{"name":"P80","iops":20000}]}]},{"name":"ManagedDiskV2","defaultStorageSizeMb":65536,"supportedStorageMb":[{"supportedIops":3000,"supportedMaximumIops":80000,"storageSizeMb":32768,"maximumStorageSizeMb":67108864,"supportedThroughput":125,"supportedMaximumThroughput":1200,"defaultIopsTier":"None","supportedIopsTiers":[{"name":"None","iops":0}]}]},{"name":"UltraDisk","defaultStorageSizeMb":65536,"supportedStorageMb":[],"reason":"Specified
        Storage Edition not supported in this region."}]},{"supportedServerSkus":[{"supportedFeatures":[],"name":"Standard_E2s_v3","vCores":2,"supportedIops":3200,"supportedMemoryPerVcoreMb":8192,"supportedZones":["1","2","3"],"supportedHaMode":["SameZone","ZoneRedundant"]},{"supportedFeatures":[],"name":"Standard_E4s_v3","vCores":4,"supportedIops":6400,"supportedMemoryPerVcoreMb":8192,"supportedZones":["1","2","3"],"supportedHaMode":["SameZone","ZoneRedundant"]},{"supportedFeatures":[],"name":"Standard_E8s_v3","vCores":8,"supportedIops":12800,"supportedMemoryPerVcoreMb":8192,"supportedZones":["1","2","3"],"supportedHaMode":["SameZone","ZoneRedundant"]},{"supportedFeatures":[],"name":"Standard_E16s_v3","vCores":16,"supportedIops":25600,"supportedMemoryPerVcoreMb":8192,"supportedZones":["1","2","3"],"supportedHaMode":["SameZone","ZoneRedundant"]},{"supportedFeatures":[],"name":"Standard_E32s_v3","vCores":32,"supportedIops":32000,"supportedMemoryPerVcoreMb":8192,"supportedZones":["1","2","3"],"supportedHaMode":["SameZone","ZoneRedundant"]},{"supportedFeatures":[],"name":"Standard_E48s_v3","vCores":48,"supportedIops":51200,"supportedMemoryPerVcoreMb":8192,"supportedZones":["1","2","3"],"supportedHaMode":["SameZone","ZoneRedundant"]},{"supportedFeatures":[],"name":"Standard_E64s_v3","vCores":64,"supportedIops":76800,"supportedMemoryPerVcoreMb":6912,"supportedZones":["1","2","3"],"supportedHaMode":["SameZone","ZoneRedundant"]},{"supportedFeatures":[],"name":"Standard_E2ds_v4","vCores":2,"supportedIops":3200,"supportedMemoryPerVcoreMb":8192,"supportedZones":["1","2","3"],"supportedHaMode":["SameZone","ZoneRedundant"]},{"supportedFeatures":[],"name":"Standard_E4ds_v4","vCores":4,"supportedIops":6400,"supportedMemoryPerVcoreMb":8192,"supportedZones":["1","2","3"],"supportedHaMode":["SameZone","ZoneRedundant"]},{"supportedFeatures":[],"name":"Standard_E8ds_v4","vCores":8,"supportedIops":12800,"supportedMemoryPerVcoreMb":8192,"supportedZones":["1","2","3"],"supportedHaMode":["SameZone","ZoneRedundant"]},{"supportedFeatures":[],"name":"Standard_E16ds_v4","vCores":16,"supportedIops":25600,"supportedMemoryPerVcoreMb":8192,"supportedZones":["1","2","3"],"supportedHaMode":["SameZone","ZoneRedundant"]},{"supportedFeatures":[],"name":"Standard_E20ds_v4","vCores":20,"supportedIops":32000,"supportedMemoryPerVcoreMb":8192,"supportedZones":["1","2","3"],"supportedHaMode":["SameZone","ZoneRedundant"]},{"supportedFeatures":[],"name":"Standard_E32ds_v4","vCores":32,"supportedIops":51200,"supportedMemoryPerVcoreMb":8192,"supportedZones":["1","2","3"],"supportedHaMode":["SameZone","ZoneRedundant"]},{"supportedFeatures":[],"name":"Standard_E48ds_v4","vCores":48,"supportedIops":76800,"supportedMemoryPerVcoreMb":8192,"supportedZones":["1","2","3"],"supportedHaMode":["SameZone","ZoneRedundant"]},{"supportedFeatures":[],"name":"Standard_E64ds_v4","vCores":64,"supportedIops":80000,"supportedMemoryPerVcoreMb":6912,"supportedZones":["1","2","3"],"supportedHaMode":["SameZone","ZoneRedundant"]},{"supportedFeatures":[],"name":"Standard_E2ads_v5","vCores":2,"supportedIops":3750,"supportedMemoryPerVcoreMb":8192,"supportedZones":["1","2","3"],"supportedHaMode":["SameZone","ZoneRedundant"]},{"supportedFeatures":[],"name":"Standard_E4ads_v5","vCores":4,"supportedIops":6400,"supportedMemoryPerVcoreMb":8192,"supportedZones":["1","2","3"],"supportedHaMode":["SameZone","ZoneRedundant"]},{"supportedFeatures":[],"name":"Standard_E8ads_v5","vCores":8,"supportedIops":12800,"supportedMemoryPerVcoreMb":8192,"supportedZones":["1","2","3"],"supportedHaMode":["SameZone","ZoneRedundant"]},{"supportedFeatures":[],"name":"Standard_E16ads_v5","vCores":16,"supportedIops":25600,"supportedMemoryPerVcoreMb":8192,"supportedZones":["1","2","3"],"supportedHaMode":["SameZone","ZoneRedundant"]},{"supportedFeatures":[],"name":"Standard_E20ads_v5","vCores":20,"supportedIops":32000,"supportedMemoryPerVcoreMb":8192,"supportedZones":["1","2","3"],"supportedHaMode":["SameZone","ZoneRedundant"]},{"supportedFeatures":[],"name":"Standard_E32ads_v5","vCores":32,"supportedIops":51200,"supportedMemoryPerVcoreMb":8192,"supportedZones":["1","2","3"],"supportedHaMode":["SameZone","ZoneRedundant"]},{"supportedFeatures":[],"name":"Standard_E48ads_v5","vCores":48,"supportedIops":76800,"supportedMemoryPerVcoreMb":8192,"supportedZones":["1","2","3"],"supportedHaMode":["SameZone","ZoneRedundant"]},{"supportedFeatures":[],"name":"Standard_E64ads_v5","vCores":64,"supportedIops":80000,"supportedMemoryPerVcoreMb":8192,"supportedZones":["1","2","3"],"supportedHaMode":["SameZone","ZoneRedundant"]},{"supportedFeatures":[],"name":"Standard_E96ads_v5","vCores":96,"supportedIops":80000,"supportedMemoryPerVcoreMb":7168,"supportedZones":["1","2","3"],"supportedHaMode":["SameZone","ZoneRedundant"]},{"supportedFeatures":[],"name":"Standard_E2ds_v5","vCores":2,"supportedIops":3750,"supportedMemoryPerVcoreMb":8192,"supportedZones":["1","2","3"],"supportedHaMode":["SameZone","ZoneRedundant"]},{"supportedFeatures":[],"name":"Standard_E4ds_v5","vCores":4,"supportedIops":6400,"supportedMemoryPerVcoreMb":8192,"supportedZones":["1","2","3"],"supportedHaMode":["SameZone","ZoneRedundant"]},{"supportedFeatures":[],"name":"Standard_E8ds_v5","vCores":8,"supportedIops":12800,"supportedMemoryPerVcoreMb":8192,"supportedZones":["1","2","3"],"supportedHaMode":["SameZone","ZoneRedundant"]},{"supportedFeatures":[],"name":"Standard_E16ds_v5","vCores":16,"supportedIops":25600,"supportedMemoryPerVcoreMb":8192,"supportedZones":["1","2","3"],"supportedHaMode":["SameZone","ZoneRedundant"]},{"supportedFeatures":[],"name":"Standard_E20ds_v5","vCores":20,"supportedIops":32000,"supportedMemoryPerVcoreMb":8192,"supportedZones":["1","2","3"],"supportedHaMode":["SameZone","ZoneRedundant"]},{"supportedFeatures":[],"name":"Standard_E32ds_v5","vCores":32,"supportedIops":51200,"supportedMemoryPerVcoreMb":8192,"supportedZones":["1","2","3"],"supportedHaMode":["SameZone","ZoneRedundant"]},{"supportedFeatures":[],"name":"Standard_E48ds_v5","vCores":48,"supportedIops":76800,"supportedMemoryPerVcoreMb":8192,"supportedZones":["1","2","3"],"supportedHaMode":["SameZone","ZoneRedundant"]},{"supportedFeatures":[],"name":"Standard_E64ds_v5","vCores":64,"supportedIops":80000,"supportedMemoryPerVcoreMb":8192,"supportedZones":["1","2","3"],"supportedHaMode":["SameZone","ZoneRedundant"]},{"supportedFeatures":[],"name":"Standard_E96ds_v5","vCores":96,"supportedIops":80000,"supportedMemoryPerVcoreMb":7168,"supportedZones":["1","2","3"],"supportedHaMode":["SameZone","ZoneRedundant"]},{"supportedFeatures":[],"name":"Standard_E96bds_v5","vCores":96,"supportedIops":160000,"supportedMemoryPerVcoreMb":7168,"supportedZones":["1","2","3"],"supportedHaMode":["SameZone","ZoneRedundant"]}],"name":"MemoryOptimized","defaultSkuName":"Standard_E4ads_v5","supportedStorageEditions":[{"name":"ManagedDisk","defaultStorageSizeMb":131072,"supportedStorageMb":[{"supportedIops":120,"storageSizeMb":32768,"defaultIopsTier":"P4","supportedIopsTiers":[{"name":"P4","iops":120},{"name":"P6","iops":240},{"name":"P10","iops":500},{"name":"P15","iops":1100},{"name":"P20","iops":2300},{"name":"P30","iops":5000},{"name":"P40","iops":7500},{"name":"P50","iops":7500}]},{"supportedIops":240,"storageSizeMb":65536,"defaultIopsTier":"P6","supportedIopsTiers":[{"name":"P6","iops":240},{"name":"P10","iops":500},{"name":"P15","iops":1100},{"name":"P20","iops":2300},{"name":"P30","iops":5000},{"name":"P40","iops":7500},{"name":"P50","iops":7500}]},{"supportedIops":500,"storageSizeMb":131072,"defaultIopsTier":"P10","supportedIopsTiers":[{"name":"P10","iops":500},{"name":"P15","iops":1100},{"name":"P20","iops":2300},{"name":"P30","iops":5000},{"name":"P40","iops":7500},{"name":"P50","iops":7500}]},{"supportedIops":1100,"storageSizeMb":262144,"defaultIopsTier":"P15","supportedIopsTiers":[{"name":"P15","iops":1100},{"name":"P20","iops":2300},{"name":"P30","iops":5000},{"name":"P40","iops":7500},{"name":"P50","iops":7500}]},{"supportedIops":2300,"storageSizeMb":524288,"defaultIopsTier":"P20","supportedIopsTiers":[{"name":"P20","iops":2300},{"name":"P30","iops":5000},{"name":"P40","iops":7500},{"name":"P50","iops":7500}]},{"supportedIops":5000,"storageSizeMb":1048576,"defaultIopsTier":"P30","supportedIopsTiers":[{"name":"P30","iops":5000},{"name":"P40","iops":7500},{"name":"P50","iops":7500}]},{"supportedIops":7500,"storageSizeMb":2097152,"defaultIopsTier":"P40","supportedIopsTiers":[{"name":"P40","iops":7500},{"name":"P50","iops":7500}]},{"supportedIops":7500,"storageSizeMb":4193280,"defaultIopsTier":"P50","supportedIopsTiers":[{"name":"P50","iops":7500}]},{"supportedIops":7500,"storageSizeMb":4194304,"defaultIopsTier":"P50","supportedIopsTiers":[{"name":"P50","iops":7500}]},{"supportedIops":16000,"storageSizeMb":8388608,"defaultIopsTier":"P60","supportedIopsTiers":[{"name":"P60","iops":16000},{"name":"P70","iops":18000},{"name":"P80","iops":20000}]},{"supportedIops":18000,"storageSizeMb":16777216,"defaultIopsTier":"P70","supportedIopsTiers":[{"name":"P70","iops":18000},{"name":"P80","iops":20000}]},{"supportedIops":20000,"storageSizeMb":33553408,"defaultIopsTier":"P80","supportedIopsTiers":[{"name":"P80","iops":20000}]}]},{"name":"ManagedDiskV2","defaultStorageSizeMb":131072,"supportedStorageMb":[{"supportedIops":3000,"supportedMaximumIops":80000,"storageSizeMb":32768,"maximumStorageSizeMb":67108864,"supportedThroughput":125,"supportedMaximumThroughput":1200,"defaultIopsTier":"None","supportedIopsTiers":[{"name":"None","iops":0}]}]},{"name":"UltraDisk","defaultStorageSizeMb":131072,"supportedStorageMb":[],"reason":"Specified
        Storage Edition not supported in this region."}]}],"supportedServerVersions":[{"supportedFeatures":[],"name":"11","supportedVersionsToUpgrade":["12","13","14","15","16","17","18"]},{"supportedFeatures":[],"name":"12","supportedVersionsToUpgrade":["13","14","15","16","17","18"]},{"supportedFeatures":[],"name":"13","supportedVersionsToUpgrade":["14","15","16","17","18"]},{"supportedFeatures":[],"name":"14","supportedVersionsToUpgrade":["15","16","17","18"]},{"supportedFeatures":[],"name":"15","supportedVersionsToUpgrade":["16","17","18"]},{"supportedFeatures":[],"name":"16","supportedVersionsToUpgrade":["17","18"]},{"supportedFeatures":[],"name":"17","supportedVersionsToUpgrade":["18"]},{"supportedFeatures":[],"name":"18","supportedVersionsToUpgrade":[]}],"supportedFastProvisioningEditions":[],"supportedFeatures":[{"name":"FastProvisioning","status":"Disabled"},{"name":"ZoneRedundantHa","status":"Enabled"},{"name":"GeoBackup","status":"Enabled"},{"name":"ZoneRedundantHaAndGeoBackup","status":"Enabled"},{"name":"StorageAutoGrowth","status":"Enabled"},{"name":"OnlineResize","status":"Enabled"},{"name":"OfferRestricted","status":"Disabled"},{"name":"IndexTuning","status":"Enabled"},{"name":"Clusters","status":"Enabled"},{"name":"AdaptiveAutoVacuumAutoApply","status":"Disabled"},{"name":"ConfigTuning","status":"Disabled"}],"fastProvisioningSupported":"Disabled","geoBackupSupported":"Enabled","zoneRedundantHaSupported":"Enabled","zoneRedundantHaAndGeoBackupSupported":"Enabled","storageAutoGrowthSupported":"Enabled","onlineResizeSupported":"Enabled","indexTuningSupported":"Enabled"}]}'
    headers:
      cache-control:
      - no-cache
      content-length:
      - '24342'
      content-type:
      - application/json; charset=utf-8
      date:
      - Mon, 08 Dec 2025 19:35:16 GMT
      expires:
      - '-1'
      pragma:
      - no-cache
      strict-transport-security:
      - max-age=31536000; includeSubDomains
      x-cache:
      - CONFIG_NOCACHE
      x-content-type-options:
      - nosniff
      x-ms-operation-identifier:
      - tenantId=72f988bf-86f1-41af-91ab-2d7cd011db47,objectId=f57d2932-2a78-450f-958a-e65997c3253b/eastus2/ac988715-3fbc-4acd-bd52-8fc5f3ee971b
      x-ms-ratelimit-remaining-subscription-global-reads:
      - '16499'
      x-msedge-ref:
      - 'Ref A: 2520AC6A46E04466B2913919A669D01E Ref B: BL2AA2030101011 Ref C: 2025-12-08T19:35:16Z'
    status:
      code: 200
      message: OK
- request:
    body: '{"tags": {"keys": "3"}, "location": "canadacentral", "sku": {"name": "Standard_D2ds_v5",
      "tier": "GeneralPurpose"}, "properties": {"administratorLogin": "dbadmin", "administratorLoginPassword":
      "jcLPEtlcVaQOy0PJG0LiKw", "version": "17", "storage": {"storageSizeGB": 128,
      "autoGrow": "Disabled"}, "authConfig": {"activeDirectoryAuth": "Disabled", "passwordAuth":
      "Enabled", "tenantId": ""}, "backup": {"backupRetentionDays": 7, "geoRedundantBackup":
      "Disabled"}, "network": {"publicNetworkAccess": "Disabled"}, "highAvailability":
      {"mode": "ZoneRedundant"}, "createMode": "Create"}}'
    headers:
      Accept:
      - application/json
      Accept-Encoding:
      - gzip, deflate
      CommandName:
      - postgres flexible-server create
      Connection:
      - keep-alive
      Content-Length:
      - '581'
      Content-Type:
      - application/json
      ParameterSetName:
      - -g -n --backup-retention --sku-name --tier --storage-size -u --version --tags
        --high-availability --public-access
      User-Agent:
      - AZURECLI/2.81.0 azsdk-python-core/1.35.0 Python/3.13.10 (Windows-11-10.0.26200-SP0)
    method: PUT
    uri: https://management.azure.com/subscriptions/00000000-0000-0000-0000-000000000000/resourceGroups/random_rg000004/providers/Microsoft.DBforPostgreSQL/flexibleServers/azuredbclitest-000002?api-version=2025-08-01
  response:
    body:
      string: '{"operation":"UpsertServerManagementOperationV2","startTime":"2025-12-08T19:35:17.967Z"}'
    headers:
      azure-asyncoperation:
      - https://management.azure.com/subscriptions/00000000-0000-0000-0000-000000000000/providers/Microsoft.DBforPostgreSQL/locations/canadacentral/azureAsyncOperation/8fe50f9c-d2ae-41d4-889b-ab33a8c09db4?api-version=2025-08-01&t=639008193180368318&c=MIIHpTCCBo2gAwIBAgITfwY2O9Fi5lSmLyOBKgAEBjY70TANBgkqhkiG9w0BAQsFADBEMRMwEQYKCZImiZPyLGQBGRYDR0JMMRMwEQYKCZImiZPyLGQBGRYDQU1FMRgwFgYDVQQDEw9BTUUgSW5mcmEgQ0EgMDIwHhcNMjUxMDIwMDQxMjEwWhcNMjYwNDE4MDQxMjEwWjBAMT4wPAYDVQQDEzVhc3luY29wZXJhdGlvbnNpZ25pbmdjZXJ0aWZpY2F0ZS5tYW5hZ2VtZW50LmF6dXJlLmNvbTCCASIwDQYJKoZIhvcNAQEBBQADggEPADCCAQoCggEBAMHQm7ZXwmvz3bp_tBu0ZYNZMpMcRUJSHrld-E9b4RqS0ymmswmhM267lbAI2oCZNI82E4DZNNZApPYz9GqZQ2OYxE0G0E_dyvstulti8jSM29pm5HiR_hxNyzt_q0uSnmqQnWuxQMco30qz4XjZaQkJNBATBraJWnioUZtMKhrbXrMOMral9bW_6ba5EqNlc3iBHJ8x7dblRrVcao1gyCk1mEXz9vR8Ut0wZ-KLWuSUcbcS7CPzUuSYQ1eJdym4YYAqEQQM1z40lpqT6OlbqRLu3DC5dN2NbGHUPkHODMhUbKY3RnwHKdrKQbuDk16nRBjl2ZML6kXZGz_BMd-elV0CAwEAAaOCBJIwggSOMCcGCSsGAQQBgjcVCgQaMBgwCgYIKwYBBQUHAwEwCgYIKwYBBQUHAwIwPQYJKwYBBAGCNxUHBDAwLgYmKwYBBAGCNxUIhpDjDYTVtHiE8Ys-hZvdFs6dEoFghfmRS4WsmTQCAWQCAQcwggHaBggrBgEFBQcBAQSCAcwwggHIMGYGCCsGAQUFBzAChlpodHRwOi8vY3JsLm1pY3Jvc29mdC5jb20vcGtpaW5mcmEvQ2VydHMvQkwyUEtJSU5UQ0EwMS5BTUUuR0JMX0FNRSUyMEluZnJhJTIwQ0ElMjAwMig0KS5jcnQwVgYIKwYBBQUHMAKGSmh0dHA6Ly9jcmwxLmFtZS5nYmwvYWlhL0JMMlBLSUlOVENBMDEuQU1FLkdCTF9BTUUlMjBJbmZyYSUyMENBJTIwMDIoNCkuY3J0MFYGCCsGAQUFBzAChkpodHRwOi8vY3JsMi5hbWUuZ2JsL2FpYS9CTDJQS0lJTlRDQTAxLkFNRS5HQkxfQU1FJTIwSW5mcmElMjBDQSUyMDAyKDQpLmNydDBWBggrBgEFBQcwAoZKaHR0cDovL2NybDMuYW1lLmdibC9haWEvQkwyUEtJSU5UQ0EwMS5BTUUuR0JMX0FNRSUyMEluZnJhJTIwQ0ElMjAwMig0KS5jcnQwVgYIKwYBBQUHMAKGSmh0dHA6Ly9jcmw0LmFtZS5nYmwvYWlhL0JMMlBLSUlOVENBMDEuQU1FLkdCTF9BTUUlMjBJbmZyYSUyMENBJTIwMDIoNCkuY3J0MB0GA1UdDgQWBBQ7Uo6SICZvdsfQb4hxJfOTmnlMAzAOBgNVHQ8BAf8EBAMCBaAwggE1BgNVHR8EggEsMIIBKDCCASSgggEgoIIBHIZCaHR0cDovL2NybC5taWNyb3NvZnQuY29tL3BraWluZnJhL0NSTC9BTUUlMjBJbmZyYSUyMENBJTIwMDIoNCkuY3JshjRodHRwOi8vY3JsMS5hbWUuZ2JsL2NybC9BTUUlMjBJbmZyYSUyMENBJTIwMDIoNCkuY3JshjRodHRwOi8vY3JsMi5hbWUuZ2JsL2NybC9BTUUlMjBJbmZyYSUyMENBJTIwMDIoNCkuY3JshjRodHRwOi8vY3JsMy5hbWUuZ2JsL2NybC9BTUUlMjBJbmZyYSUyMENBJTIwMDIoNCkuY3JshjRodHRwOi8vY3JsNC5hbWUuZ2JsL2NybC9BTUUlMjBJbmZyYSUyMENBJTIwMDIoNCkuY3JsMIGdBgNVHSAEgZUwgZIwDAYKKwYBBAGCN3sBATBmBgorBgEEAYI3ewICMFgwVgYIKwYBBQUHAgIwSh5IADMAMwBlADAAMQA5ADIAMQAtADQAZAA2ADQALQA0AGYAOABjAC0AYQAwADUANQAtADUAYgBkAGEAZgBmAGQANQBlADMAMwBkMAwGCisGAQQBgjd7AwIwDAYKKwYBBAGCN3sEAjAfBgNVHSMEGDAWgBSuecJrXSWIEwb2BwnDl3x7l48dVTAdBgNVHSUEFjAUBggrBgEFBQcDAQYIKwYBBQUHAwIwDQYJKoZIhvcNAQELBQADggEBADp-OzkMAESDX27pXk3NL5_uU6RuCBkTjHnVxyWwp89arbWDWeL0FNU75N4hZMsK4FU9oUeatHrGk09j6u3o6qgzbyH7vWX9v5ijaUpNPeacRaMTpWvVZZLg6AERFF7oiplb-vCmLHZTMYbJH6dZI35unEEDgzD9n8QhuMBQ8dXhS145FHrAVc9nnNB25FQt29UfdpwrVFPQuEkgwKKCG8Qy5VDtGnceMRw2bnDwtYNngCgVmd2cPtwgizpflj_F8NURyxhnrQvuOwCkQavcJTq5RSXgEp3U471r3TZoEkKrAmcNF3Fyz5M0gOv6EQmdHg-lLMeFUmOVsXvWTlMjQQw&s=vLSfcf-2zohDBBQv19mrpcwWLobvNK8QiQ-FawAzFc5faqCG7VaV_ZHFMAgLpnFp6KVgCmLqkog2rqvCmIaNuVEYJT8NZ0raEYDy9riy27ih_nDPvz_d32WFZ_zrs2YfiU3hOOKBe2fujTZxh77i-4W84AxqKaGB3oY4grd6L9UgBr39JQ0euaijrgC-ZGp-yDXW1OBWi05HD3jLykUsmx_WH3BJocM-6HzLHSH_P25PAvTX2aI0EyKwySTNOGwj3bEptgmfG0JMqxBP0z8mKmsw_gHP5Lbrrfiv7GC5xY2Uxqo68cjmRasJR5rgs7d9wsRlFVeE5Y02F9qh_d6Nyg&h=qdLZq9xSlnFRrh3Pi4Yf3xUHCUSp0_MbaLSVYHYJHyA
      cache-control:
      - no-cache
      content-length:
      - '88'
      content-type:
      - application/json; charset=utf-8
      date:
      - Mon, 08 Dec 2025 19:35:17 GMT
      expires:
      - '-1'
      location:
      - https://management.azure.com/subscriptions/00000000-0000-0000-0000-000000000000/providers/Microsoft.DBforPostgreSQL/locations/canadacentral/operationResults/8fe50f9c-d2ae-41d4-889b-ab33a8c09db4?api-version=2025-08-01&t=639008193180368318&c=MIIHpTCCBo2gAwIBAgITfwY2O9Fi5lSmLyOBKgAEBjY70TANBgkqhkiG9w0BAQsFADBEMRMwEQYKCZImiZPyLGQBGRYDR0JMMRMwEQYKCZImiZPyLGQBGRYDQU1FMRgwFgYDVQQDEw9BTUUgSW5mcmEgQ0EgMDIwHhcNMjUxMDIwMDQxMjEwWhcNMjYwNDE4MDQxMjEwWjBAMT4wPAYDVQQDEzVhc3luY29wZXJhdGlvbnNpZ25pbmdjZXJ0aWZpY2F0ZS5tYW5hZ2VtZW50LmF6dXJlLmNvbTCCASIwDQYJKoZIhvcNAQEBBQADggEPADCCAQoCggEBAMHQm7ZXwmvz3bp_tBu0ZYNZMpMcRUJSHrld-E9b4RqS0ymmswmhM267lbAI2oCZNI82E4DZNNZApPYz9GqZQ2OYxE0G0E_dyvstulti8jSM29pm5HiR_hxNyzt_q0uSnmqQnWuxQMco30qz4XjZaQkJNBATBraJWnioUZtMKhrbXrMOMral9bW_6ba5EqNlc3iBHJ8x7dblRrVcao1gyCk1mEXz9vR8Ut0wZ-KLWuSUcbcS7CPzUuSYQ1eJdym4YYAqEQQM1z40lpqT6OlbqRLu3DC5dN2NbGHUPkHODMhUbKY3RnwHKdrKQbuDk16nRBjl2ZML6kXZGz_BMd-elV0CAwEAAaOCBJIwggSOMCcGCSsGAQQBgjcVCgQaMBgwCgYIKwYBBQUHAwEwCgYIKwYBBQUHAwIwPQYJKwYBBAGCNxUHBDAwLgYmKwYBBAGCNxUIhpDjDYTVtHiE8Ys-hZvdFs6dEoFghfmRS4WsmTQCAWQCAQcwggHaBggrBgEFBQcBAQSCAcwwggHIMGYGCCsGAQUFBzAChlpodHRwOi8vY3JsLm1pY3Jvc29mdC5jb20vcGtpaW5mcmEvQ2VydHMvQkwyUEtJSU5UQ0EwMS5BTUUuR0JMX0FNRSUyMEluZnJhJTIwQ0ElMjAwMig0KS5jcnQwVgYIKwYBBQUHMAKGSmh0dHA6Ly9jcmwxLmFtZS5nYmwvYWlhL0JMMlBLSUlOVENBMDEuQU1FLkdCTF9BTUUlMjBJbmZyYSUyMENBJTIwMDIoNCkuY3J0MFYGCCsGAQUFBzAChkpodHRwOi8vY3JsMi5hbWUuZ2JsL2FpYS9CTDJQS0lJTlRDQTAxLkFNRS5HQkxfQU1FJTIwSW5mcmElMjBDQSUyMDAyKDQpLmNydDBWBggrBgEFBQcwAoZKaHR0cDovL2NybDMuYW1lLmdibC9haWEvQkwyUEtJSU5UQ0EwMS5BTUUuR0JMX0FNRSUyMEluZnJhJTIwQ0ElMjAwMig0KS5jcnQwVgYIKwYBBQUHMAKGSmh0dHA6Ly9jcmw0LmFtZS5nYmwvYWlhL0JMMlBLSUlOVENBMDEuQU1FLkdCTF9BTUUlMjBJbmZyYSUyMENBJTIwMDIoNCkuY3J0MB0GA1UdDgQWBBQ7Uo6SICZvdsfQb4hxJfOTmnlMAzAOBgNVHQ8BAf8EBAMCBaAwggE1BgNVHR8EggEsMIIBKDCCASSgggEgoIIBHIZCaHR0cDovL2NybC5taWNyb3NvZnQuY29tL3BraWluZnJhL0NSTC9BTUUlMjBJbmZyYSUyMENBJTIwMDIoNCkuY3JshjRodHRwOi8vY3JsMS5hbWUuZ2JsL2NybC9BTUUlMjBJbmZyYSUyMENBJTIwMDIoNCkuY3JshjRodHRwOi8vY3JsMi5hbWUuZ2JsL2NybC9BTUUlMjBJbmZyYSUyMENBJTIwMDIoNCkuY3JshjRodHRwOi8vY3JsMy5hbWUuZ2JsL2NybC9BTUUlMjBJbmZyYSUyMENBJTIwMDIoNCkuY3JshjRodHRwOi8vY3JsNC5hbWUuZ2JsL2NybC9BTUUlMjBJbmZyYSUyMENBJTIwMDIoNCkuY3JsMIGdBgNVHSAEgZUwgZIwDAYKKwYBBAGCN3sBATBmBgorBgEEAYI3ewICMFgwVgYIKwYBBQUHAgIwSh5IADMAMwBlADAAMQA5ADIAMQAtADQAZAA2ADQALQA0AGYAOABjAC0AYQAwADUANQAtADUAYgBkAGEAZgBmAGQANQBlADMAMwBkMAwGCisGAQQBgjd7AwIwDAYKKwYBBAGCN3sEAjAfBgNVHSMEGDAWgBSuecJrXSWIEwb2BwnDl3x7l48dVTAdBgNVHSUEFjAUBggrBgEFBQcDAQYIKwYBBQUHAwIwDQYJKoZIhvcNAQELBQADggEBADp-OzkMAESDX27pXk3NL5_uU6RuCBkTjHnVxyWwp89arbWDWeL0FNU75N4hZMsK4FU9oUeatHrGk09j6u3o6qgzbyH7vWX9v5ijaUpNPeacRaMTpWvVZZLg6AERFF7oiplb-vCmLHZTMYbJH6dZI35unEEDgzD9n8QhuMBQ8dXhS145FHrAVc9nnNB25FQt29UfdpwrVFPQuEkgwKKCG8Qy5VDtGnceMRw2bnDwtYNngCgVmd2cPtwgizpflj_F8NURyxhnrQvuOwCkQavcJTq5RSXgEp3U471r3TZoEkKrAmcNF3Fyz5M0gOv6EQmdHg-lLMeFUmOVsXvWTlMjQQw&s=FjyI46N1Ub_YV8CQ7d5L34BRCyUBzwRRMdbpR7PMQQzDsleMqzhjW6bSPx9SEtA6DWkFu02khUmTzXYXUAKO_-OrStszZ38CxLzjw4a4mWzG8T11knPxqI8O5H2UE1bECA7gMuxYxqj06Hhr-GgTr6txN5gXD_NckmRluhSiOR5hwJsSfct_eO67wjg0vrptRZ5tdbByKwF64khgPRW3AjWKsAWf517QTMdWCbEPKWvuoF-SDAS4jSDtmZoYZml7J9vxdEmkkhA1C1RC9geNVBbQLebtEPEFg9gCswrqdVWA9zzWXHelHQexfRQoRBTWTJZS9FDeZTHJXFUWnfDj3A&h=j49V4As4uN4H_19e6f9L2Q5mRzCgAAdvGcnNrWfD7wI
      pragma:
      - no-cache
      strict-transport-security:
      - max-age=31536000; includeSubDomains
      x-cache:
      - CONFIG_NOCACHE
      x-content-type-options:
      - nosniff
      x-ms-operation-identifier:
      - tenantId=72f988bf-86f1-41af-91ab-2d7cd011db47,objectId=f57d2932-2a78-450f-958a-e65997c3253b/canadacentral/72e9d914-02f7-482e-9911-25d68f8cb4e1
      x-ms-ratelimit-remaining-subscription-global-writes:
      - '11999'
      x-ms-ratelimit-remaining-subscription-writes:
      - '799'
      x-msedge-ref:
      - 'Ref A: 19120DED162E4868A8EA7018FB13E2F9 Ref B: BL2AA2030101045 Ref C: 2025-12-08T19:35:17Z'
    status:
      code: 202
      message: Accepted
- request:
    body: null
    headers:
      Accept:
      - '*/*'
      Accept-Encoding:
      - gzip, deflate
      CommandName:
      - postgres flexible-server create
      Connection:
      - keep-alive
      ParameterSetName:
      - -g -n --backup-retention --sku-name --tier --storage-size -u --version --tags
        --high-availability --public-access
      User-Agent:
      - AZURECLI/2.81.0 azsdk-python-core/1.35.0 Python/3.13.10 (Windows-11-10.0.26200-SP0)
    method: GET
    uri: https://management.azure.com/subscriptions/00000000-0000-0000-0000-000000000000/providers/Microsoft.DBforPostgreSQL/locations/canadacentral/azureAsyncOperation/8fe50f9c-d2ae-41d4-889b-ab33a8c09db4?api-version=2025-08-01&t=639008193180368318&c=MIIHpTCCBo2gAwIBAgITfwY2O9Fi5lSmLyOBKgAEBjY70TANBgkqhkiG9w0BAQsFADBEMRMwEQYKCZImiZPyLGQBGRYDR0JMMRMwEQYKCZImiZPyLGQBGRYDQU1FMRgwFgYDVQQDEw9BTUUgSW5mcmEgQ0EgMDIwHhcNMjUxMDIwMDQxMjEwWhcNMjYwNDE4MDQxMjEwWjBAMT4wPAYDVQQDEzVhc3luY29wZXJhdGlvbnNpZ25pbmdjZXJ0aWZpY2F0ZS5tYW5hZ2VtZW50LmF6dXJlLmNvbTCCASIwDQYJKoZIhvcNAQEBBQADggEPADCCAQoCggEBAMHQm7ZXwmvz3bp_tBu0ZYNZMpMcRUJSHrld-E9b4RqS0ymmswmhM267lbAI2oCZNI82E4DZNNZApPYz9GqZQ2OYxE0G0E_dyvstulti8jSM29pm5HiR_hxNyzt_q0uSnmqQnWuxQMco30qz4XjZaQkJNBATBraJWnioUZtMKhrbXrMOMral9bW_6ba5EqNlc3iBHJ8x7dblRrVcao1gyCk1mEXz9vR8Ut0wZ-KLWuSUcbcS7CPzUuSYQ1eJdym4YYAqEQQM1z40lpqT6OlbqRLu3DC5dN2NbGHUPkHODMhUbKY3RnwHKdrKQbuDk16nRBjl2ZML6kXZGz_BMd-elV0CAwEAAaOCBJIwggSOMCcGCSsGAQQBgjcVCgQaMBgwCgYIKwYBBQUHAwEwCgYIKwYBBQUHAwIwPQYJKwYBBAGCNxUHBDAwLgYmKwYBBAGCNxUIhpDjDYTVtHiE8Ys-hZvdFs6dEoFghfmRS4WsmTQCAWQCAQcwggHaBggrBgEFBQcBAQSCAcwwggHIMGYGCCsGAQUFBzAChlpodHRwOi8vY3JsLm1pY3Jvc29mdC5jb20vcGtpaW5mcmEvQ2VydHMvQkwyUEtJSU5UQ0EwMS5BTUUuR0JMX0FNRSUyMEluZnJhJTIwQ0ElMjAwMig0KS5jcnQwVgYIKwYBBQUHMAKGSmh0dHA6Ly9jcmwxLmFtZS5nYmwvYWlhL0JMMlBLSUlOVENBMDEuQU1FLkdCTF9BTUUlMjBJbmZyYSUyMENBJTIwMDIoNCkuY3J0MFYGCCsGAQUFBzAChkpodHRwOi8vY3JsMi5hbWUuZ2JsL2FpYS9CTDJQS0lJTlRDQTAxLkFNRS5HQkxfQU1FJTIwSW5mcmElMjBDQSUyMDAyKDQpLmNydDBWBggrBgEFBQcwAoZKaHR0cDovL2NybDMuYW1lLmdibC9haWEvQkwyUEtJSU5UQ0EwMS5BTUUuR0JMX0FNRSUyMEluZnJhJTIwQ0ElMjAwMig0KS5jcnQwVgYIKwYBBQUHMAKGSmh0dHA6Ly9jcmw0LmFtZS5nYmwvYWlhL0JMMlBLSUlOVENBMDEuQU1FLkdCTF9BTUUlMjBJbmZyYSUyMENBJTIwMDIoNCkuY3J0MB0GA1UdDgQWBBQ7Uo6SICZvdsfQb4hxJfOTmnlMAzAOBgNVHQ8BAf8EBAMCBaAwggE1BgNVHR8EggEsMIIBKDCCASSgggEgoIIBHIZCaHR0cDovL2NybC5taWNyb3NvZnQuY29tL3BraWluZnJhL0NSTC9BTUUlMjBJbmZyYSUyMENBJTIwMDIoNCkuY3JshjRodHRwOi8vY3JsMS5hbWUuZ2JsL2NybC9BTUUlMjBJbmZyYSUyMENBJTIwMDIoNCkuY3JshjRodHRwOi8vY3JsMi5hbWUuZ2JsL2NybC9BTUUlMjBJbmZyYSUyMENBJTIwMDIoNCkuY3JshjRodHRwOi8vY3JsMy5hbWUuZ2JsL2NybC9BTUUlMjBJbmZyYSUyMENBJTIwMDIoNCkuY3JshjRodHRwOi8vY3JsNC5hbWUuZ2JsL2NybC9BTUUlMjBJbmZyYSUyMENBJTIwMDIoNCkuY3JsMIGdBgNVHSAEgZUwgZIwDAYKKwYBBAGCN3sBATBmBgorBgEEAYI3ewICMFgwVgYIKwYBBQUHAgIwSh5IADMAMwBlADAAMQA5ADIAMQAtADQAZAA2ADQALQA0AGYAOABjAC0AYQAwADUANQAtADUAYgBkAGEAZgBmAGQANQBlADMAMwBkMAwGCisGAQQBgjd7AwIwDAYKKwYBBAGCN3sEAjAfBgNVHSMEGDAWgBSuecJrXSWIEwb2BwnDl3x7l48dVTAdBgNVHSUEFjAUBggrBgEFBQcDAQYIKwYBBQUHAwIwDQYJKoZIhvcNAQELBQADggEBADp-OzkMAESDX27pXk3NL5_uU6RuCBkTjHnVxyWwp89arbWDWeL0FNU75N4hZMsK4FU9oUeatHrGk09j6u3o6qgzbyH7vWX9v5ijaUpNPeacRaMTpWvVZZLg6AERFF7oiplb-vCmLHZTMYbJH6dZI35unEEDgzD9n8QhuMBQ8dXhS145FHrAVc9nnNB25FQt29UfdpwrVFPQuEkgwKKCG8Qy5VDtGnceMRw2bnDwtYNngCgVmd2cPtwgizpflj_F8NURyxhnrQvuOwCkQavcJTq5RSXgEp3U471r3TZoEkKrAmcNF3Fyz5M0gOv6EQmdHg-lLMeFUmOVsXvWTlMjQQw&s=vLSfcf-2zohDBBQv19mrpcwWLobvNK8QiQ-FawAzFc5faqCG7VaV_ZHFMAgLpnFp6KVgCmLqkog2rqvCmIaNuVEYJT8NZ0raEYDy9riy27ih_nDPvz_d32WFZ_zrs2YfiU3hOOKBe2fujTZxh77i-4W84AxqKaGB3oY4grd6L9UgBr39JQ0euaijrgC-ZGp-yDXW1OBWi05HD3jLykUsmx_WH3BJocM-6HzLHSH_P25PAvTX2aI0EyKwySTNOGwj3bEptgmfG0JMqxBP0z8mKmsw_gHP5Lbrrfiv7GC5xY2Uxqo68cjmRasJR5rgs7d9wsRlFVeE5Y02F9qh_d6Nyg&h=qdLZq9xSlnFRrh3Pi4Yf3xUHCUSp0_MbaLSVYHYJHyA
  response:
    body:
      string: '{"name":"8fe50f9c-d2ae-41d4-889b-ab33a8c09db4","status":"InProgress","startTime":"2025-12-08T19:35:17.967Z"}'
    headers:
      cache-control:
      - no-cache
      content-length:
      - '108'
      content-type:
      - application/json; charset=utf-8
      date:
      - Mon, 08 Dec 2025 19:35:18 GMT
      expires:
      - '-1'
      pragma:
      - no-cache
      strict-transport-security:
      - max-age=31536000; includeSubDomains
      x-cache:
      - CONFIG_NOCACHE
      x-content-type-options:
      - nosniff
      x-ms-operation-identifier:
      - tenantId=72f988bf-86f1-41af-91ab-2d7cd011db47,objectId=f57d2932-2a78-450f-958a-e65997c3253b/canadacentral/ab9df28e-a956-4eaa-a0f7-5f664f2e8a2d
      x-ms-ratelimit-remaining-subscription-global-reads:
      - '16499'
      x-msedge-ref:
      - 'Ref A: D4BF71F1C1B846DC96BA75EEC6E711A6 Ref B: MNZ221060608025 Ref C: 2025-12-08T19:35:18Z'
    status:
      code: 200
      message: OK
- request:
    body: null
    headers:
      Accept:
      - '*/*'
      Accept-Encoding:
      - gzip, deflate
      CommandName:
      - postgres flexible-server create
      Connection:
      - keep-alive
      ParameterSetName:
      - -g -n --backup-retention --sku-name --tier --storage-size -u --version --tags
        --high-availability --public-access
      User-Agent:
      - AZURECLI/2.81.0 azsdk-python-core/1.35.0 Python/3.13.10 (Windows-11-10.0.26200-SP0)
    method: GET
    uri: https://management.azure.com/subscriptions/00000000-0000-0000-0000-000000000000/providers/Microsoft.DBforPostgreSQL/locations/canadacentral/azureAsyncOperation/8fe50f9c-d2ae-41d4-889b-ab33a8c09db4?api-version=2025-08-01&t=639008193180368318&c=MIIHpTCCBo2gAwIBAgITfwY2O9Fi5lSmLyOBKgAEBjY70TANBgkqhkiG9w0BAQsFADBEMRMwEQYKCZImiZPyLGQBGRYDR0JMMRMwEQYKCZImiZPyLGQBGRYDQU1FMRgwFgYDVQQDEw9BTUUgSW5mcmEgQ0EgMDIwHhcNMjUxMDIwMDQxMjEwWhcNMjYwNDE4MDQxMjEwWjBAMT4wPAYDVQQDEzVhc3luY29wZXJhdGlvbnNpZ25pbmdjZXJ0aWZpY2F0ZS5tYW5hZ2VtZW50LmF6dXJlLmNvbTCCASIwDQYJKoZIhvcNAQEBBQADggEPADCCAQoCggEBAMHQm7ZXwmvz3bp_tBu0ZYNZMpMcRUJSHrld-E9b4RqS0ymmswmhM267lbAI2oCZNI82E4DZNNZApPYz9GqZQ2OYxE0G0E_dyvstulti8jSM29pm5HiR_hxNyzt_q0uSnmqQnWuxQMco30qz4XjZaQkJNBATBraJWnioUZtMKhrbXrMOMral9bW_6ba5EqNlc3iBHJ8x7dblRrVcao1gyCk1mEXz9vR8Ut0wZ-KLWuSUcbcS7CPzUuSYQ1eJdym4YYAqEQQM1z40lpqT6OlbqRLu3DC5dN2NbGHUPkHODMhUbKY3RnwHKdrKQbuDk16nRBjl2ZML6kXZGz_BMd-elV0CAwEAAaOCBJIwggSOMCcGCSsGAQQBgjcVCgQaMBgwCgYIKwYBBQUHAwEwCgYIKwYBBQUHAwIwPQYJKwYBBAGCNxUHBDAwLgYmKwYBBAGCNxUIhpDjDYTVtHiE8Ys-hZvdFs6dEoFghfmRS4WsmTQCAWQCAQcwggHaBggrBgEFBQcBAQSCAcwwggHIMGYGCCsGAQUFBzAChlpodHRwOi8vY3JsLm1pY3Jvc29mdC5jb20vcGtpaW5mcmEvQ2VydHMvQkwyUEtJSU5UQ0EwMS5BTUUuR0JMX0FNRSUyMEluZnJhJTIwQ0ElMjAwMig0KS5jcnQwVgYIKwYBBQUHMAKGSmh0dHA6Ly9jcmwxLmFtZS5nYmwvYWlhL0JMMlBLSUlOVENBMDEuQU1FLkdCTF9BTUUlMjBJbmZyYSUyMENBJTIwMDIoNCkuY3J0MFYGCCsGAQUFBzAChkpodHRwOi8vY3JsMi5hbWUuZ2JsL2FpYS9CTDJQS0lJTlRDQTAxLkFNRS5HQkxfQU1FJTIwSW5mcmElMjBDQSUyMDAyKDQpLmNydDBWBggrBgEFBQcwAoZKaHR0cDovL2NybDMuYW1lLmdibC9haWEvQkwyUEtJSU5UQ0EwMS5BTUUuR0JMX0FNRSUyMEluZnJhJTIwQ0ElMjAwMig0KS5jcnQwVgYIKwYBBQUHMAKGSmh0dHA6Ly9jcmw0LmFtZS5nYmwvYWlhL0JMMlBLSUlOVENBMDEuQU1FLkdCTF9BTUUlMjBJbmZyYSUyMENBJTIwMDIoNCkuY3J0MB0GA1UdDgQWBBQ7Uo6SICZvdsfQb4hxJfOTmnlMAzAOBgNVHQ8BAf8EBAMCBaAwggE1BgNVHR8EggEsMIIBKDCCASSgggEgoIIBHIZCaHR0cDovL2NybC5taWNyb3NvZnQuY29tL3BraWluZnJhL0NSTC9BTUUlMjBJbmZyYSUyMENBJTIwMDIoNCkuY3JshjRodHRwOi8vY3JsMS5hbWUuZ2JsL2NybC9BTUUlMjBJbmZyYSUyMENBJTIwMDIoNCkuY3JshjRodHRwOi8vY3JsMi5hbWUuZ2JsL2NybC9BTUUlMjBJbmZyYSUyMENBJTIwMDIoNCkuY3JshjRodHRwOi8vY3JsMy5hbWUuZ2JsL2NybC9BTUUlMjBJbmZyYSUyMENBJTIwMDIoNCkuY3JshjRodHRwOi8vY3JsNC5hbWUuZ2JsL2NybC9BTUUlMjBJbmZyYSUyMENBJTIwMDIoNCkuY3JsMIGdBgNVHSAEgZUwgZIwDAYKKwYBBAGCN3sBATBmBgorBgEEAYI3ewICMFgwVgYIKwYBBQUHAgIwSh5IADMAMwBlADAAMQA5ADIAMQAtADQAZAA2ADQALQA0AGYAOABjAC0AYQAwADUANQAtADUAYgBkAGEAZgBmAGQANQBlADMAMwBkMAwGCisGAQQBgjd7AwIwDAYKKwYBBAGCN3sEAjAfBgNVHSMEGDAWgBSuecJrXSWIEwb2BwnDl3x7l48dVTAdBgNVHSUEFjAUBggrBgEFBQcDAQYIKwYBBQUHAwIwDQYJKoZIhvcNAQELBQADggEBADp-OzkMAESDX27pXk3NL5_uU6RuCBkTjHnVxyWwp89arbWDWeL0FNU75N4hZMsK4FU9oUeatHrGk09j6u3o6qgzbyH7vWX9v5ijaUpNPeacRaMTpWvVZZLg6AERFF7oiplb-vCmLHZTMYbJH6dZI35unEEDgzD9n8QhuMBQ8dXhS145FHrAVc9nnNB25FQt29UfdpwrVFPQuEkgwKKCG8Qy5VDtGnceMRw2bnDwtYNngCgVmd2cPtwgizpflj_F8NURyxhnrQvuOwCkQavcJTq5RSXgEp3U471r3TZoEkKrAmcNF3Fyz5M0gOv6EQmdHg-lLMeFUmOVsXvWTlMjQQw&s=vLSfcf-2zohDBBQv19mrpcwWLobvNK8QiQ-FawAzFc5faqCG7VaV_ZHFMAgLpnFp6KVgCmLqkog2rqvCmIaNuVEYJT8NZ0raEYDy9riy27ih_nDPvz_d32WFZ_zrs2YfiU3hOOKBe2fujTZxh77i-4W84AxqKaGB3oY4grd6L9UgBr39JQ0euaijrgC-ZGp-yDXW1OBWi05HD3jLykUsmx_WH3BJocM-6HzLHSH_P25PAvTX2aI0EyKwySTNOGwj3bEptgmfG0JMqxBP0z8mKmsw_gHP5Lbrrfiv7GC5xY2Uxqo68cjmRasJR5rgs7d9wsRlFVeE5Y02F9qh_d6Nyg&h=qdLZq9xSlnFRrh3Pi4Yf3xUHCUSp0_MbaLSVYHYJHyA
  response:
    body:
      string: '{"name":"8fe50f9c-d2ae-41d4-889b-ab33a8c09db4","status":"InProgress","startTime":"2025-12-08T19:35:17.967Z"}'
    headers:
      cache-control:
      - no-cache
      content-length:
      - '108'
      content-type:
      - application/json; charset=utf-8
      date:
      - Mon, 08 Dec 2025 19:36:18 GMT
      expires:
      - '-1'
      pragma:
      - no-cache
      strict-transport-security:
      - max-age=31536000; includeSubDomains
      x-cache:
      - CONFIG_NOCACHE
      x-content-type-options:
      - nosniff
      x-ms-operation-identifier:
      - tenantId=72f988bf-86f1-41af-91ab-2d7cd011db47,objectId=f57d2932-2a78-450f-958a-e65997c3253b/canadacentral/2e35faa4-9126-4341-90a1-06f45bab2aa8
      x-ms-ratelimit-remaining-subscription-global-reads:
      - '16499'
      x-msedge-ref:
      - 'Ref A: ED4C82AD78464D548124A07698F078D3 Ref B: BL2AA2030101021 Ref C: 2025-12-08T19:36:18Z'
    status:
      code: 200
      message: OK
- request:
    body: null
    headers:
      Accept:
      - '*/*'
      Accept-Encoding:
      - gzip, deflate
      CommandName:
      - postgres flexible-server create
      Connection:
      - keep-alive
      ParameterSetName:
      - -g -n --backup-retention --sku-name --tier --storage-size -u --version --tags
        --high-availability --public-access
      User-Agent:
      - AZURECLI/2.81.0 azsdk-python-core/1.35.0 Python/3.13.10 (Windows-11-10.0.26200-SP0)
    method: GET
    uri: https://management.azure.com/subscriptions/00000000-0000-0000-0000-000000000000/providers/Microsoft.DBforPostgreSQL/locations/canadacentral/azureAsyncOperation/8fe50f9c-d2ae-41d4-889b-ab33a8c09db4?api-version=2025-08-01&t=639008193180368318&c=MIIHpTCCBo2gAwIBAgITfwY2O9Fi5lSmLyOBKgAEBjY70TANBgkqhkiG9w0BAQsFADBEMRMwEQYKCZImiZPyLGQBGRYDR0JMMRMwEQYKCZImiZPyLGQBGRYDQU1FMRgwFgYDVQQDEw9BTUUgSW5mcmEgQ0EgMDIwHhcNMjUxMDIwMDQxMjEwWhcNMjYwNDE4MDQxMjEwWjBAMT4wPAYDVQQDEzVhc3luY29wZXJhdGlvbnNpZ25pbmdjZXJ0aWZpY2F0ZS5tYW5hZ2VtZW50LmF6dXJlLmNvbTCCASIwDQYJKoZIhvcNAQEBBQADggEPADCCAQoCggEBAMHQm7ZXwmvz3bp_tBu0ZYNZMpMcRUJSHrld-E9b4RqS0ymmswmhM267lbAI2oCZNI82E4DZNNZApPYz9GqZQ2OYxE0G0E_dyvstulti8jSM29pm5HiR_hxNyzt_q0uSnmqQnWuxQMco30qz4XjZaQkJNBATBraJWnioUZtMKhrbXrMOMral9bW_6ba5EqNlc3iBHJ8x7dblRrVcao1gyCk1mEXz9vR8Ut0wZ-KLWuSUcbcS7CPzUuSYQ1eJdym4YYAqEQQM1z40lpqT6OlbqRLu3DC5dN2NbGHUPkHODMhUbKY3RnwHKdrKQbuDk16nRBjl2ZML6kXZGz_BMd-elV0CAwEAAaOCBJIwggSOMCcGCSsGAQQBgjcVCgQaMBgwCgYIKwYBBQUHAwEwCgYIKwYBBQUHAwIwPQYJKwYBBAGCNxUHBDAwLgYmKwYBBAGCNxUIhpDjDYTVtHiE8Ys-hZvdFs6dEoFghfmRS4WsmTQCAWQCAQcwggHaBggrBgEFBQcBAQSCAcwwggHIMGYGCCsGAQUFBzAChlpodHRwOi8vY3JsLm1pY3Jvc29mdC5jb20vcGtpaW5mcmEvQ2VydHMvQkwyUEtJSU5UQ0EwMS5BTUUuR0JMX0FNRSUyMEluZnJhJTIwQ0ElMjAwMig0KS5jcnQwVgYIKwYBBQUHMAKGSmh0dHA6Ly9jcmwxLmFtZS5nYmwvYWlhL0JMMlBLSUlOVENBMDEuQU1FLkdCTF9BTUUlMjBJbmZyYSUyMENBJTIwMDIoNCkuY3J0MFYGCCsGAQUFBzAChkpodHRwOi8vY3JsMi5hbWUuZ2JsL2FpYS9CTDJQS0lJTlRDQTAxLkFNRS5HQkxfQU1FJTIwSW5mcmElMjBDQSUyMDAyKDQpLmNydDBWBggrBgEFBQcwAoZKaHR0cDovL2NybDMuYW1lLmdibC9haWEvQkwyUEtJSU5UQ0EwMS5BTUUuR0JMX0FNRSUyMEluZnJhJTIwQ0ElMjAwMig0KS5jcnQwVgYIKwYBBQUHMAKGSmh0dHA6Ly9jcmw0LmFtZS5nYmwvYWlhL0JMMlBLSUlOVENBMDEuQU1FLkdCTF9BTUUlMjBJbmZyYSUyMENBJTIwMDIoNCkuY3J0MB0GA1UdDgQWBBQ7Uo6SICZvdsfQb4hxJfOTmnlMAzAOBgNVHQ8BAf8EBAMCBaAwggE1BgNVHR8EggEsMIIBKDCCASSgggEgoIIBHIZCaHR0cDovL2NybC5taWNyb3NvZnQuY29tL3BraWluZnJhL0NSTC9BTUUlMjBJbmZyYSUyMENBJTIwMDIoNCkuY3JshjRodHRwOi8vY3JsMS5hbWUuZ2JsL2NybC9BTUUlMjBJbmZyYSUyMENBJTIwMDIoNCkuY3JshjRodHRwOi8vY3JsMi5hbWUuZ2JsL2NybC9BTUUlMjBJbmZyYSUyMENBJTIwMDIoNCkuY3JshjRodHRwOi8vY3JsMy5hbWUuZ2JsL2NybC9BTUUlMjBJbmZyYSUyMENBJTIwMDIoNCkuY3JshjRodHRwOi8vY3JsNC5hbWUuZ2JsL2NybC9BTUUlMjBJbmZyYSUyMENBJTIwMDIoNCkuY3JsMIGdBgNVHSAEgZUwgZIwDAYKKwYBBAGCN3sBATBmBgorBgEEAYI3ewICMFgwVgYIKwYBBQUHAgIwSh5IADMAMwBlADAAMQA5ADIAMQAtADQAZAA2ADQALQA0AGYAOABjAC0AYQAwADUANQAtADUAYgBkAGEAZgBmAGQANQBlADMAMwBkMAwGCisGAQQBgjd7AwIwDAYKKwYBBAGCN3sEAjAfBgNVHSMEGDAWgBSuecJrXSWIEwb2BwnDl3x7l48dVTAdBgNVHSUEFjAUBggrBgEFBQcDAQYIKwYBBQUHAwIwDQYJKoZIhvcNAQELBQADggEBADp-OzkMAESDX27pXk3NL5_uU6RuCBkTjHnVxyWwp89arbWDWeL0FNU75N4hZMsK4FU9oUeatHrGk09j6u3o6qgzbyH7vWX9v5ijaUpNPeacRaMTpWvVZZLg6AERFF7oiplb-vCmLHZTMYbJH6dZI35unEEDgzD9n8QhuMBQ8dXhS145FHrAVc9nnNB25FQt29UfdpwrVFPQuEkgwKKCG8Qy5VDtGnceMRw2bnDwtYNngCgVmd2cPtwgizpflj_F8NURyxhnrQvuOwCkQavcJTq5RSXgEp3U471r3TZoEkKrAmcNF3Fyz5M0gOv6EQmdHg-lLMeFUmOVsXvWTlMjQQw&s=vLSfcf-2zohDBBQv19mrpcwWLobvNK8QiQ-FawAzFc5faqCG7VaV_ZHFMAgLpnFp6KVgCmLqkog2rqvCmIaNuVEYJT8NZ0raEYDy9riy27ih_nDPvz_d32WFZ_zrs2YfiU3hOOKBe2fujTZxh77i-4W84AxqKaGB3oY4grd6L9UgBr39JQ0euaijrgC-ZGp-yDXW1OBWi05HD3jLykUsmx_WH3BJocM-6HzLHSH_P25PAvTX2aI0EyKwySTNOGwj3bEptgmfG0JMqxBP0z8mKmsw_gHP5Lbrrfiv7GC5xY2Uxqo68cjmRasJR5rgs7d9wsRlFVeE5Y02F9qh_d6Nyg&h=qdLZq9xSlnFRrh3Pi4Yf3xUHCUSp0_MbaLSVYHYJHyA
  response:
    body:
      string: '{"name":"8fe50f9c-d2ae-41d4-889b-ab33a8c09db4","status":"InProgress","startTime":"2025-12-08T19:35:17.967Z"}'
    headers:
      cache-control:
      - no-cache
      content-length:
      - '108'
      content-type:
      - application/json; charset=utf-8
      date:
      - Mon, 08 Dec 2025 19:37:18 GMT
      expires:
      - '-1'
      pragma:
      - no-cache
      strict-transport-security:
      - max-age=31536000; includeSubDomains
      x-cache:
      - CONFIG_NOCACHE
      x-content-type-options:
      - nosniff
      x-ms-operation-identifier:
      - tenantId=72f988bf-86f1-41af-91ab-2d7cd011db47,objectId=f57d2932-2a78-450f-958a-e65997c3253b/canadacentral/afc80de8-39d4-4713-bf32-e1d30e15f9e5
      x-ms-ratelimit-remaining-subscription-global-reads:
      - '16499'
      x-msedge-ref:
      - 'Ref A: 61FBC39744704382B2FF8B9551FA553E Ref B: BL2AA2010204033 Ref C: 2025-12-08T19:37:19Z'
    status:
      code: 200
      message: OK
- request:
    body: null
    headers:
      Accept:
      - '*/*'
      Accept-Encoding:
      - gzip, deflate
      CommandName:
      - postgres flexible-server create
      Connection:
      - keep-alive
      ParameterSetName:
      - -g -n --backup-retention --sku-name --tier --storage-size -u --version --tags
        --high-availability --public-access
      User-Agent:
      - AZURECLI/2.81.0 azsdk-python-core/1.35.0 Python/3.13.10 (Windows-11-10.0.26200-SP0)
    method: GET
    uri: https://management.azure.com/subscriptions/00000000-0000-0000-0000-000000000000/providers/Microsoft.DBforPostgreSQL/locations/canadacentral/azureAsyncOperation/8fe50f9c-d2ae-41d4-889b-ab33a8c09db4?api-version=2025-08-01&t=639008193180368318&c=MIIHpTCCBo2gAwIBAgITfwY2O9Fi5lSmLyOBKgAEBjY70TANBgkqhkiG9w0BAQsFADBEMRMwEQYKCZImiZPyLGQBGRYDR0JMMRMwEQYKCZImiZPyLGQBGRYDQU1FMRgwFgYDVQQDEw9BTUUgSW5mcmEgQ0EgMDIwHhcNMjUxMDIwMDQxMjEwWhcNMjYwNDE4MDQxMjEwWjBAMT4wPAYDVQQDEzVhc3luY29wZXJhdGlvbnNpZ25pbmdjZXJ0aWZpY2F0ZS5tYW5hZ2VtZW50LmF6dXJlLmNvbTCCASIwDQYJKoZIhvcNAQEBBQADggEPADCCAQoCggEBAMHQm7ZXwmvz3bp_tBu0ZYNZMpMcRUJSHrld-E9b4RqS0ymmswmhM267lbAI2oCZNI82E4DZNNZApPYz9GqZQ2OYxE0G0E_dyvstulti8jSM29pm5HiR_hxNyzt_q0uSnmqQnWuxQMco30qz4XjZaQkJNBATBraJWnioUZtMKhrbXrMOMral9bW_6ba5EqNlc3iBHJ8x7dblRrVcao1gyCk1mEXz9vR8Ut0wZ-KLWuSUcbcS7CPzUuSYQ1eJdym4YYAqEQQM1z40lpqT6OlbqRLu3DC5dN2NbGHUPkHODMhUbKY3RnwHKdrKQbuDk16nRBjl2ZML6kXZGz_BMd-elV0CAwEAAaOCBJIwggSOMCcGCSsGAQQBgjcVCgQaMBgwCgYIKwYBBQUHAwEwCgYIKwYBBQUHAwIwPQYJKwYBBAGCNxUHBDAwLgYmKwYBBAGCNxUIhpDjDYTVtHiE8Ys-hZvdFs6dEoFghfmRS4WsmTQCAWQCAQcwggHaBggrBgEFBQcBAQSCAcwwggHIMGYGCCsGAQUFBzAChlpodHRwOi8vY3JsLm1pY3Jvc29mdC5jb20vcGtpaW5mcmEvQ2VydHMvQkwyUEtJSU5UQ0EwMS5BTUUuR0JMX0FNRSUyMEluZnJhJTIwQ0ElMjAwMig0KS5jcnQwVgYIKwYBBQUHMAKGSmh0dHA6Ly9jcmwxLmFtZS5nYmwvYWlhL0JMMlBLSUlOVENBMDEuQU1FLkdCTF9BTUUlMjBJbmZyYSUyMENBJTIwMDIoNCkuY3J0MFYGCCsGAQUFBzAChkpodHRwOi8vY3JsMi5hbWUuZ2JsL2FpYS9CTDJQS0lJTlRDQTAxLkFNRS5HQkxfQU1FJTIwSW5mcmElMjBDQSUyMDAyKDQpLmNydDBWBggrBgEFBQcwAoZKaHR0cDovL2NybDMuYW1lLmdibC9haWEvQkwyUEtJSU5UQ0EwMS5BTUUuR0JMX0FNRSUyMEluZnJhJTIwQ0ElMjAwMig0KS5jcnQwVgYIKwYBBQUHMAKGSmh0dHA6Ly9jcmw0LmFtZS5nYmwvYWlhL0JMMlBLSUlOVENBMDEuQU1FLkdCTF9BTUUlMjBJbmZyYSUyMENBJTIwMDIoNCkuY3J0MB0GA1UdDgQWBBQ7Uo6SICZvdsfQb4hxJfOTmnlMAzAOBgNVHQ8BAf8EBAMCBaAwggE1BgNVHR8EggEsMIIBKDCCASSgggEgoIIBHIZCaHR0cDovL2NybC5taWNyb3NvZnQuY29tL3BraWluZnJhL0NSTC9BTUUlMjBJbmZyYSUyMENBJTIwMDIoNCkuY3JshjRodHRwOi8vY3JsMS5hbWUuZ2JsL2NybC9BTUUlMjBJbmZyYSUyMENBJTIwMDIoNCkuY3JshjRodHRwOi8vY3JsMi5hbWUuZ2JsL2NybC9BTUUlMjBJbmZyYSUyMENBJTIwMDIoNCkuY3JshjRodHRwOi8vY3JsMy5hbWUuZ2JsL2NybC9BTUUlMjBJbmZyYSUyMENBJTIwMDIoNCkuY3JshjRodHRwOi8vY3JsNC5hbWUuZ2JsL2NybC9BTUUlMjBJbmZyYSUyMENBJTIwMDIoNCkuY3JsMIGdBgNVHSAEgZUwgZIwDAYKKwYBBAGCN3sBATBmBgorBgEEAYI3ewICMFgwVgYIKwYBBQUHAgIwSh5IADMAMwBlADAAMQA5ADIAMQAtADQAZAA2ADQALQA0AGYAOABjAC0AYQAwADUANQAtADUAYgBkAGEAZgBmAGQANQBlADMAMwBkMAwGCisGAQQBgjd7AwIwDAYKKwYBBAGCN3sEAjAfBgNVHSMEGDAWgBSuecJrXSWIEwb2BwnDl3x7l48dVTAdBgNVHSUEFjAUBggrBgEFBQcDAQYIKwYBBQUHAwIwDQYJKoZIhvcNAQELBQADggEBADp-OzkMAESDX27pXk3NL5_uU6RuCBkTjHnVxyWwp89arbWDWeL0FNU75N4hZMsK4FU9oUeatHrGk09j6u3o6qgzbyH7vWX9v5ijaUpNPeacRaMTpWvVZZLg6AERFF7oiplb-vCmLHZTMYbJH6dZI35unEEDgzD9n8QhuMBQ8dXhS145FHrAVc9nnNB25FQt29UfdpwrVFPQuEkgwKKCG8Qy5VDtGnceMRw2bnDwtYNngCgVmd2cPtwgizpflj_F8NURyxhnrQvuOwCkQavcJTq5RSXgEp3U471r3TZoEkKrAmcNF3Fyz5M0gOv6EQmdHg-lLMeFUmOVsXvWTlMjQQw&s=vLSfcf-2zohDBBQv19mrpcwWLobvNK8QiQ-FawAzFc5faqCG7VaV_ZHFMAgLpnFp6KVgCmLqkog2rqvCmIaNuVEYJT8NZ0raEYDy9riy27ih_nDPvz_d32WFZ_zrs2YfiU3hOOKBe2fujTZxh77i-4W84AxqKaGB3oY4grd6L9UgBr39JQ0euaijrgC-ZGp-yDXW1OBWi05HD3jLykUsmx_WH3BJocM-6HzLHSH_P25PAvTX2aI0EyKwySTNOGwj3bEptgmfG0JMqxBP0z8mKmsw_gHP5Lbrrfiv7GC5xY2Uxqo68cjmRasJR5rgs7d9wsRlFVeE5Y02F9qh_d6Nyg&h=qdLZq9xSlnFRrh3Pi4Yf3xUHCUSp0_MbaLSVYHYJHyA
  response:
    body:
      string: '{"name":"8fe50f9c-d2ae-41d4-889b-ab33a8c09db4","status":"InProgress","startTime":"2025-12-08T19:35:17.967Z"}'
    headers:
      cache-control:
      - no-cache
      content-length:
      - '108'
      content-type:
      - application/json; charset=utf-8
      date:
      - Mon, 08 Dec 2025 19:38:18 GMT
      expires:
      - '-1'
      pragma:
      - no-cache
      strict-transport-security:
      - max-age=31536000; includeSubDomains
      x-cache:
      - CONFIG_NOCACHE
      x-content-type-options:
      - nosniff
      x-ms-operation-identifier:
      - tenantId=72f988bf-86f1-41af-91ab-2d7cd011db47,objectId=f57d2932-2a78-450f-958a-e65997c3253b/canadacentral/1cf871f1-b106-4a16-b9cd-11a1662c2895
      x-ms-ratelimit-remaining-subscription-global-reads:
      - '16499'
      x-msedge-ref:
      - 'Ref A: 385466D2A83D4B6BA246053CED167B7C Ref B: BL2AA2011002040 Ref C: 2025-12-08T19:38:19Z'
    status:
      code: 200
      message: OK
- request:
    body: null
    headers:
      Accept:
      - '*/*'
      Accept-Encoding:
      - gzip, deflate
      CommandName:
      - postgres flexible-server create
      Connection:
      - keep-alive
      ParameterSetName:
      - -g -n --backup-retention --sku-name --tier --storage-size -u --version --tags
        --high-availability --public-access
      User-Agent:
      - AZURECLI/2.81.0 azsdk-python-core/1.35.0 Python/3.13.10 (Windows-11-10.0.26200-SP0)
    method: GET
    uri: https://management.azure.com/subscriptions/00000000-0000-0000-0000-000000000000/providers/Microsoft.DBforPostgreSQL/locations/canadacentral/azureAsyncOperation/8fe50f9c-d2ae-41d4-889b-ab33a8c09db4?api-version=2025-08-01&t=639008193180368318&c=MIIHpTCCBo2gAwIBAgITfwY2O9Fi5lSmLyOBKgAEBjY70TANBgkqhkiG9w0BAQsFADBEMRMwEQYKCZImiZPyLGQBGRYDR0JMMRMwEQYKCZImiZPyLGQBGRYDQU1FMRgwFgYDVQQDEw9BTUUgSW5mcmEgQ0EgMDIwHhcNMjUxMDIwMDQxMjEwWhcNMjYwNDE4MDQxMjEwWjBAMT4wPAYDVQQDEzVhc3luY29wZXJhdGlvbnNpZ25pbmdjZXJ0aWZpY2F0ZS5tYW5hZ2VtZW50LmF6dXJlLmNvbTCCASIwDQYJKoZIhvcNAQEBBQADggEPADCCAQoCggEBAMHQm7ZXwmvz3bp_tBu0ZYNZMpMcRUJSHrld-E9b4RqS0ymmswmhM267lbAI2oCZNI82E4DZNNZApPYz9GqZQ2OYxE0G0E_dyvstulti8jSM29pm5HiR_hxNyzt_q0uSnmqQnWuxQMco30qz4XjZaQkJNBATBraJWnioUZtMKhrbXrMOMral9bW_6ba5EqNlc3iBHJ8x7dblRrVcao1gyCk1mEXz9vR8Ut0wZ-KLWuSUcbcS7CPzUuSYQ1eJdym4YYAqEQQM1z40lpqT6OlbqRLu3DC5dN2NbGHUPkHODMhUbKY3RnwHKdrKQbuDk16nRBjl2ZML6kXZGz_BMd-elV0CAwEAAaOCBJIwggSOMCcGCSsGAQQBgjcVCgQaMBgwCgYIKwYBBQUHAwEwCgYIKwYBBQUHAwIwPQYJKwYBBAGCNxUHBDAwLgYmKwYBBAGCNxUIhpDjDYTVtHiE8Ys-hZvdFs6dEoFghfmRS4WsmTQCAWQCAQcwggHaBggrBgEFBQcBAQSCAcwwggHIMGYGCCsGAQUFBzAChlpodHRwOi8vY3JsLm1pY3Jvc29mdC5jb20vcGtpaW5mcmEvQ2VydHMvQkwyUEtJSU5UQ0EwMS5BTUUuR0JMX0FNRSUyMEluZnJhJTIwQ0ElMjAwMig0KS5jcnQwVgYIKwYBBQUHMAKGSmh0dHA6Ly9jcmwxLmFtZS5nYmwvYWlhL0JMMlBLSUlOVENBMDEuQU1FLkdCTF9BTUUlMjBJbmZyYSUyMENBJTIwMDIoNCkuY3J0MFYGCCsGAQUFBzAChkpodHRwOi8vY3JsMi5hbWUuZ2JsL2FpYS9CTDJQS0lJTlRDQTAxLkFNRS5HQkxfQU1FJTIwSW5mcmElMjBDQSUyMDAyKDQpLmNydDBWBggrBgEFBQcwAoZKaHR0cDovL2NybDMuYW1lLmdibC9haWEvQkwyUEtJSU5UQ0EwMS5BTUUuR0JMX0FNRSUyMEluZnJhJTIwQ0ElMjAwMig0KS5jcnQwVgYIKwYBBQUHMAKGSmh0dHA6Ly9jcmw0LmFtZS5nYmwvYWlhL0JMMlBLSUlOVENBMDEuQU1FLkdCTF9BTUUlMjBJbmZyYSUyMENBJTIwMDIoNCkuY3J0MB0GA1UdDgQWBBQ7Uo6SICZvdsfQb4hxJfOTmnlMAzAOBgNVHQ8BAf8EBAMCBaAwggE1BgNVHR8EggEsMIIBKDCCASSgggEgoIIBHIZCaHR0cDovL2NybC5taWNyb3NvZnQuY29tL3BraWluZnJhL0NSTC9BTUUlMjBJbmZyYSUyMENBJTIwMDIoNCkuY3JshjRodHRwOi8vY3JsMS5hbWUuZ2JsL2NybC9BTUUlMjBJbmZyYSUyMENBJTIwMDIoNCkuY3JshjRodHRwOi8vY3JsMi5hbWUuZ2JsL2NybC9BTUUlMjBJbmZyYSUyMENBJTIwMDIoNCkuY3JshjRodHRwOi8vY3JsMy5hbWUuZ2JsL2NybC9BTUUlMjBJbmZyYSUyMENBJTIwMDIoNCkuY3JshjRodHRwOi8vY3JsNC5hbWUuZ2JsL2NybC9BTUUlMjBJbmZyYSUyMENBJTIwMDIoNCkuY3JsMIGdBgNVHSAEgZUwgZIwDAYKKwYBBAGCN3sBATBmBgorBgEEAYI3ewICMFgwVgYIKwYBBQUHAgIwSh5IADMAMwBlADAAMQA5ADIAMQAtADQAZAA2ADQALQA0AGYAOABjAC0AYQAwADUANQAtADUAYgBkAGEAZgBmAGQANQBlADMAMwBkMAwGCisGAQQBgjd7AwIwDAYKKwYBBAGCN3sEAjAfBgNVHSMEGDAWgBSuecJrXSWIEwb2BwnDl3x7l48dVTAdBgNVHSUEFjAUBggrBgEFBQcDAQYIKwYBBQUHAwIwDQYJKoZIhvcNAQELBQADggEBADp-OzkMAESDX27pXk3NL5_uU6RuCBkTjHnVxyWwp89arbWDWeL0FNU75N4hZMsK4FU9oUeatHrGk09j6u3o6qgzbyH7vWX9v5ijaUpNPeacRaMTpWvVZZLg6AERFF7oiplb-vCmLHZTMYbJH6dZI35unEEDgzD9n8QhuMBQ8dXhS145FHrAVc9nnNB25FQt29UfdpwrVFPQuEkgwKKCG8Qy5VDtGnceMRw2bnDwtYNngCgVmd2cPtwgizpflj_F8NURyxhnrQvuOwCkQavcJTq5RSXgEp3U471r3TZoEkKrAmcNF3Fyz5M0gOv6EQmdHg-lLMeFUmOVsXvWTlMjQQw&s=vLSfcf-2zohDBBQv19mrpcwWLobvNK8QiQ-FawAzFc5faqCG7VaV_ZHFMAgLpnFp6KVgCmLqkog2rqvCmIaNuVEYJT8NZ0raEYDy9riy27ih_nDPvz_d32WFZ_zrs2YfiU3hOOKBe2fujTZxh77i-4W84AxqKaGB3oY4grd6L9UgBr39JQ0euaijrgC-ZGp-yDXW1OBWi05HD3jLykUsmx_WH3BJocM-6HzLHSH_P25PAvTX2aI0EyKwySTNOGwj3bEptgmfG0JMqxBP0z8mKmsw_gHP5Lbrrfiv7GC5xY2Uxqo68cjmRasJR5rgs7d9wsRlFVeE5Y02F9qh_d6Nyg&h=qdLZq9xSlnFRrh3Pi4Yf3xUHCUSp0_MbaLSVYHYJHyA
  response:
    body:
      string: '{"name":"8fe50f9c-d2ae-41d4-889b-ab33a8c09db4","status":"InProgress","startTime":"2025-12-08T19:35:17.967Z"}'
    headers:
      cache-control:
      - no-cache
      content-length:
      - '108'
      content-type:
      - application/json; charset=utf-8
      date:
      - Mon, 08 Dec 2025 19:39:20 GMT
      expires:
      - '-1'
      pragma:
      - no-cache
      strict-transport-security:
      - max-age=31536000; includeSubDomains
      x-cache:
      - CONFIG_NOCACHE
      x-content-type-options:
      - nosniff
      x-ms-operation-identifier:
      - tenantId=72f988bf-86f1-41af-91ab-2d7cd011db47,objectId=f57d2932-2a78-450f-958a-e65997c3253b/eastus/a2a7b031-abb3-408d-8c7e-c4f1962b4f70
      x-ms-ratelimit-remaining-subscription-global-reads:
      - '16499'
      x-msedge-ref:
      - 'Ref A: B44DC50174AC4282918C89DF379D29F8 Ref B: MNZ221060618009 Ref C: 2025-12-08T19:39:20Z'
    status:
      code: 200
      message: OK
- request:
    body: null
    headers:
      Accept:
      - '*/*'
      Accept-Encoding:
      - gzip, deflate
      CommandName:
      - postgres flexible-server create
      Connection:
      - keep-alive
      ParameterSetName:
      - -g -n --backup-retention --sku-name --tier --storage-size -u --version --tags
        --high-availability --public-access
      User-Agent:
      - AZURECLI/2.81.0 azsdk-python-core/1.35.0 Python/3.13.10 (Windows-11-10.0.26200-SP0)
    method: GET
    uri: https://management.azure.com/subscriptions/00000000-0000-0000-0000-000000000000/providers/Microsoft.DBforPostgreSQL/locations/canadacentral/azureAsyncOperation/8fe50f9c-d2ae-41d4-889b-ab33a8c09db4?api-version=2025-08-01&t=639008193180368318&c=MIIHpTCCBo2gAwIBAgITfwY2O9Fi5lSmLyOBKgAEBjY70TANBgkqhkiG9w0BAQsFADBEMRMwEQYKCZImiZPyLGQBGRYDR0JMMRMwEQYKCZImiZPyLGQBGRYDQU1FMRgwFgYDVQQDEw9BTUUgSW5mcmEgQ0EgMDIwHhcNMjUxMDIwMDQxMjEwWhcNMjYwNDE4MDQxMjEwWjBAMT4wPAYDVQQDEzVhc3luY29wZXJhdGlvbnNpZ25pbmdjZXJ0aWZpY2F0ZS5tYW5hZ2VtZW50LmF6dXJlLmNvbTCCASIwDQYJKoZIhvcNAQEBBQADggEPADCCAQoCggEBAMHQm7ZXwmvz3bp_tBu0ZYNZMpMcRUJSHrld-E9b4RqS0ymmswmhM267lbAI2oCZNI82E4DZNNZApPYz9GqZQ2OYxE0G0E_dyvstulti8jSM29pm5HiR_hxNyzt_q0uSnmqQnWuxQMco30qz4XjZaQkJNBATBraJWnioUZtMKhrbXrMOMral9bW_6ba5EqNlc3iBHJ8x7dblRrVcao1gyCk1mEXz9vR8Ut0wZ-KLWuSUcbcS7CPzUuSYQ1eJdym4YYAqEQQM1z40lpqT6OlbqRLu3DC5dN2NbGHUPkHODMhUbKY3RnwHKdrKQbuDk16nRBjl2ZML6kXZGz_BMd-elV0CAwEAAaOCBJIwggSOMCcGCSsGAQQBgjcVCgQaMBgwCgYIKwYBBQUHAwEwCgYIKwYBBQUHAwIwPQYJKwYBBAGCNxUHBDAwLgYmKwYBBAGCNxUIhpDjDYTVtHiE8Ys-hZvdFs6dEoFghfmRS4WsmTQCAWQCAQcwggHaBggrBgEFBQcBAQSCAcwwggHIMGYGCCsGAQUFBzAChlpodHRwOi8vY3JsLm1pY3Jvc29mdC5jb20vcGtpaW5mcmEvQ2VydHMvQkwyUEtJSU5UQ0EwMS5BTUUuR0JMX0FNRSUyMEluZnJhJTIwQ0ElMjAwMig0KS5jcnQwVgYIKwYBBQUHMAKGSmh0dHA6Ly9jcmwxLmFtZS5nYmwvYWlhL0JMMlBLSUlOVENBMDEuQU1FLkdCTF9BTUUlMjBJbmZyYSUyMENBJTIwMDIoNCkuY3J0MFYGCCsGAQUFBzAChkpodHRwOi8vY3JsMi5hbWUuZ2JsL2FpYS9CTDJQS0lJTlRDQTAxLkFNRS5HQkxfQU1FJTIwSW5mcmElMjBDQSUyMDAyKDQpLmNydDBWBggrBgEFBQcwAoZKaHR0cDovL2NybDMuYW1lLmdibC9haWEvQkwyUEtJSU5UQ0EwMS5BTUUuR0JMX0FNRSUyMEluZnJhJTIwQ0ElMjAwMig0KS5jcnQwVgYIKwYBBQUHMAKGSmh0dHA6Ly9jcmw0LmFtZS5nYmwvYWlhL0JMMlBLSUlOVENBMDEuQU1FLkdCTF9BTUUlMjBJbmZyYSUyMENBJTIwMDIoNCkuY3J0MB0GA1UdDgQWBBQ7Uo6SICZvdsfQb4hxJfOTmnlMAzAOBgNVHQ8BAf8EBAMCBaAwggE1BgNVHR8EggEsMIIBKDCCASSgggEgoIIBHIZCaHR0cDovL2NybC5taWNyb3NvZnQuY29tL3BraWluZnJhL0NSTC9BTUUlMjBJbmZyYSUyMENBJTIwMDIoNCkuY3JshjRodHRwOi8vY3JsMS5hbWUuZ2JsL2NybC9BTUUlMjBJbmZyYSUyMENBJTIwMDIoNCkuY3JshjRodHRwOi8vY3JsMi5hbWUuZ2JsL2NybC9BTUUlMjBJbmZyYSUyMENBJTIwMDIoNCkuY3JshjRodHRwOi8vY3JsMy5hbWUuZ2JsL2NybC9BTUUlMjBJbmZyYSUyMENBJTIwMDIoNCkuY3JshjRodHRwOi8vY3JsNC5hbWUuZ2JsL2NybC9BTUUlMjBJbmZyYSUyMENBJTIwMDIoNCkuY3JsMIGdBgNVHSAEgZUwgZIwDAYKKwYBBAGCN3sBATBmBgorBgEEAYI3ewICMFgwVgYIKwYBBQUHAgIwSh5IADMAMwBlADAAMQA5ADIAMQAtADQAZAA2ADQALQA0AGYAOABjAC0AYQAwADUANQAtADUAYgBkAGEAZgBmAGQANQBlADMAMwBkMAwGCisGAQQBgjd7AwIwDAYKKwYBBAGCN3sEAjAfBgNVHSMEGDAWgBSuecJrXSWIEwb2BwnDl3x7l48dVTAdBgNVHSUEFjAUBggrBgEFBQcDAQYIKwYBBQUHAwIwDQYJKoZIhvcNAQELBQADggEBADp-OzkMAESDX27pXk3NL5_uU6RuCBkTjHnVxyWwp89arbWDWeL0FNU75N4hZMsK4FU9oUeatHrGk09j6u3o6qgzbyH7vWX9v5ijaUpNPeacRaMTpWvVZZLg6AERFF7oiplb-vCmLHZTMYbJH6dZI35unEEDgzD9n8QhuMBQ8dXhS145FHrAVc9nnNB25FQt29UfdpwrVFPQuEkgwKKCG8Qy5VDtGnceMRw2bnDwtYNngCgVmd2cPtwgizpflj_F8NURyxhnrQvuOwCkQavcJTq5RSXgEp3U471r3TZoEkKrAmcNF3Fyz5M0gOv6EQmdHg-lLMeFUmOVsXvWTlMjQQw&s=vLSfcf-2zohDBBQv19mrpcwWLobvNK8QiQ-FawAzFc5faqCG7VaV_ZHFMAgLpnFp6KVgCmLqkog2rqvCmIaNuVEYJT8NZ0raEYDy9riy27ih_nDPvz_d32WFZ_zrs2YfiU3hOOKBe2fujTZxh77i-4W84AxqKaGB3oY4grd6L9UgBr39JQ0euaijrgC-ZGp-yDXW1OBWi05HD3jLykUsmx_WH3BJocM-6HzLHSH_P25PAvTX2aI0EyKwySTNOGwj3bEptgmfG0JMqxBP0z8mKmsw_gHP5Lbrrfiv7GC5xY2Uxqo68cjmRasJR5rgs7d9wsRlFVeE5Y02F9qh_d6Nyg&h=qdLZq9xSlnFRrh3Pi4Yf3xUHCUSp0_MbaLSVYHYJHyA
  response:
    body:
      string: '{"name":"8fe50f9c-d2ae-41d4-889b-ab33a8c09db4","status":"InProgress","startTime":"2025-12-08T19:35:17.967Z"}'
    headers:
      cache-control:
      - no-cache
      content-length:
      - '108'
      content-type:
      - application/json; charset=utf-8
      date:
      - Mon, 08 Dec 2025 19:40:21 GMT
      expires:
      - '-1'
      pragma:
      - no-cache
      strict-transport-security:
      - max-age=31536000; includeSubDomains
      x-cache:
      - CONFIG_NOCACHE
      x-content-type-options:
      - nosniff
      x-ms-operation-identifier:
      - tenantId=72f988bf-86f1-41af-91ab-2d7cd011db47,objectId=f57d2932-2a78-450f-958a-e65997c3253b/eastus/6a24e660-8b2e-42b8-9f49-3734912c0208
      x-ms-ratelimit-remaining-subscription-global-reads:
      - '16499'
      x-msedge-ref:
      - 'Ref A: 709D023C440848BBAFCA63EA61A06F47 Ref B: MNZ221060619025 Ref C: 2025-12-08T19:40:21Z'
    status:
      code: 200
      message: OK
- request:
    body: null
    headers:
      Accept:
      - '*/*'
      Accept-Encoding:
      - gzip, deflate
      CommandName:
      - postgres flexible-server create
      Connection:
      - keep-alive
      ParameterSetName:
      - -g -n --backup-retention --sku-name --tier --storage-size -u --version --tags
        --high-availability --public-access
      User-Agent:
      - AZURECLI/2.81.0 azsdk-python-core/1.35.0 Python/3.13.10 (Windows-11-10.0.26200-SP0)
    method: GET
    uri: https://management.azure.com/subscriptions/00000000-0000-0000-0000-000000000000/providers/Microsoft.DBforPostgreSQL/locations/canadacentral/azureAsyncOperation/8fe50f9c-d2ae-41d4-889b-ab33a8c09db4?api-version=2025-08-01&t=639008193180368318&c=MIIHpTCCBo2gAwIBAgITfwY2O9Fi5lSmLyOBKgAEBjY70TANBgkqhkiG9w0BAQsFADBEMRMwEQYKCZImiZPyLGQBGRYDR0JMMRMwEQYKCZImiZPyLGQBGRYDQU1FMRgwFgYDVQQDEw9BTUUgSW5mcmEgQ0EgMDIwHhcNMjUxMDIwMDQxMjEwWhcNMjYwNDE4MDQxMjEwWjBAMT4wPAYDVQQDEzVhc3luY29wZXJhdGlvbnNpZ25pbmdjZXJ0aWZpY2F0ZS5tYW5hZ2VtZW50LmF6dXJlLmNvbTCCASIwDQYJKoZIhvcNAQEBBQADggEPADCCAQoCggEBAMHQm7ZXwmvz3bp_tBu0ZYNZMpMcRUJSHrld-E9b4RqS0ymmswmhM267lbAI2oCZNI82E4DZNNZApPYz9GqZQ2OYxE0G0E_dyvstulti8jSM29pm5HiR_hxNyzt_q0uSnmqQnWuxQMco30qz4XjZaQkJNBATBraJWnioUZtMKhrbXrMOMral9bW_6ba5EqNlc3iBHJ8x7dblRrVcao1gyCk1mEXz9vR8Ut0wZ-KLWuSUcbcS7CPzUuSYQ1eJdym4YYAqEQQM1z40lpqT6OlbqRLu3DC5dN2NbGHUPkHODMhUbKY3RnwHKdrKQbuDk16nRBjl2ZML6kXZGz_BMd-elV0CAwEAAaOCBJIwggSOMCcGCSsGAQQBgjcVCgQaMBgwCgYIKwYBBQUHAwEwCgYIKwYBBQUHAwIwPQYJKwYBBAGCNxUHBDAwLgYmKwYBBAGCNxUIhpDjDYTVtHiE8Ys-hZvdFs6dEoFghfmRS4WsmTQCAWQCAQcwggHaBggrBgEFBQcBAQSCAcwwggHIMGYGCCsGAQUFBzAChlpodHRwOi8vY3JsLm1pY3Jvc29mdC5jb20vcGtpaW5mcmEvQ2VydHMvQkwyUEtJSU5UQ0EwMS5BTUUuR0JMX0FNRSUyMEluZnJhJTIwQ0ElMjAwMig0KS5jcnQwVgYIKwYBBQUHMAKGSmh0dHA6Ly9jcmwxLmFtZS5nYmwvYWlhL0JMMlBLSUlOVENBMDEuQU1FLkdCTF9BTUUlMjBJbmZyYSUyMENBJTIwMDIoNCkuY3J0MFYGCCsGAQUFBzAChkpodHRwOi8vY3JsMi5hbWUuZ2JsL2FpYS9CTDJQS0lJTlRDQTAxLkFNRS5HQkxfQU1FJTIwSW5mcmElMjBDQSUyMDAyKDQpLmNydDBWBggrBgEFBQcwAoZKaHR0cDovL2NybDMuYW1lLmdibC9haWEvQkwyUEtJSU5UQ0EwMS5BTUUuR0JMX0FNRSUyMEluZnJhJTIwQ0ElMjAwMig0KS5jcnQwVgYIKwYBBQUHMAKGSmh0dHA6Ly9jcmw0LmFtZS5nYmwvYWlhL0JMMlBLSUlOVENBMDEuQU1FLkdCTF9BTUUlMjBJbmZyYSUyMENBJTIwMDIoNCkuY3J0MB0GA1UdDgQWBBQ7Uo6SICZvdsfQb4hxJfOTmnlMAzAOBgNVHQ8BAf8EBAMCBaAwggE1BgNVHR8EggEsMIIBKDCCASSgggEgoIIBHIZCaHR0cDovL2NybC5taWNyb3NvZnQuY29tL3BraWluZnJhL0NSTC9BTUUlMjBJbmZyYSUyMENBJTIwMDIoNCkuY3JshjRodHRwOi8vY3JsMS5hbWUuZ2JsL2NybC9BTUUlMjBJbmZyYSUyMENBJTIwMDIoNCkuY3JshjRodHRwOi8vY3JsMi5hbWUuZ2JsL2NybC9BTUUlMjBJbmZyYSUyMENBJTIwMDIoNCkuY3JshjRodHRwOi8vY3JsMy5hbWUuZ2JsL2NybC9BTUUlMjBJbmZyYSUyMENBJTIwMDIoNCkuY3JshjRodHRwOi8vY3JsNC5hbWUuZ2JsL2NybC9BTUUlMjBJbmZyYSUyMENBJTIwMDIoNCkuY3JsMIGdBgNVHSAEgZUwgZIwDAYKKwYBBAGCN3sBATBmBgorBgEEAYI3ewICMFgwVgYIKwYBBQUHAgIwSh5IADMAMwBlADAAMQA5ADIAMQAtADQAZAA2ADQALQA0AGYAOABjAC0AYQAwADUANQAtADUAYgBkAGEAZgBmAGQANQBlADMAMwBkMAwGCisGAQQBgjd7AwIwDAYKKwYBBAGCN3sEAjAfBgNVHSMEGDAWgBSuecJrXSWIEwb2BwnDl3x7l48dVTAdBgNVHSUEFjAUBggrBgEFBQcDAQYIKwYBBQUHAwIwDQYJKoZIhvcNAQELBQADggEBADp-OzkMAESDX27pXk3NL5_uU6RuCBkTjHnVxyWwp89arbWDWeL0FNU75N4hZMsK4FU9oUeatHrGk09j6u3o6qgzbyH7vWX9v5ijaUpNPeacRaMTpWvVZZLg6AERFF7oiplb-vCmLHZTMYbJH6dZI35unEEDgzD9n8QhuMBQ8dXhS145FHrAVc9nnNB25FQt29UfdpwrVFPQuEkgwKKCG8Qy5VDtGnceMRw2bnDwtYNngCgVmd2cPtwgizpflj_F8NURyxhnrQvuOwCkQavcJTq5RSXgEp3U471r3TZoEkKrAmcNF3Fyz5M0gOv6EQmdHg-lLMeFUmOVsXvWTlMjQQw&s=vLSfcf-2zohDBBQv19mrpcwWLobvNK8QiQ-FawAzFc5faqCG7VaV_ZHFMAgLpnFp6KVgCmLqkog2rqvCmIaNuVEYJT8NZ0raEYDy9riy27ih_nDPvz_d32WFZ_zrs2YfiU3hOOKBe2fujTZxh77i-4W84AxqKaGB3oY4grd6L9UgBr39JQ0euaijrgC-ZGp-yDXW1OBWi05HD3jLykUsmx_WH3BJocM-6HzLHSH_P25PAvTX2aI0EyKwySTNOGwj3bEptgmfG0JMqxBP0z8mKmsw_gHP5Lbrrfiv7GC5xY2Uxqo68cjmRasJR5rgs7d9wsRlFVeE5Y02F9qh_d6Nyg&h=qdLZq9xSlnFRrh3Pi4Yf3xUHCUSp0_MbaLSVYHYJHyA
  response:
    body:
      string: '{"name":"8fe50f9c-d2ae-41d4-889b-ab33a8c09db4","status":"InProgress","startTime":"2025-12-08T19:35:17.967Z"}'
    headers:
      cache-control:
      - no-cache
      content-length:
      - '108'
      content-type:
      - application/json; charset=utf-8
      date:
      - Mon, 08 Dec 2025 19:41:21 GMT
      expires:
      - '-1'
      pragma:
      - no-cache
      strict-transport-security:
      - max-age=31536000; includeSubDomains
      x-cache:
      - CONFIG_NOCACHE
      x-content-type-options:
      - nosniff
      x-ms-operation-identifier:
      - tenantId=72f988bf-86f1-41af-91ab-2d7cd011db47,objectId=f57d2932-2a78-450f-958a-e65997c3253b/eastus/10d00aac-6be5-4050-adf2-f56c46a5d674
      x-ms-ratelimit-remaining-subscription-global-reads:
      - '16499'
      x-msedge-ref:
      - 'Ref A: 1D295DE2E12B482686870822F0E23EA5 Ref B: BL2AA2011006025 Ref C: 2025-12-08T19:41:21Z'
    status:
      code: 200
      message: OK
- request:
    body: null
    headers:
      Accept:
      - '*/*'
      Accept-Encoding:
      - gzip, deflate
      CommandName:
      - postgres flexible-server create
      Connection:
      - keep-alive
      ParameterSetName:
      - -g -n --backup-retention --sku-name --tier --storage-size -u --version --tags
        --high-availability --public-access
      User-Agent:
      - AZURECLI/2.81.0 azsdk-python-core/1.35.0 Python/3.13.10 (Windows-11-10.0.26200-SP0)
    method: GET
    uri: https://management.azure.com/subscriptions/00000000-0000-0000-0000-000000000000/providers/Microsoft.DBforPostgreSQL/locations/canadacentral/azureAsyncOperation/8fe50f9c-d2ae-41d4-889b-ab33a8c09db4?api-version=2025-08-01&t=639008193180368318&c=MIIHpTCCBo2gAwIBAgITfwY2O9Fi5lSmLyOBKgAEBjY70TANBgkqhkiG9w0BAQsFADBEMRMwEQYKCZImiZPyLGQBGRYDR0JMMRMwEQYKCZImiZPyLGQBGRYDQU1FMRgwFgYDVQQDEw9BTUUgSW5mcmEgQ0EgMDIwHhcNMjUxMDIwMDQxMjEwWhcNMjYwNDE4MDQxMjEwWjBAMT4wPAYDVQQDEzVhc3luY29wZXJhdGlvbnNpZ25pbmdjZXJ0aWZpY2F0ZS5tYW5hZ2VtZW50LmF6dXJlLmNvbTCCASIwDQYJKoZIhvcNAQEBBQADggEPADCCAQoCggEBAMHQm7ZXwmvz3bp_tBu0ZYNZMpMcRUJSHrld-E9b4RqS0ymmswmhM267lbAI2oCZNI82E4DZNNZApPYz9GqZQ2OYxE0G0E_dyvstulti8jSM29pm5HiR_hxNyzt_q0uSnmqQnWuxQMco30qz4XjZaQkJNBATBraJWnioUZtMKhrbXrMOMral9bW_6ba5EqNlc3iBHJ8x7dblRrVcao1gyCk1mEXz9vR8Ut0wZ-KLWuSUcbcS7CPzUuSYQ1eJdym4YYAqEQQM1z40lpqT6OlbqRLu3DC5dN2NbGHUPkHODMhUbKY3RnwHKdrKQbuDk16nRBjl2ZML6kXZGz_BMd-elV0CAwEAAaOCBJIwggSOMCcGCSsGAQQBgjcVCgQaMBgwCgYIKwYBBQUHAwEwCgYIKwYBBQUHAwIwPQYJKwYBBAGCNxUHBDAwLgYmKwYBBAGCNxUIhpDjDYTVtHiE8Ys-hZvdFs6dEoFghfmRS4WsmTQCAWQCAQcwggHaBggrBgEFBQcBAQSCAcwwggHIMGYGCCsGAQUFBzAChlpodHRwOi8vY3JsLm1pY3Jvc29mdC5jb20vcGtpaW5mcmEvQ2VydHMvQkwyUEtJSU5UQ0EwMS5BTUUuR0JMX0FNRSUyMEluZnJhJTIwQ0ElMjAwMig0KS5jcnQwVgYIKwYBBQUHMAKGSmh0dHA6Ly9jcmwxLmFtZS5nYmwvYWlhL0JMMlBLSUlOVENBMDEuQU1FLkdCTF9BTUUlMjBJbmZyYSUyMENBJTIwMDIoNCkuY3J0MFYGCCsGAQUFBzAChkpodHRwOi8vY3JsMi5hbWUuZ2JsL2FpYS9CTDJQS0lJTlRDQTAxLkFNRS5HQkxfQU1FJTIwSW5mcmElMjBDQSUyMDAyKDQpLmNydDBWBggrBgEFBQcwAoZKaHR0cDovL2NybDMuYW1lLmdibC9haWEvQkwyUEtJSU5UQ0EwMS5BTUUuR0JMX0FNRSUyMEluZnJhJTIwQ0ElMjAwMig0KS5jcnQwVgYIKwYBBQUHMAKGSmh0dHA6Ly9jcmw0LmFtZS5nYmwvYWlhL0JMMlBLSUlOVENBMDEuQU1FLkdCTF9BTUUlMjBJbmZyYSUyMENBJTIwMDIoNCkuY3J0MB0GA1UdDgQWBBQ7Uo6SICZvdsfQb4hxJfOTmnlMAzAOBgNVHQ8BAf8EBAMCBaAwggE1BgNVHR8EggEsMIIBKDCCASSgggEgoIIBHIZCaHR0cDovL2NybC5taWNyb3NvZnQuY29tL3BraWluZnJhL0NSTC9BTUUlMjBJbmZyYSUyMENBJTIwMDIoNCkuY3JshjRodHRwOi8vY3JsMS5hbWUuZ2JsL2NybC9BTUUlMjBJbmZyYSUyMENBJTIwMDIoNCkuY3JshjRodHRwOi8vY3JsMi5hbWUuZ2JsL2NybC9BTUUlMjBJbmZyYSUyMENBJTIwMDIoNCkuY3JshjRodHRwOi8vY3JsMy5hbWUuZ2JsL2NybC9BTUUlMjBJbmZyYSUyMENBJTIwMDIoNCkuY3JshjRodHRwOi8vY3JsNC5hbWUuZ2JsL2NybC9BTUUlMjBJbmZyYSUyMENBJTIwMDIoNCkuY3JsMIGdBgNVHSAEgZUwgZIwDAYKKwYBBAGCN3sBATBmBgorBgEEAYI3ewICMFgwVgYIKwYBBQUHAgIwSh5IADMAMwBlADAAMQA5ADIAMQAtADQAZAA2ADQALQA0AGYAOABjAC0AYQAwADUANQAtADUAYgBkAGEAZgBmAGQANQBlADMAMwBkMAwGCisGAQQBgjd7AwIwDAYKKwYBBAGCN3sEAjAfBgNVHSMEGDAWgBSuecJrXSWIEwb2BwnDl3x7l48dVTAdBgNVHSUEFjAUBggrBgEFBQcDAQYIKwYBBQUHAwIwDQYJKoZIhvcNAQELBQADggEBADp-OzkMAESDX27pXk3NL5_uU6RuCBkTjHnVxyWwp89arbWDWeL0FNU75N4hZMsK4FU9oUeatHrGk09j6u3o6qgzbyH7vWX9v5ijaUpNPeacRaMTpWvVZZLg6AERFF7oiplb-vCmLHZTMYbJH6dZI35unEEDgzD9n8QhuMBQ8dXhS145FHrAVc9nnNB25FQt29UfdpwrVFPQuEkgwKKCG8Qy5VDtGnceMRw2bnDwtYNngCgVmd2cPtwgizpflj_F8NURyxhnrQvuOwCkQavcJTq5RSXgEp3U471r3TZoEkKrAmcNF3Fyz5M0gOv6EQmdHg-lLMeFUmOVsXvWTlMjQQw&s=vLSfcf-2zohDBBQv19mrpcwWLobvNK8QiQ-FawAzFc5faqCG7VaV_ZHFMAgLpnFp6KVgCmLqkog2rqvCmIaNuVEYJT8NZ0raEYDy9riy27ih_nDPvz_d32WFZ_zrs2YfiU3hOOKBe2fujTZxh77i-4W84AxqKaGB3oY4grd6L9UgBr39JQ0euaijrgC-ZGp-yDXW1OBWi05HD3jLykUsmx_WH3BJocM-6HzLHSH_P25PAvTX2aI0EyKwySTNOGwj3bEptgmfG0JMqxBP0z8mKmsw_gHP5Lbrrfiv7GC5xY2Uxqo68cjmRasJR5rgs7d9wsRlFVeE5Y02F9qh_d6Nyg&h=qdLZq9xSlnFRrh3Pi4Yf3xUHCUSp0_MbaLSVYHYJHyA
  response:
    body:
      string: '{"name":"8fe50f9c-d2ae-41d4-889b-ab33a8c09db4","status":"InProgress","startTime":"2025-12-08T19:35:17.967Z"}'
    headers:
      cache-control:
      - no-cache
      content-length:
      - '108'
      content-type:
      - application/json; charset=utf-8
      date:
      - Mon, 08 Dec 2025 19:42:21 GMT
      expires:
      - '-1'
      pragma:
      - no-cache
      strict-transport-security:
      - max-age=31536000; includeSubDomains
      x-cache:
      - CONFIG_NOCACHE
      x-content-type-options:
      - nosniff
      x-ms-operation-identifier:
      - tenantId=72f988bf-86f1-41af-91ab-2d7cd011db47,objectId=f57d2932-2a78-450f-958a-e65997c3253b/eastus2/bdcaf5ca-12f1-4871-a570-460ad084b119
      x-ms-ratelimit-remaining-subscription-global-reads:
      - '16499'
      x-msedge-ref:
      - 'Ref A: CCB4132F076F49CFAB104400F9342244 Ref B: BL2AA2010204049 Ref C: 2025-12-08T19:42:22Z'
    status:
      code: 200
      message: OK
- request:
    body: null
    headers:
      Accept:
      - '*/*'
      Accept-Encoding:
      - gzip, deflate
      CommandName:
      - postgres flexible-server create
      Connection:
      - keep-alive
      ParameterSetName:
      - -g -n --backup-retention --sku-name --tier --storage-size -u --version --tags
        --high-availability --public-access
      User-Agent:
      - AZURECLI/2.81.0 azsdk-python-core/1.35.0 Python/3.13.10 (Windows-11-10.0.26200-SP0)
    method: GET
    uri: https://management.azure.com/subscriptions/00000000-0000-0000-0000-000000000000/providers/Microsoft.DBforPostgreSQL/locations/canadacentral/azureAsyncOperation/8fe50f9c-d2ae-41d4-889b-ab33a8c09db4?api-version=2025-08-01&t=639008193180368318&c=MIIHpTCCBo2gAwIBAgITfwY2O9Fi5lSmLyOBKgAEBjY70TANBgkqhkiG9w0BAQsFADBEMRMwEQYKCZImiZPyLGQBGRYDR0JMMRMwEQYKCZImiZPyLGQBGRYDQU1FMRgwFgYDVQQDEw9BTUUgSW5mcmEgQ0EgMDIwHhcNMjUxMDIwMDQxMjEwWhcNMjYwNDE4MDQxMjEwWjBAMT4wPAYDVQQDEzVhc3luY29wZXJhdGlvbnNpZ25pbmdjZXJ0aWZpY2F0ZS5tYW5hZ2VtZW50LmF6dXJlLmNvbTCCASIwDQYJKoZIhvcNAQEBBQADggEPADCCAQoCggEBAMHQm7ZXwmvz3bp_tBu0ZYNZMpMcRUJSHrld-E9b4RqS0ymmswmhM267lbAI2oCZNI82E4DZNNZApPYz9GqZQ2OYxE0G0E_dyvstulti8jSM29pm5HiR_hxNyzt_q0uSnmqQnWuxQMco30qz4XjZaQkJNBATBraJWnioUZtMKhrbXrMOMral9bW_6ba5EqNlc3iBHJ8x7dblRrVcao1gyCk1mEXz9vR8Ut0wZ-KLWuSUcbcS7CPzUuSYQ1eJdym4YYAqEQQM1z40lpqT6OlbqRLu3DC5dN2NbGHUPkHODMhUbKY3RnwHKdrKQbuDk16nRBjl2ZML6kXZGz_BMd-elV0CAwEAAaOCBJIwggSOMCcGCSsGAQQBgjcVCgQaMBgwCgYIKwYBBQUHAwEwCgYIKwYBBQUHAwIwPQYJKwYBBAGCNxUHBDAwLgYmKwYBBAGCNxUIhpDjDYTVtHiE8Ys-hZvdFs6dEoFghfmRS4WsmTQCAWQCAQcwggHaBggrBgEFBQcBAQSCAcwwggHIMGYGCCsGAQUFBzAChlpodHRwOi8vY3JsLm1pY3Jvc29mdC5jb20vcGtpaW5mcmEvQ2VydHMvQkwyUEtJSU5UQ0EwMS5BTUUuR0JMX0FNRSUyMEluZnJhJTIwQ0ElMjAwMig0KS5jcnQwVgYIKwYBBQUHMAKGSmh0dHA6Ly9jcmwxLmFtZS5nYmwvYWlhL0JMMlBLSUlOVENBMDEuQU1FLkdCTF9BTUUlMjBJbmZyYSUyMENBJTIwMDIoNCkuY3J0MFYGCCsGAQUFBzAChkpodHRwOi8vY3JsMi5hbWUuZ2JsL2FpYS9CTDJQS0lJTlRDQTAxLkFNRS5HQkxfQU1FJTIwSW5mcmElMjBDQSUyMDAyKDQpLmNydDBWBggrBgEFBQcwAoZKaHR0cDovL2NybDMuYW1lLmdibC9haWEvQkwyUEtJSU5UQ0EwMS5BTUUuR0JMX0FNRSUyMEluZnJhJTIwQ0ElMjAwMig0KS5jcnQwVgYIKwYBBQUHMAKGSmh0dHA6Ly9jcmw0LmFtZS5nYmwvYWlhL0JMMlBLSUlOVENBMDEuQU1FLkdCTF9BTUUlMjBJbmZyYSUyMENBJTIwMDIoNCkuY3J0MB0GA1UdDgQWBBQ7Uo6SICZvdsfQb4hxJfOTmnlMAzAOBgNVHQ8BAf8EBAMCBaAwggE1BgNVHR8EggEsMIIBKDCCASSgggEgoIIBHIZCaHR0cDovL2NybC5taWNyb3NvZnQuY29tL3BraWluZnJhL0NSTC9BTUUlMjBJbmZyYSUyMENBJTIwMDIoNCkuY3JshjRodHRwOi8vY3JsMS5hbWUuZ2JsL2NybC9BTUUlMjBJbmZyYSUyMENBJTIwMDIoNCkuY3JshjRodHRwOi8vY3JsMi5hbWUuZ2JsL2NybC9BTUUlMjBJbmZyYSUyMENBJTIwMDIoNCkuY3JshjRodHRwOi8vY3JsMy5hbWUuZ2JsL2NybC9BTUUlMjBJbmZyYSUyMENBJTIwMDIoNCkuY3JshjRodHRwOi8vY3JsNC5hbWUuZ2JsL2NybC9BTUUlMjBJbmZyYSUyMENBJTIwMDIoNCkuY3JsMIGdBgNVHSAEgZUwgZIwDAYKKwYBBAGCN3sBATBmBgorBgEEAYI3ewICMFgwVgYIKwYBBQUHAgIwSh5IADMAMwBlADAAMQA5ADIAMQAtADQAZAA2ADQALQA0AGYAOABjAC0AYQAwADUANQAtADUAYgBkAGEAZgBmAGQANQBlADMAMwBkMAwGCisGAQQBgjd7AwIwDAYKKwYBBAGCN3sEAjAfBgNVHSMEGDAWgBSuecJrXSWIEwb2BwnDl3x7l48dVTAdBgNVHSUEFjAUBggrBgEFBQcDAQYIKwYBBQUHAwIwDQYJKoZIhvcNAQELBQADggEBADp-OzkMAESDX27pXk3NL5_uU6RuCBkTjHnVxyWwp89arbWDWeL0FNU75N4hZMsK4FU9oUeatHrGk09j6u3o6qgzbyH7vWX9v5ijaUpNPeacRaMTpWvVZZLg6AERFF7oiplb-vCmLHZTMYbJH6dZI35unEEDgzD9n8QhuMBQ8dXhS145FHrAVc9nnNB25FQt29UfdpwrVFPQuEkgwKKCG8Qy5VDtGnceMRw2bnDwtYNngCgVmd2cPtwgizpflj_F8NURyxhnrQvuOwCkQavcJTq5RSXgEp3U471r3TZoEkKrAmcNF3Fyz5M0gOv6EQmdHg-lLMeFUmOVsXvWTlMjQQw&s=vLSfcf-2zohDBBQv19mrpcwWLobvNK8QiQ-FawAzFc5faqCG7VaV_ZHFMAgLpnFp6KVgCmLqkog2rqvCmIaNuVEYJT8NZ0raEYDy9riy27ih_nDPvz_d32WFZ_zrs2YfiU3hOOKBe2fujTZxh77i-4W84AxqKaGB3oY4grd6L9UgBr39JQ0euaijrgC-ZGp-yDXW1OBWi05HD3jLykUsmx_WH3BJocM-6HzLHSH_P25PAvTX2aI0EyKwySTNOGwj3bEptgmfG0JMqxBP0z8mKmsw_gHP5Lbrrfiv7GC5xY2Uxqo68cjmRasJR5rgs7d9wsRlFVeE5Y02F9qh_d6Nyg&h=qdLZq9xSlnFRrh3Pi4Yf3xUHCUSp0_MbaLSVYHYJHyA
  response:
    body:
      string: '{"name":"8fe50f9c-d2ae-41d4-889b-ab33a8c09db4","status":"InProgress","startTime":"2025-12-08T19:35:17.967Z"}'
    headers:
      cache-control:
      - no-cache
      content-length:
      - '108'
      content-type:
      - application/json; charset=utf-8
      date:
      - Mon, 08 Dec 2025 19:43:22 GMT
      expires:
      - '-1'
      pragma:
      - no-cache
      strict-transport-security:
      - max-age=31536000; includeSubDomains
      x-cache:
      - CONFIG_NOCACHE
      x-content-type-options:
      - nosniff
      x-ms-operation-identifier:
      - tenantId=72f988bf-86f1-41af-91ab-2d7cd011db47,objectId=f57d2932-2a78-450f-958a-e65997c3253b/eastus/bef7aa15-8476-4032-aaa6-2cc458eec3f7
      x-ms-ratelimit-remaining-subscription-global-reads:
      - '16499'
      x-msedge-ref:
      - 'Ref A: C8D284421CE24616BEBC0D3FC5EDA877 Ref B: BL2AA2030101029 Ref C: 2025-12-08T19:43:22Z'
    status:
      code: 200
      message: OK
- request:
    body: null
    headers:
      Accept:
      - '*/*'
      Accept-Encoding:
      - gzip, deflate
      CommandName:
      - postgres flexible-server create
      Connection:
      - keep-alive
      ParameterSetName:
      - -g -n --backup-retention --sku-name --tier --storage-size -u --version --tags
        --high-availability --public-access
      User-Agent:
      - AZURECLI/2.81.0 azsdk-python-core/1.35.0 Python/3.13.10 (Windows-11-10.0.26200-SP0)
    method: GET
    uri: https://management.azure.com/subscriptions/00000000-0000-0000-0000-000000000000/providers/Microsoft.DBforPostgreSQL/locations/canadacentral/azureAsyncOperation/8fe50f9c-d2ae-41d4-889b-ab33a8c09db4?api-version=2025-08-01&t=639008193180368318&c=MIIHpTCCBo2gAwIBAgITfwY2O9Fi5lSmLyOBKgAEBjY70TANBgkqhkiG9w0BAQsFADBEMRMwEQYKCZImiZPyLGQBGRYDR0JMMRMwEQYKCZImiZPyLGQBGRYDQU1FMRgwFgYDVQQDEw9BTUUgSW5mcmEgQ0EgMDIwHhcNMjUxMDIwMDQxMjEwWhcNMjYwNDE4MDQxMjEwWjBAMT4wPAYDVQQDEzVhc3luY29wZXJhdGlvbnNpZ25pbmdjZXJ0aWZpY2F0ZS5tYW5hZ2VtZW50LmF6dXJlLmNvbTCCASIwDQYJKoZIhvcNAQEBBQADggEPADCCAQoCggEBAMHQm7ZXwmvz3bp_tBu0ZYNZMpMcRUJSHrld-E9b4RqS0ymmswmhM267lbAI2oCZNI82E4DZNNZApPYz9GqZQ2OYxE0G0E_dyvstulti8jSM29pm5HiR_hxNyzt_q0uSnmqQnWuxQMco30qz4XjZaQkJNBATBraJWnioUZtMKhrbXrMOMral9bW_6ba5EqNlc3iBHJ8x7dblRrVcao1gyCk1mEXz9vR8Ut0wZ-KLWuSUcbcS7CPzUuSYQ1eJdym4YYAqEQQM1z40lpqT6OlbqRLu3DC5dN2NbGHUPkHODMhUbKY3RnwHKdrKQbuDk16nRBjl2ZML6kXZGz_BMd-elV0CAwEAAaOCBJIwggSOMCcGCSsGAQQBgjcVCgQaMBgwCgYIKwYBBQUHAwEwCgYIKwYBBQUHAwIwPQYJKwYBBAGCNxUHBDAwLgYmKwYBBAGCNxUIhpDjDYTVtHiE8Ys-hZvdFs6dEoFghfmRS4WsmTQCAWQCAQcwggHaBggrBgEFBQcBAQSCAcwwggHIMGYGCCsGAQUFBzAChlpodHRwOi8vY3JsLm1pY3Jvc29mdC5jb20vcGtpaW5mcmEvQ2VydHMvQkwyUEtJSU5UQ0EwMS5BTUUuR0JMX0FNRSUyMEluZnJhJTIwQ0ElMjAwMig0KS5jcnQwVgYIKwYBBQUHMAKGSmh0dHA6Ly9jcmwxLmFtZS5nYmwvYWlhL0JMMlBLSUlOVENBMDEuQU1FLkdCTF9BTUUlMjBJbmZyYSUyMENBJTIwMDIoNCkuY3J0MFYGCCsGAQUFBzAChkpodHRwOi8vY3JsMi5hbWUuZ2JsL2FpYS9CTDJQS0lJTlRDQTAxLkFNRS5HQkxfQU1FJTIwSW5mcmElMjBDQSUyMDAyKDQpLmNydDBWBggrBgEFBQcwAoZKaHR0cDovL2NybDMuYW1lLmdibC9haWEvQkwyUEtJSU5UQ0EwMS5BTUUuR0JMX0FNRSUyMEluZnJhJTIwQ0ElMjAwMig0KS5jcnQwVgYIKwYBBQUHMAKGSmh0dHA6Ly9jcmw0LmFtZS5nYmwvYWlhL0JMMlBLSUlOVENBMDEuQU1FLkdCTF9BTUUlMjBJbmZyYSUyMENBJTIwMDIoNCkuY3J0MB0GA1UdDgQWBBQ7Uo6SICZvdsfQb4hxJfOTmnlMAzAOBgNVHQ8BAf8EBAMCBaAwggE1BgNVHR8EggEsMIIBKDCCASSgggEgoIIBHIZCaHR0cDovL2NybC5taWNyb3NvZnQuY29tL3BraWluZnJhL0NSTC9BTUUlMjBJbmZyYSUyMENBJTIwMDIoNCkuY3JshjRodHRwOi8vY3JsMS5hbWUuZ2JsL2NybC9BTUUlMjBJbmZyYSUyMENBJTIwMDIoNCkuY3JshjRodHRwOi8vY3JsMi5hbWUuZ2JsL2NybC9BTUUlMjBJbmZyYSUyMENBJTIwMDIoNCkuY3JshjRodHRwOi8vY3JsMy5hbWUuZ2JsL2NybC9BTUUlMjBJbmZyYSUyMENBJTIwMDIoNCkuY3JshjRodHRwOi8vY3JsNC5hbWUuZ2JsL2NybC9BTUUlMjBJbmZyYSUyMENBJTIwMDIoNCkuY3JsMIGdBgNVHSAEgZUwgZIwDAYKKwYBBAGCN3sBATBmBgorBgEEAYI3ewICMFgwVgYIKwYBBQUHAgIwSh5IADMAMwBlADAAMQA5ADIAMQAtADQAZAA2ADQALQA0AGYAOABjAC0AYQAwADUANQAtADUAYgBkAGEAZgBmAGQANQBlADMAMwBkMAwGCisGAQQBgjd7AwIwDAYKKwYBBAGCN3sEAjAfBgNVHSMEGDAWgBSuecJrXSWIEwb2BwnDl3x7l48dVTAdBgNVHSUEFjAUBggrBgEFBQcDAQYIKwYBBQUHAwIwDQYJKoZIhvcNAQELBQADggEBADp-OzkMAESDX27pXk3NL5_uU6RuCBkTjHnVxyWwp89arbWDWeL0FNU75N4hZMsK4FU9oUeatHrGk09j6u3o6qgzbyH7vWX9v5ijaUpNPeacRaMTpWvVZZLg6AERFF7oiplb-vCmLHZTMYbJH6dZI35unEEDgzD9n8QhuMBQ8dXhS145FHrAVc9nnNB25FQt29UfdpwrVFPQuEkgwKKCG8Qy5VDtGnceMRw2bnDwtYNngCgVmd2cPtwgizpflj_F8NURyxhnrQvuOwCkQavcJTq5RSXgEp3U471r3TZoEkKrAmcNF3Fyz5M0gOv6EQmdHg-lLMeFUmOVsXvWTlMjQQw&s=vLSfcf-2zohDBBQv19mrpcwWLobvNK8QiQ-FawAzFc5faqCG7VaV_ZHFMAgLpnFp6KVgCmLqkog2rqvCmIaNuVEYJT8NZ0raEYDy9riy27ih_nDPvz_d32WFZ_zrs2YfiU3hOOKBe2fujTZxh77i-4W84AxqKaGB3oY4grd6L9UgBr39JQ0euaijrgC-ZGp-yDXW1OBWi05HD3jLykUsmx_WH3BJocM-6HzLHSH_P25PAvTX2aI0EyKwySTNOGwj3bEptgmfG0JMqxBP0z8mKmsw_gHP5Lbrrfiv7GC5xY2Uxqo68cjmRasJR5rgs7d9wsRlFVeE5Y02F9qh_d6Nyg&h=qdLZq9xSlnFRrh3Pi4Yf3xUHCUSp0_MbaLSVYHYJHyA
  response:
    body:
      string: '{"name":"8fe50f9c-d2ae-41d4-889b-ab33a8c09db4","status":"InProgress","startTime":"2025-12-08T19:35:17.967Z"}'
    headers:
      cache-control:
      - no-cache
      content-length:
      - '108'
      content-type:
      - application/json; charset=utf-8
      date:
      - Mon, 08 Dec 2025 19:44:23 GMT
      expires:
      - '-1'
      pragma:
      - no-cache
      strict-transport-security:
      - max-age=31536000; includeSubDomains
      x-cache:
      - CONFIG_NOCACHE
      x-content-type-options:
      - nosniff
      x-ms-operation-identifier:
      - tenantId=72f988bf-86f1-41af-91ab-2d7cd011db47,objectId=f57d2932-2a78-450f-958a-e65997c3253b/eastus/d75c415e-04d4-4cad-8858-796d2b881647
      x-ms-ratelimit-remaining-subscription-global-reads:
      - '16499'
      x-msedge-ref:
      - 'Ref A: DF0360D1A2214C7AAC6730B6708BE0A2 Ref B: BL2AA2030101023 Ref C: 2025-12-08T19:44:22Z'
    status:
      code: 200
      message: OK
- request:
    body: null
    headers:
      Accept:
      - '*/*'
      Accept-Encoding:
      - gzip, deflate
      CommandName:
      - postgres flexible-server create
      Connection:
      - keep-alive
      ParameterSetName:
      - -g -n --backup-retention --sku-name --tier --storage-size -u --version --tags
        --high-availability --public-access
      User-Agent:
      - AZURECLI/2.81.0 azsdk-python-core/1.35.0 Python/3.13.10 (Windows-11-10.0.26200-SP0)
    method: GET
    uri: https://management.azure.com/subscriptions/00000000-0000-0000-0000-000000000000/providers/Microsoft.DBforPostgreSQL/locations/canadacentral/azureAsyncOperation/8fe50f9c-d2ae-41d4-889b-ab33a8c09db4?api-version=2025-08-01&t=639008193180368318&c=MIIHpTCCBo2gAwIBAgITfwY2O9Fi5lSmLyOBKgAEBjY70TANBgkqhkiG9w0BAQsFADBEMRMwEQYKCZImiZPyLGQBGRYDR0JMMRMwEQYKCZImiZPyLGQBGRYDQU1FMRgwFgYDVQQDEw9BTUUgSW5mcmEgQ0EgMDIwHhcNMjUxMDIwMDQxMjEwWhcNMjYwNDE4MDQxMjEwWjBAMT4wPAYDVQQDEzVhc3luY29wZXJhdGlvbnNpZ25pbmdjZXJ0aWZpY2F0ZS5tYW5hZ2VtZW50LmF6dXJlLmNvbTCCASIwDQYJKoZIhvcNAQEBBQADggEPADCCAQoCggEBAMHQm7ZXwmvz3bp_tBu0ZYNZMpMcRUJSHrld-E9b4RqS0ymmswmhM267lbAI2oCZNI82E4DZNNZApPYz9GqZQ2OYxE0G0E_dyvstulti8jSM29pm5HiR_hxNyzt_q0uSnmqQnWuxQMco30qz4XjZaQkJNBATBraJWnioUZtMKhrbXrMOMral9bW_6ba5EqNlc3iBHJ8x7dblRrVcao1gyCk1mEXz9vR8Ut0wZ-KLWuSUcbcS7CPzUuSYQ1eJdym4YYAqEQQM1z40lpqT6OlbqRLu3DC5dN2NbGHUPkHODMhUbKY3RnwHKdrKQbuDk16nRBjl2ZML6kXZGz_BMd-elV0CAwEAAaOCBJIwggSOMCcGCSsGAQQBgjcVCgQaMBgwCgYIKwYBBQUHAwEwCgYIKwYBBQUHAwIwPQYJKwYBBAGCNxUHBDAwLgYmKwYBBAGCNxUIhpDjDYTVtHiE8Ys-hZvdFs6dEoFghfmRS4WsmTQCAWQCAQcwggHaBggrBgEFBQcBAQSCAcwwggHIMGYGCCsGAQUFBzAChlpodHRwOi8vY3JsLm1pY3Jvc29mdC5jb20vcGtpaW5mcmEvQ2VydHMvQkwyUEtJSU5UQ0EwMS5BTUUuR0JMX0FNRSUyMEluZnJhJTIwQ0ElMjAwMig0KS5jcnQwVgYIKwYBBQUHMAKGSmh0dHA6Ly9jcmwxLmFtZS5nYmwvYWlhL0JMMlBLSUlOVENBMDEuQU1FLkdCTF9BTUUlMjBJbmZyYSUyMENBJTIwMDIoNCkuY3J0MFYGCCsGAQUFBzAChkpodHRwOi8vY3JsMi5hbWUuZ2JsL2FpYS9CTDJQS0lJTlRDQTAxLkFNRS5HQkxfQU1FJTIwSW5mcmElMjBDQSUyMDAyKDQpLmNydDBWBggrBgEFBQcwAoZKaHR0cDovL2NybDMuYW1lLmdibC9haWEvQkwyUEtJSU5UQ0EwMS5BTUUuR0JMX0FNRSUyMEluZnJhJTIwQ0ElMjAwMig0KS5jcnQwVgYIKwYBBQUHMAKGSmh0dHA6Ly9jcmw0LmFtZS5nYmwvYWlhL0JMMlBLSUlOVENBMDEuQU1FLkdCTF9BTUUlMjBJbmZyYSUyMENBJTIwMDIoNCkuY3J0MB0GA1UdDgQWBBQ7Uo6SICZvdsfQb4hxJfOTmnlMAzAOBgNVHQ8BAf8EBAMCBaAwggE1BgNVHR8EggEsMIIBKDCCASSgggEgoIIBHIZCaHR0cDovL2NybC5taWNyb3NvZnQuY29tL3BraWluZnJhL0NSTC9BTUUlMjBJbmZyYSUyMENBJTIwMDIoNCkuY3JshjRodHRwOi8vY3JsMS5hbWUuZ2JsL2NybC9BTUUlMjBJbmZyYSUyMENBJTIwMDIoNCkuY3JshjRodHRwOi8vY3JsMi5hbWUuZ2JsL2NybC9BTUUlMjBJbmZyYSUyMENBJTIwMDIoNCkuY3JshjRodHRwOi8vY3JsMy5hbWUuZ2JsL2NybC9BTUUlMjBJbmZyYSUyMENBJTIwMDIoNCkuY3JshjRodHRwOi8vY3JsNC5hbWUuZ2JsL2NybC9BTUUlMjBJbmZyYSUyMENBJTIwMDIoNCkuY3JsMIGdBgNVHSAEgZUwgZIwDAYKKwYBBAGCN3sBATBmBgorBgEEAYI3ewICMFgwVgYIKwYBBQUHAgIwSh5IADMAMwBlADAAMQA5ADIAMQAtADQAZAA2ADQALQA0AGYAOABjAC0AYQAwADUANQAtADUAYgBkAGEAZgBmAGQANQBlADMAMwBkMAwGCisGAQQBgjd7AwIwDAYKKwYBBAGCN3sEAjAfBgNVHSMEGDAWgBSuecJrXSWIEwb2BwnDl3x7l48dVTAdBgNVHSUEFjAUBggrBgEFBQcDAQYIKwYBBQUHAwIwDQYJKoZIhvcNAQELBQADggEBADp-OzkMAESDX27pXk3NL5_uU6RuCBkTjHnVxyWwp89arbWDWeL0FNU75N4hZMsK4FU9oUeatHrGk09j6u3o6qgzbyH7vWX9v5ijaUpNPeacRaMTpWvVZZLg6AERFF7oiplb-vCmLHZTMYbJH6dZI35unEEDgzD9n8QhuMBQ8dXhS145FHrAVc9nnNB25FQt29UfdpwrVFPQuEkgwKKCG8Qy5VDtGnceMRw2bnDwtYNngCgVmd2cPtwgizpflj_F8NURyxhnrQvuOwCkQavcJTq5RSXgEp3U471r3TZoEkKrAmcNF3Fyz5M0gOv6EQmdHg-lLMeFUmOVsXvWTlMjQQw&s=vLSfcf-2zohDBBQv19mrpcwWLobvNK8QiQ-FawAzFc5faqCG7VaV_ZHFMAgLpnFp6KVgCmLqkog2rqvCmIaNuVEYJT8NZ0raEYDy9riy27ih_nDPvz_d32WFZ_zrs2YfiU3hOOKBe2fujTZxh77i-4W84AxqKaGB3oY4grd6L9UgBr39JQ0euaijrgC-ZGp-yDXW1OBWi05HD3jLykUsmx_WH3BJocM-6HzLHSH_P25PAvTX2aI0EyKwySTNOGwj3bEptgmfG0JMqxBP0z8mKmsw_gHP5Lbrrfiv7GC5xY2Uxqo68cjmRasJR5rgs7d9wsRlFVeE5Y02F9qh_d6Nyg&h=qdLZq9xSlnFRrh3Pi4Yf3xUHCUSp0_MbaLSVYHYJHyA
  response:
    body:
      string: '{"name":"8fe50f9c-d2ae-41d4-889b-ab33a8c09db4","status":"InProgress","startTime":"2025-12-08T19:35:17.967Z"}'
    headers:
      cache-control:
      - no-cache
      content-length:
      - '108'
      content-type:
      - application/json; charset=utf-8
      date:
      - Mon, 08 Dec 2025 19:45:23 GMT
      expires:
      - '-1'
      pragma:
      - no-cache
      strict-transport-security:
      - max-age=31536000; includeSubDomains
      x-cache:
      - CONFIG_NOCACHE
      x-content-type-options:
      - nosniff
      x-ms-operation-identifier:
      - tenantId=72f988bf-86f1-41af-91ab-2d7cd011db47,objectId=f57d2932-2a78-450f-958a-e65997c3253b/canadacentral/e4a9baf2-77cc-4c97-a830-5412a7429caa
      x-ms-ratelimit-remaining-subscription-global-reads:
      - '16499'
      x-msedge-ref:
      - 'Ref A: 0FCD533599F4449391FA9C1BC043B055 Ref B: BL2AA2010204005 Ref C: 2025-12-08T19:45:23Z'
    status:
      code: 200
      message: OK
- request:
    body: null
    headers:
      Accept:
      - '*/*'
      Accept-Encoding:
      - gzip, deflate
      CommandName:
      - postgres flexible-server create
      Connection:
      - keep-alive
      ParameterSetName:
      - -g -n --backup-retention --sku-name --tier --storage-size -u --version --tags
        --high-availability --public-access
      User-Agent:
      - AZURECLI/2.81.0 azsdk-python-core/1.35.0 Python/3.13.10 (Windows-11-10.0.26200-SP0)
    method: GET
    uri: https://management.azure.com/subscriptions/00000000-0000-0000-0000-000000000000/providers/Microsoft.DBforPostgreSQL/locations/canadacentral/azureAsyncOperation/8fe50f9c-d2ae-41d4-889b-ab33a8c09db4?api-version=2025-08-01&t=639008193180368318&c=MIIHpTCCBo2gAwIBAgITfwY2O9Fi5lSmLyOBKgAEBjY70TANBgkqhkiG9w0BAQsFADBEMRMwEQYKCZImiZPyLGQBGRYDR0JMMRMwEQYKCZImiZPyLGQBGRYDQU1FMRgwFgYDVQQDEw9BTUUgSW5mcmEgQ0EgMDIwHhcNMjUxMDIwMDQxMjEwWhcNMjYwNDE4MDQxMjEwWjBAMT4wPAYDVQQDEzVhc3luY29wZXJhdGlvbnNpZ25pbmdjZXJ0aWZpY2F0ZS5tYW5hZ2VtZW50LmF6dXJlLmNvbTCCASIwDQYJKoZIhvcNAQEBBQADggEPADCCAQoCggEBAMHQm7ZXwmvz3bp_tBu0ZYNZMpMcRUJSHrld-E9b4RqS0ymmswmhM267lbAI2oCZNI82E4DZNNZApPYz9GqZQ2OYxE0G0E_dyvstulti8jSM29pm5HiR_hxNyzt_q0uSnmqQnWuxQMco30qz4XjZaQkJNBATBraJWnioUZtMKhrbXrMOMral9bW_6ba5EqNlc3iBHJ8x7dblRrVcao1gyCk1mEXz9vR8Ut0wZ-KLWuSUcbcS7CPzUuSYQ1eJdym4YYAqEQQM1z40lpqT6OlbqRLu3DC5dN2NbGHUPkHODMhUbKY3RnwHKdrKQbuDk16nRBjl2ZML6kXZGz_BMd-elV0CAwEAAaOCBJIwggSOMCcGCSsGAQQBgjcVCgQaMBgwCgYIKwYBBQUHAwEwCgYIKwYBBQUHAwIwPQYJKwYBBAGCNxUHBDAwLgYmKwYBBAGCNxUIhpDjDYTVtHiE8Ys-hZvdFs6dEoFghfmRS4WsmTQCAWQCAQcwggHaBggrBgEFBQcBAQSCAcwwggHIMGYGCCsGAQUFBzAChlpodHRwOi8vY3JsLm1pY3Jvc29mdC5jb20vcGtpaW5mcmEvQ2VydHMvQkwyUEtJSU5UQ0EwMS5BTUUuR0JMX0FNRSUyMEluZnJhJTIwQ0ElMjAwMig0KS5jcnQwVgYIKwYBBQUHMAKGSmh0dHA6Ly9jcmwxLmFtZS5nYmwvYWlhL0JMMlBLSUlOVENBMDEuQU1FLkdCTF9BTUUlMjBJbmZyYSUyMENBJTIwMDIoNCkuY3J0MFYGCCsGAQUFBzAChkpodHRwOi8vY3JsMi5hbWUuZ2JsL2FpYS9CTDJQS0lJTlRDQTAxLkFNRS5HQkxfQU1FJTIwSW5mcmElMjBDQSUyMDAyKDQpLmNydDBWBggrBgEFBQcwAoZKaHR0cDovL2NybDMuYW1lLmdibC9haWEvQkwyUEtJSU5UQ0EwMS5BTUUuR0JMX0FNRSUyMEluZnJhJTIwQ0ElMjAwMig0KS5jcnQwVgYIKwYBBQUHMAKGSmh0dHA6Ly9jcmw0LmFtZS5nYmwvYWlhL0JMMlBLSUlOVENBMDEuQU1FLkdCTF9BTUUlMjBJbmZyYSUyMENBJTIwMDIoNCkuY3J0MB0GA1UdDgQWBBQ7Uo6SICZvdsfQb4hxJfOTmnlMAzAOBgNVHQ8BAf8EBAMCBaAwggE1BgNVHR8EggEsMIIBKDCCASSgggEgoIIBHIZCaHR0cDovL2NybC5taWNyb3NvZnQuY29tL3BraWluZnJhL0NSTC9BTUUlMjBJbmZyYSUyMENBJTIwMDIoNCkuY3JshjRodHRwOi8vY3JsMS5hbWUuZ2JsL2NybC9BTUUlMjBJbmZyYSUyMENBJTIwMDIoNCkuY3JshjRodHRwOi8vY3JsMi5hbWUuZ2JsL2NybC9BTUUlMjBJbmZyYSUyMENBJTIwMDIoNCkuY3JshjRodHRwOi8vY3JsMy5hbWUuZ2JsL2NybC9BTUUlMjBJbmZyYSUyMENBJTIwMDIoNCkuY3JshjRodHRwOi8vY3JsNC5hbWUuZ2JsL2NybC9BTUUlMjBJbmZyYSUyMENBJTIwMDIoNCkuY3JsMIGdBgNVHSAEgZUwgZIwDAYKKwYBBAGCN3sBATBmBgorBgEEAYI3ewICMFgwVgYIKwYBBQUHAgIwSh5IADMAMwBlADAAMQA5ADIAMQAtADQAZAA2ADQALQA0AGYAOABjAC0AYQAwADUANQAtADUAYgBkAGEAZgBmAGQANQBlADMAMwBkMAwGCisGAQQBgjd7AwIwDAYKKwYBBAGCN3sEAjAfBgNVHSMEGDAWgBSuecJrXSWIEwb2BwnDl3x7l48dVTAdBgNVHSUEFjAUBggrBgEFBQcDAQYIKwYBBQUHAwIwDQYJKoZIhvcNAQELBQADggEBADp-OzkMAESDX27pXk3NL5_uU6RuCBkTjHnVxyWwp89arbWDWeL0FNU75N4hZMsK4FU9oUeatHrGk09j6u3o6qgzbyH7vWX9v5ijaUpNPeacRaMTpWvVZZLg6AERFF7oiplb-vCmLHZTMYbJH6dZI35unEEDgzD9n8QhuMBQ8dXhS145FHrAVc9nnNB25FQt29UfdpwrVFPQuEkgwKKCG8Qy5VDtGnceMRw2bnDwtYNngCgVmd2cPtwgizpflj_F8NURyxhnrQvuOwCkQavcJTq5RSXgEp3U471r3TZoEkKrAmcNF3Fyz5M0gOv6EQmdHg-lLMeFUmOVsXvWTlMjQQw&s=vLSfcf-2zohDBBQv19mrpcwWLobvNK8QiQ-FawAzFc5faqCG7VaV_ZHFMAgLpnFp6KVgCmLqkog2rqvCmIaNuVEYJT8NZ0raEYDy9riy27ih_nDPvz_d32WFZ_zrs2YfiU3hOOKBe2fujTZxh77i-4W84AxqKaGB3oY4grd6L9UgBr39JQ0euaijrgC-ZGp-yDXW1OBWi05HD3jLykUsmx_WH3BJocM-6HzLHSH_P25PAvTX2aI0EyKwySTNOGwj3bEptgmfG0JMqxBP0z8mKmsw_gHP5Lbrrfiv7GC5xY2Uxqo68cjmRasJR5rgs7d9wsRlFVeE5Y02F9qh_d6Nyg&h=qdLZq9xSlnFRrh3Pi4Yf3xUHCUSp0_MbaLSVYHYJHyA
  response:
    body:
      string: '{"name":"8fe50f9c-d2ae-41d4-889b-ab33a8c09db4","status":"InProgress","startTime":"2025-12-08T19:35:17.967Z"}'
    headers:
      cache-control:
      - no-cache
      content-length:
      - '108'
      content-type:
      - application/json; charset=utf-8
      date:
      - Mon, 08 Dec 2025 19:46:23 GMT
      expires:
      - '-1'
      pragma:
      - no-cache
      strict-transport-security:
      - max-age=31536000; includeSubDomains
      x-cache:
      - CONFIG_NOCACHE
      x-content-type-options:
      - nosniff
      x-ms-operation-identifier:
      - tenantId=72f988bf-86f1-41af-91ab-2d7cd011db47,objectId=f57d2932-2a78-450f-958a-e65997c3253b/eastus2/bc9ad8ad-a6d6-4653-90d3-fc4c5752eb9b
      x-ms-ratelimit-remaining-subscription-global-reads:
      - '16499'
      x-msedge-ref:
      - 'Ref A: 1DB28E401F7F49B0B3169D0022DE2B1D Ref B: BL2AA2010205009 Ref C: 2025-12-08T19:46:23Z'
    status:
      code: 200
      message: OK
- request:
    body: null
    headers:
      Accept:
      - '*/*'
      Accept-Encoding:
      - gzip, deflate
      CommandName:
      - postgres flexible-server create
      Connection:
      - keep-alive
      ParameterSetName:
      - -g -n --backup-retention --sku-name --tier --storage-size -u --version --tags
        --high-availability --public-access
      User-Agent:
      - AZURECLI/2.81.0 azsdk-python-core/1.35.0 Python/3.13.10 (Windows-11-10.0.26200-SP0)
    method: GET
    uri: https://management.azure.com/subscriptions/00000000-0000-0000-0000-000000000000/providers/Microsoft.DBforPostgreSQL/locations/canadacentral/azureAsyncOperation/8fe50f9c-d2ae-41d4-889b-ab33a8c09db4?api-version=2025-08-01&t=639008193180368318&c=MIIHpTCCBo2gAwIBAgITfwY2O9Fi5lSmLyOBKgAEBjY70TANBgkqhkiG9w0BAQsFADBEMRMwEQYKCZImiZPyLGQBGRYDR0JMMRMwEQYKCZImiZPyLGQBGRYDQU1FMRgwFgYDVQQDEw9BTUUgSW5mcmEgQ0EgMDIwHhcNMjUxMDIwMDQxMjEwWhcNMjYwNDE4MDQxMjEwWjBAMT4wPAYDVQQDEzVhc3luY29wZXJhdGlvbnNpZ25pbmdjZXJ0aWZpY2F0ZS5tYW5hZ2VtZW50LmF6dXJlLmNvbTCCASIwDQYJKoZIhvcNAQEBBQADggEPADCCAQoCggEBAMHQm7ZXwmvz3bp_tBu0ZYNZMpMcRUJSHrld-E9b4RqS0ymmswmhM267lbAI2oCZNI82E4DZNNZApPYz9GqZQ2OYxE0G0E_dyvstulti8jSM29pm5HiR_hxNyzt_q0uSnmqQnWuxQMco30qz4XjZaQkJNBATBraJWnioUZtMKhrbXrMOMral9bW_6ba5EqNlc3iBHJ8x7dblRrVcao1gyCk1mEXz9vR8Ut0wZ-KLWuSUcbcS7CPzUuSYQ1eJdym4YYAqEQQM1z40lpqT6OlbqRLu3DC5dN2NbGHUPkHODMhUbKY3RnwHKdrKQbuDk16nRBjl2ZML6kXZGz_BMd-elV0CAwEAAaOCBJIwggSOMCcGCSsGAQQBgjcVCgQaMBgwCgYIKwYBBQUHAwEwCgYIKwYBBQUHAwIwPQYJKwYBBAGCNxUHBDAwLgYmKwYBBAGCNxUIhpDjDYTVtHiE8Ys-hZvdFs6dEoFghfmRS4WsmTQCAWQCAQcwggHaBggrBgEFBQcBAQSCAcwwggHIMGYGCCsGAQUFBzAChlpodHRwOi8vY3JsLm1pY3Jvc29mdC5jb20vcGtpaW5mcmEvQ2VydHMvQkwyUEtJSU5UQ0EwMS5BTUUuR0JMX0FNRSUyMEluZnJhJTIwQ0ElMjAwMig0KS5jcnQwVgYIKwYBBQUHMAKGSmh0dHA6Ly9jcmwxLmFtZS5nYmwvYWlhL0JMMlBLSUlOVENBMDEuQU1FLkdCTF9BTUUlMjBJbmZyYSUyMENBJTIwMDIoNCkuY3J0MFYGCCsGAQUFBzAChkpodHRwOi8vY3JsMi5hbWUuZ2JsL2FpYS9CTDJQS0lJTlRDQTAxLkFNRS5HQkxfQU1FJTIwSW5mcmElMjBDQSUyMDAyKDQpLmNydDBWBggrBgEFBQcwAoZKaHR0cDovL2NybDMuYW1lLmdibC9haWEvQkwyUEtJSU5UQ0EwMS5BTUUuR0JMX0FNRSUyMEluZnJhJTIwQ0ElMjAwMig0KS5jcnQwVgYIKwYBBQUHMAKGSmh0dHA6Ly9jcmw0LmFtZS5nYmwvYWlhL0JMMlBLSUlOVENBMDEuQU1FLkdCTF9BTUUlMjBJbmZyYSUyMENBJTIwMDIoNCkuY3J0MB0GA1UdDgQWBBQ7Uo6SICZvdsfQb4hxJfOTmnlMAzAOBgNVHQ8BAf8EBAMCBaAwggE1BgNVHR8EggEsMIIBKDCCASSgggEgoIIBHIZCaHR0cDovL2NybC5taWNyb3NvZnQuY29tL3BraWluZnJhL0NSTC9BTUUlMjBJbmZyYSUyMENBJTIwMDIoNCkuY3JshjRodHRwOi8vY3JsMS5hbWUuZ2JsL2NybC9BTUUlMjBJbmZyYSUyMENBJTIwMDIoNCkuY3JshjRodHRwOi8vY3JsMi5hbWUuZ2JsL2NybC9BTUUlMjBJbmZyYSUyMENBJTIwMDIoNCkuY3JshjRodHRwOi8vY3JsMy5hbWUuZ2JsL2NybC9BTUUlMjBJbmZyYSUyMENBJTIwMDIoNCkuY3JshjRodHRwOi8vY3JsNC5hbWUuZ2JsL2NybC9BTUUlMjBJbmZyYSUyMENBJTIwMDIoNCkuY3JsMIGdBgNVHSAEgZUwgZIwDAYKKwYBBAGCN3sBATBmBgorBgEEAYI3ewICMFgwVgYIKwYBBQUHAgIwSh5IADMAMwBlADAAMQA5ADIAMQAtADQAZAA2ADQALQA0AGYAOABjAC0AYQAwADUANQAtADUAYgBkAGEAZgBmAGQANQBlADMAMwBkMAwGCisGAQQBgjd7AwIwDAYKKwYBBAGCN3sEAjAfBgNVHSMEGDAWgBSuecJrXSWIEwb2BwnDl3x7l48dVTAdBgNVHSUEFjAUBggrBgEFBQcDAQYIKwYBBQUHAwIwDQYJKoZIhvcNAQELBQADggEBADp-OzkMAESDX27pXk3NL5_uU6RuCBkTjHnVxyWwp89arbWDWeL0FNU75N4hZMsK4FU9oUeatHrGk09j6u3o6qgzbyH7vWX9v5ijaUpNPeacRaMTpWvVZZLg6AERFF7oiplb-vCmLHZTMYbJH6dZI35unEEDgzD9n8QhuMBQ8dXhS145FHrAVc9nnNB25FQt29UfdpwrVFPQuEkgwKKCG8Qy5VDtGnceMRw2bnDwtYNngCgVmd2cPtwgizpflj_F8NURyxhnrQvuOwCkQavcJTq5RSXgEp3U471r3TZoEkKrAmcNF3Fyz5M0gOv6EQmdHg-lLMeFUmOVsXvWTlMjQQw&s=vLSfcf-2zohDBBQv19mrpcwWLobvNK8QiQ-FawAzFc5faqCG7VaV_ZHFMAgLpnFp6KVgCmLqkog2rqvCmIaNuVEYJT8NZ0raEYDy9riy27ih_nDPvz_d32WFZ_zrs2YfiU3hOOKBe2fujTZxh77i-4W84AxqKaGB3oY4grd6L9UgBr39JQ0euaijrgC-ZGp-yDXW1OBWi05HD3jLykUsmx_WH3BJocM-6HzLHSH_P25PAvTX2aI0EyKwySTNOGwj3bEptgmfG0JMqxBP0z8mKmsw_gHP5Lbrrfiv7GC5xY2Uxqo68cjmRasJR5rgs7d9wsRlFVeE5Y02F9qh_d6Nyg&h=qdLZq9xSlnFRrh3Pi4Yf3xUHCUSp0_MbaLSVYHYJHyA
  response:
    body:
      string: '{"name":"8fe50f9c-d2ae-41d4-889b-ab33a8c09db4","status":"InProgress","startTime":"2025-12-08T19:35:17.967Z"}'
    headers:
      cache-control:
      - no-cache
      content-length:
      - '108'
      content-type:
      - application/json; charset=utf-8
      date:
      - Mon, 08 Dec 2025 19:47:23 GMT
      expires:
      - '-1'
      pragma:
      - no-cache
      strict-transport-security:
      - max-age=31536000; includeSubDomains
      x-cache:
      - CONFIG_NOCACHE
      x-content-type-options:
      - nosniff
      x-ms-operation-identifier:
      - tenantId=72f988bf-86f1-41af-91ab-2d7cd011db47,objectId=f57d2932-2a78-450f-958a-e65997c3253b/canadacentral/541fa1aa-64d6-443b-86b2-18d14e9e173a
      x-ms-ratelimit-remaining-subscription-global-reads:
      - '16499'
      x-msedge-ref:
      - 'Ref A: 54B7FC186327400D86BF1BDBF00034CE Ref B: BL2AA2011004034 Ref C: 2025-12-08T19:47:24Z'
    status:
      code: 200
      message: OK
- request:
    body: null
    headers:
      Accept:
      - '*/*'
      Accept-Encoding:
      - gzip, deflate
      CommandName:
      - postgres flexible-server create
      Connection:
      - keep-alive
      ParameterSetName:
      - -g -n --backup-retention --sku-name --tier --storage-size -u --version --tags
        --high-availability --public-access
      User-Agent:
      - AZURECLI/2.81.0 azsdk-python-core/1.35.0 Python/3.13.10 (Windows-11-10.0.26200-SP0)
    method: GET
    uri: https://management.azure.com/subscriptions/00000000-0000-0000-0000-000000000000/providers/Microsoft.DBforPostgreSQL/locations/canadacentral/azureAsyncOperation/8fe50f9c-d2ae-41d4-889b-ab33a8c09db4?api-version=2025-08-01&t=639008193180368318&c=MIIHpTCCBo2gAwIBAgITfwY2O9Fi5lSmLyOBKgAEBjY70TANBgkqhkiG9w0BAQsFADBEMRMwEQYKCZImiZPyLGQBGRYDR0JMMRMwEQYKCZImiZPyLGQBGRYDQU1FMRgwFgYDVQQDEw9BTUUgSW5mcmEgQ0EgMDIwHhcNMjUxMDIwMDQxMjEwWhcNMjYwNDE4MDQxMjEwWjBAMT4wPAYDVQQDEzVhc3luY29wZXJhdGlvbnNpZ25pbmdjZXJ0aWZpY2F0ZS5tYW5hZ2VtZW50LmF6dXJlLmNvbTCCASIwDQYJKoZIhvcNAQEBBQADggEPADCCAQoCggEBAMHQm7ZXwmvz3bp_tBu0ZYNZMpMcRUJSHrld-E9b4RqS0ymmswmhM267lbAI2oCZNI82E4DZNNZApPYz9GqZQ2OYxE0G0E_dyvstulti8jSM29pm5HiR_hxNyzt_q0uSnmqQnWuxQMco30qz4XjZaQkJNBATBraJWnioUZtMKhrbXrMOMral9bW_6ba5EqNlc3iBHJ8x7dblRrVcao1gyCk1mEXz9vR8Ut0wZ-KLWuSUcbcS7CPzUuSYQ1eJdym4YYAqEQQM1z40lpqT6OlbqRLu3DC5dN2NbGHUPkHODMhUbKY3RnwHKdrKQbuDk16nRBjl2ZML6kXZGz_BMd-elV0CAwEAAaOCBJIwggSOMCcGCSsGAQQBgjcVCgQaMBgwCgYIKwYBBQUHAwEwCgYIKwYBBQUHAwIwPQYJKwYBBAGCNxUHBDAwLgYmKwYBBAGCNxUIhpDjDYTVtHiE8Ys-hZvdFs6dEoFghfmRS4WsmTQCAWQCAQcwggHaBggrBgEFBQcBAQSCAcwwggHIMGYGCCsGAQUFBzAChlpodHRwOi8vY3JsLm1pY3Jvc29mdC5jb20vcGtpaW5mcmEvQ2VydHMvQkwyUEtJSU5UQ0EwMS5BTUUuR0JMX0FNRSUyMEluZnJhJTIwQ0ElMjAwMig0KS5jcnQwVgYIKwYBBQUHMAKGSmh0dHA6Ly9jcmwxLmFtZS5nYmwvYWlhL0JMMlBLSUlOVENBMDEuQU1FLkdCTF9BTUUlMjBJbmZyYSUyMENBJTIwMDIoNCkuY3J0MFYGCCsGAQUFBzAChkpodHRwOi8vY3JsMi5hbWUuZ2JsL2FpYS9CTDJQS0lJTlRDQTAxLkFNRS5HQkxfQU1FJTIwSW5mcmElMjBDQSUyMDAyKDQpLmNydDBWBggrBgEFBQcwAoZKaHR0cDovL2NybDMuYW1lLmdibC9haWEvQkwyUEtJSU5UQ0EwMS5BTUUuR0JMX0FNRSUyMEluZnJhJTIwQ0ElMjAwMig0KS5jcnQwVgYIKwYBBQUHMAKGSmh0dHA6Ly9jcmw0LmFtZS5nYmwvYWlhL0JMMlBLSUlOVENBMDEuQU1FLkdCTF9BTUUlMjBJbmZyYSUyMENBJTIwMDIoNCkuY3J0MB0GA1UdDgQWBBQ7Uo6SICZvdsfQb4hxJfOTmnlMAzAOBgNVHQ8BAf8EBAMCBaAwggE1BgNVHR8EggEsMIIBKDCCASSgggEgoIIBHIZCaHR0cDovL2NybC5taWNyb3NvZnQuY29tL3BraWluZnJhL0NSTC9BTUUlMjBJbmZyYSUyMENBJTIwMDIoNCkuY3JshjRodHRwOi8vY3JsMS5hbWUuZ2JsL2NybC9BTUUlMjBJbmZyYSUyMENBJTIwMDIoNCkuY3JshjRodHRwOi8vY3JsMi5hbWUuZ2JsL2NybC9BTUUlMjBJbmZyYSUyMENBJTIwMDIoNCkuY3JshjRodHRwOi8vY3JsMy5hbWUuZ2JsL2NybC9BTUUlMjBJbmZyYSUyMENBJTIwMDIoNCkuY3JshjRodHRwOi8vY3JsNC5hbWUuZ2JsL2NybC9BTUUlMjBJbmZyYSUyMENBJTIwMDIoNCkuY3JsMIGdBgNVHSAEgZUwgZIwDAYKKwYBBAGCN3sBATBmBgorBgEEAYI3ewICMFgwVgYIKwYBBQUHAgIwSh5IADMAMwBlADAAMQA5ADIAMQAtADQAZAA2ADQALQA0AGYAOABjAC0AYQAwADUANQAtADUAYgBkAGEAZgBmAGQANQBlADMAMwBkMAwGCisGAQQBgjd7AwIwDAYKKwYBBAGCN3sEAjAfBgNVHSMEGDAWgBSuecJrXSWIEwb2BwnDl3x7l48dVTAdBgNVHSUEFjAUBggrBgEFBQcDAQYIKwYBBQUHAwIwDQYJKoZIhvcNAQELBQADggEBADp-OzkMAESDX27pXk3NL5_uU6RuCBkTjHnVxyWwp89arbWDWeL0FNU75N4hZMsK4FU9oUeatHrGk09j6u3o6qgzbyH7vWX9v5ijaUpNPeacRaMTpWvVZZLg6AERFF7oiplb-vCmLHZTMYbJH6dZI35unEEDgzD9n8QhuMBQ8dXhS145FHrAVc9nnNB25FQt29UfdpwrVFPQuEkgwKKCG8Qy5VDtGnceMRw2bnDwtYNngCgVmd2cPtwgizpflj_F8NURyxhnrQvuOwCkQavcJTq5RSXgEp3U471r3TZoEkKrAmcNF3Fyz5M0gOv6EQmdHg-lLMeFUmOVsXvWTlMjQQw&s=vLSfcf-2zohDBBQv19mrpcwWLobvNK8QiQ-FawAzFc5faqCG7VaV_ZHFMAgLpnFp6KVgCmLqkog2rqvCmIaNuVEYJT8NZ0raEYDy9riy27ih_nDPvz_d32WFZ_zrs2YfiU3hOOKBe2fujTZxh77i-4W84AxqKaGB3oY4grd6L9UgBr39JQ0euaijrgC-ZGp-yDXW1OBWi05HD3jLykUsmx_WH3BJocM-6HzLHSH_P25PAvTX2aI0EyKwySTNOGwj3bEptgmfG0JMqxBP0z8mKmsw_gHP5Lbrrfiv7GC5xY2Uxqo68cjmRasJR5rgs7d9wsRlFVeE5Y02F9qh_d6Nyg&h=qdLZq9xSlnFRrh3Pi4Yf3xUHCUSp0_MbaLSVYHYJHyA
  response:
    body:
      string: '{"name":"8fe50f9c-d2ae-41d4-889b-ab33a8c09db4","status":"Succeeded","startTime":"2025-12-08T19:35:17.967Z"}'
    headers:
      cache-control:
      - no-cache
      content-length:
      - '107'
      content-type:
      - application/json; charset=utf-8
      date:
      - Mon, 08 Dec 2025 19:48:24 GMT
      expires:
      - '-1'
      pragma:
      - no-cache
      strict-transport-security:
      - max-age=31536000; includeSubDomains
      x-cache:
      - CONFIG_NOCACHE
      x-content-type-options:
      - nosniff
      x-ms-operation-identifier:
      - tenantId=72f988bf-86f1-41af-91ab-2d7cd011db47,objectId=f57d2932-2a78-450f-958a-e65997c3253b/eastus2/de2fa9f2-c783-493b-a2e7-10f49ccc8115
      x-ms-ratelimit-remaining-subscription-global-reads:
      - '16499'
      x-msedge-ref:
      - 'Ref A: E1B73AF4931A41BB8474FC788B40633D Ref B: BL2AA2011003042 Ref C: 2025-12-08T19:48:24Z'
    status:
      code: 200
      message: OK
- request:
    body: null
    headers:
      Accept:
      - '*/*'
      Accept-Encoding:
      - gzip, deflate
      CommandName:
      - postgres flexible-server create
      Connection:
      - keep-alive
      ParameterSetName:
      - -g -n --backup-retention --sku-name --tier --storage-size -u --version --tags
        --high-availability --public-access
      User-Agent:
      - AZURECLI/2.81.0 azsdk-python-core/1.35.0 Python/3.13.10 (Windows-11-10.0.26200-SP0)
    method: GET
    uri: https://management.azure.com/subscriptions/00000000-0000-0000-0000-000000000000/resourceGroups/random_rg000004/providers/Microsoft.DBforPostgreSQL/flexibleServers/azuredbclitest-000002?api-version=2025-08-01
  response:
    body:
      string: '{"sku":{"name":"Standard_D2ds_v5","tier":"GeneralPurpose"},"systemData":{"createdAt":"2025-12-08T19:35:26.6243313Z"},"properties":{"replica":{"role":"Primary","capacity":10},"storage":{"type":"","iops":500,"tier":"P10","storageSizeGB":128,"autoGrow":"Disabled"},"network":{"publicNetworkAccess":"Disabled"},"privateEndpointConnections":[],"dataEncryption":{"type":"SystemManaged"},"authConfig":{"activeDirectoryAuth":"Disabled","passwordAuth":"Enabled"},"fullyQualifiedDomainName":"azuredbclitest-000002.postgres.database.azure.com","version":"17","minorVersion":"7","administratorLogin":"dbadmin","state":"Ready","availabilityZone":"3","backup":{"backupRetentionDays":7,"geoRedundantBackup":"Disabled"},"highAvailability":{"mode":"ZoneRedundant","state":"Healthy","standbyAvailabilityZone":"1"},"maintenanceWindow":{"customWindow":"Disabled","dayOfWeek":0,"startHour":0,"startMinute":0},"replicationRole":"Primary","replicaCapacity":10},"location":"Canada
        Central","tags":{"keys":"3"},"id":"/subscriptions/00000000-0000-0000-0000-000000000000/resourceGroups/random_rg000004/providers/Microsoft.DBforPostgreSQL/flexibleServers/azuredbclitest-000002","name":"azuredbclitest-000002","type":"Microsoft.DBforPostgreSQL/flexibleServers"}'
    headers:
      cache-control:
      - no-cache
      content-length:
      - '1232'
      content-type:
      - application/json; charset=utf-8
      date:
      - Mon, 08 Dec 2025 19:48:24 GMT
      expires:
      - '-1'
      pragma:
      - no-cache
      strict-transport-security:
      - max-age=31536000; includeSubDomains
      x-cache:
      - CONFIG_NOCACHE
      x-content-type-options:
      - nosniff
      x-ms-ratelimit-remaining-subscription-global-reads:
      - '16499'
      x-msedge-ref:
      - 'Ref A: 3FA83A0BC1004FBCB5F221B616A2724F Ref B: BL2AA2011006040 Ref C: 2025-12-08T19:48:25Z'
    status:
      code: 200
      message: OK
version: 1
